12-31 11:39:06.517 32480 32480 D ItemsScreen: text focus for 063f8fa7-c2e0-4c0f-8952-c5fe617b0b87 = false
12-31 11:39:06.519 32480 32480 D ItemsScreen: row focus for 063f8fa7-c2e0-4c0f-8952-c5fe617b0b87 = false
12-31 11:39:06.519 32480 32480 D ItemsScreen: card focus for 063f8fa7-c2e0-4c0f-8952-c5fe617b0b87 = false
12-31 11:39:06.544 32480 32480 D ItemsScreen: rendering item row id=6ff0b91d-693f-47bf-936c-3f67955b3c9c text='cafe'
12-31 11:39:06.585 32480 32480 D ItemsScreen: text focus for 6ff0b91d-693f-47bf-936c-3f67955b3c9c = false
12-31 11:39:06.587 32480 32480 D ItemsScreen: row focus for 6ff0b91d-693f-47bf-936c-3f67955b3c9c = false
12-31 11:39:06.588 32480 32480 D ItemsScreen: card focus for 6ff0b91d-693f-47bf-936c-3f67955b3c9c = false
12-31 11:39:06.613 32480 32480 D ItemsScreen: rendering item row id=4bb1e209-f87b-44ec-9b3c-8e841c00b024 text='harina pan'
12-31 11:39:06.652 32480 32480 D ItemsScreen: text focus for 4bb1e209-f87b-44ec-9b3c-8e841c00b024 = false
12-31 11:39:06.654 32480 32480 D ItemsScreen: row focus for 4bb1e209-f87b-44ec-9b3c-8e841c00b024 = false
12-31 11:39:06.655 32480 32480 D ItemsScreen: card focus for 4bb1e209-f87b-44ec-9b3c-8e841c00b024 = false
12-31 11:39:06.935   482  1083 D GNSSMGT : watchdog: PowerState[CP SLEEP], gps_flag[3], readcount[1684], idle time = 0, HeartCount = 0
12-31 11:39:06.938 32480 32480 D ItemsScreen: rendering item row id=063f8fa7-c2e0-4c0f-8952-c5fe617b0b87 text='chia'
12-31 11:39:06.979 32480 32480 D ItemsScreen: text focus for 063f8fa7-c2e0-4c0f-8952-c5fe617b0b87 = false
12-31 11:39:06.980 32480 32480 D ItemsScreen: row focus for 063f8fa7-c2e0-4c0f-8952-c5fe617b0b87 = false
12-31 11:39:06.981 32480 32480 D ItemsScreen: card focus for 063f8fa7-c2e0-4c0f-8952-c5fe617b0b87 = false
12-31 11:39:07.009 32480 32480 D ItemsScreen: rendering item row id=6ff0b91d-693f-47bf-936c-3f67955b3c9c text='cafe'
12-31 11:39:07.047 32480 32480 D ItemsScreen: text focus for 6ff0b91d-693f-47bf-936c-3f67955b3c9c = false
12-31 11:39:07.049 32480 32480 D ItemsScreen: row focus for 6ff0b91d-693f-47bf-936c-3f67955b3c9c = false
12-31 11:39:07.050 32480 32480 D ItemsScreen: card focus for 6ff0b91d-693f-47bf-936c-3f67955b3c9c = false
12-31 11:39:07.078 32480 32480 D ItemsScreen: rendering item row id=4bb1e209-f87b-44ec-9b3c-8e841c00b024 text='harina pan'
12-31 11:39:07.113 32480 32480 D ItemsScreen: text focus for 4bb1e209-f87b-44ec-9b3c-8e841c00b024 = false
12-31 11:39:07.114 32480 32480 D ItemsScreen: row focus for 4bb1e209-f87b-44ec-9b3c-8e841c00b024 = false
12-31 11:39:07.114 32480 32480 D ItemsScreen: card focus for 4bb1e209-f87b-44ec-9b3c-8e841c00b024 = false
12-31 11:39:07.370 32480 32480 D ItemsScreen: rendering item row id=063f8fa7-c2e0-4c0f-8952-c5fe617b0b87 text='chia'
12-31 11:39:07.402 32480 32480 D ItemsScreen: text focus for 063f8fa7-c2e0-4c0f-8952-c5fe617b0b87 = false
12-31 11:39:07.403 32480 32480 D ItemsScreen: row focus for 063f8fa7-c2e0-4c0f-8952-c5fe617b0b87 = false
12-31 11:39:07.403 32480 32480 D ItemsScreen: card focus for 063f8fa7-c2e0-4c0f-8952-c5fe617b0b87 = false
12-31 11:39:07.427 32480 32480 D ItemsScreen: rendering item row id=6ff0b91d-693f-47bf-936c-3f67955b3c9c text='cafe'
12-31 11:39:07.456 32480 32480 D ItemsScreen: text focus for 6ff0b91d-693f-47bf-936c-3f67955b3c9c = false
12-31 11:39:07.457 32480 32480 D ItemsScreen: row focus for 6ff0b91d-693f-47bf-936c-3f67955b3c9c = false
12-31 11:39:07.458 32480 32480 D ItemsScreen: card focus for 6ff0b91d-693f-47bf-936c-3f67955b3c9c = false
12-31 11:39:07.483 32480 32480 D ItemsScreen: rendering item row id=4bb1e209-f87b-44ec-9b3c-8e841c00b024 text='harina pan'
12-31 11:39:07.513 32480 32480 D ItemsScreen: text focus for 4bb1e209-f87b-44ec-9b3c-8e841c00b024 = false
12-31 11:39:07.514 32480 32480 D ItemsScreen: row focus for 4bb1e209-f87b-44ec-9b3c-8e841c00b024 = false
12-31 11:39:07.514 32480 32480 D ItemsScreen: card focus for 4bb1e209-f87b-44ec-9b3c-8e841c00b024 = false
12-31 11:39:07.752 32480 32480 D ItemsScreen: rendering item row id=063f8fa7-c2e0-4c0f-8952-c5fe617b0b87 text='chia'
12-31 11:39:07.779 32480 32480 D ItemsScreen: text focus for 063f8fa7-c2e0-4c0f-8952-c5fe617b0b87 = false
12-31 11:39:07.780 32480 32480 D ItemsScreen: row focus for 063f8fa7-c2e0-4c0f-8952-c5fe617b0b87 = false
12-31 11:39:07.781 32480 32480 D ItemsScreen: card focus for 063f8fa7-c2e0-4c0f-8952-c5fe617b0b87 = false
12-31 11:39:07.800 32480 32480 D ItemsScreen: rendering item row id=6ff0b91d-693f-47bf-936c-3f67955b3c9c text='cafe'
12-31 11:39:07.822 32480 32480 D ItemsScreen: text focus for 6ff0b91d-693f-47bf-936c-3f67955b3c9c = false
12-31 11:39:07.823 32480 32480 D ItemsScreen: row focus for 6ff0b91d-693f-47bf-936c-3f67955b3c9c = false
12-31 11:39:07.823 32480 32480 D ItemsScreen: card focus for 6ff0b91d-693f-47bf-936c-3f67955b3c9c = false
12-31 11:39:07.842 32480 32480 D ItemsScreen: rendering item row id=4bb1e209-f87b-44ec-9b3c-8e841c00b024 text='harina pan'
12-31 11:39:07.866 32480 32480 D ItemsScreen: text focus for 4bb1e209-f87b-44ec-9b3c-8e841c00b024 = false
12-31 11:39:07.867 32480 32480 D ItemsScreen: row focus for 4bb1e209-f87b-44ec-9b3c-8e841c00b024 = false
12-31 11:39:07.867 32480 32480 D ItemsScreen: card focus for 4bb1e209-f87b-44ec-9b3c-8e841c00b024 = false
12-31 11:39:08.061 32541 32541 D ip_monitor-438: 192.168.19.1 dev wlan0 lladdr c4:41:1e:37:37:30 STALE
12-31 11:39:08.082 32480 32480 D ItemsScreen: rendering item row id=063f8fa7-c2e0-4c0f-8952-c5fe617b0b87 text='chia'
12-31 11:39:08.106 32480 32480 D ItemsScreen: text focus for 063f8fa7-c2e0-4c0f-8952-c5fe617b0b87 = false
12-31 11:39:08.107 32480 32480 D ItemsScreen: row focus for 063f8fa7-c2e0-4c0f-8952-c5fe617b0b87 = false
12-31 11:39:08.107 32480 32480 D ItemsScreen: card focus for 063f8fa7-c2e0-4c0f-8952-c5fe617b0b87 = false
12-31 11:39:08.125 32480 32480 D ItemsScreen: rendering item row id=6ff0b91d-693f-47bf-936c-3f67955b3c9c text='cafe'
12-31 11:39:08.148 32480 32480 D ItemsScreen: text focus for 6ff0b91d-693f-47bf-936c-3f67955b3c9c = false
12-31 11:39:08.149 32480 32480 D ItemsScreen: row focus for 6ff0b91d-693f-47bf-936c-3f67955b3c9c = false
12-31 11:39:08.149 32480 32480 D ItemsScreen: card focus for 6ff0b91d-693f-47bf-936c-3f67955b3c9c = false
12-31 11:39:08.167 32480 32480 D ItemsScreen: rendering item row id=4bb1e209-f87b-44ec-9b3c-8e841c00b024 text='harina pan'
12-31 11:39:08.189 32480 32480 D ItemsScreen: text focus for 4bb1e209-f87b-44ec-9b3c-8e841c00b024 = false
12-31 11:39:08.190 32480 32480 D ItemsScreen: row focus for 4bb1e209-f87b-44ec-9b3c-8e841c00b024 = false
12-31 11:39:08.190 32480 32480 D ItemsScreen: card focus for 4bb1e209-f87b-44ec-9b3c-8e841c00b024 = false
12-31 11:39:08.368 32480 32542 D ProfileInstaller: Installing profile for com.example.smartlist
12-31 11:39:08.403 32480 32480 D ItemsScreen: rendering item row id=063f8fa7-c2e0-4c0f-8952-c5fe617b0b87 text='chia'
12-31 11:39:08.423 32480 32480 D ItemsScreen: text focus for 063f8fa7-c2e0-4c0f-8952-c5fe617b0b87 = false
12-31 11:39:08.425 32480 32480 D ItemsScreen: row focus for 063f8fa7-c2e0-4c0f-8952-c5fe617b0b87 = false
12-31 11:39:08.425 32480 32480 D ItemsScreen: card focus for 063f8fa7-c2e0-4c0f-8952-c5fe617b0b87 = false
12-31 11:39:08.444 32480 32480 D ItemsScreen: rendering item row id=6ff0b91d-693f-47bf-936c-3f67955b3c9c text='cafe'
12-31 11:39:08.467 32480 32480 D ItemsScreen: text focus for 6ff0b91d-693f-47bf-936c-3f67955b3c9c = false
12-31 11:39:08.468 32480 32480 D ItemsScreen: row focus for 6ff0b91d-693f-47bf-936c-3f67955b3c9c = false
12-31 11:39:08.468 32480 32480 D ItemsScreen: card focus for 6ff0b91d-693f-47bf-936c-3f67955b3c9c = false
12-31 11:39:08.485 32480 32480 D ItemsScreen: rendering item row id=4bb1e209-f87b-44ec-9b3c-8e841c00b024 text='harina pan'
12-31 11:39:08.507 32480 32480 D ItemsScreen: text focus for 4bb1e209-f87b-44ec-9b3c-8e841c00b024 = false
12-31 11:39:08.508 32480 32480 D ItemsScreen: row focus for 4bb1e209-f87b-44ec-9b3c-8e841c00b024 = false
12-31 11:39:08.509 32480 32480 D ItemsScreen: card focus for 4bb1e209-f87b-44ec-9b3c-8e841c00b024 = false
12-31 11:39:08.681   734   889 D WifiNetworkMonitor: EVENT_WIFI_RSSI_CHANGED
12-31 11:39:08.681   734   889 E WifiNetworkMonitor: Not any Obervers!!!
12-31 11:39:08.681   734   890 D WifiRssiLinkSpeedAndFrequencyMonitor: EVENT_WIFI_RSSI_LINKSPEED_FREQUENCY_CHANGED
12-31 11:39:08.681   734   890 D WifiRssiLinkSpeedAndFrequencyMonitor: Not any Obervers!!!
12-31 11:39:08.688   972   972 E PANCHENG: mWifiVisible true
12-31 11:39:08.688   972   972 D StatusBarSignalPolicy: updateWifiIconWithState state : WifiIconState(resId=17302851, visible=true)
12-31 11:39:08.718 32480 32480 D ItemsScreen: rendering item row id=063f8fa7-c2e0-4c0f-8952-c5fe617b0b87 text='chia'
12-31 11:39:08.738 32480 32480 D ItemsScreen: text focus for 063f8fa7-c2e0-4c0f-8952-c5fe617b0b87 = false
12-31 11:39:08.739 32480 32480 D ItemsScreen: row focus for 063f8fa7-c2e0-4c0f-8952-c5fe617b0b87 = false
12-31 11:39:08.740 32480 32480 D ItemsScreen: card focus for 063f8fa7-c2e0-4c0f-8952-c5fe617b0b87 = false
12-31 11:39:08.755 32480 32480 D ItemsScreen: rendering item row id=6ff0b91d-693f-47bf-936c-3f67955b3c9c text='cafe'
12-31 11:39:08.777 32480 32480 D ItemsScreen: text focus for 6ff0b91d-693f-47bf-936c-3f67955b3c9c = false
12-31 11:39:08.778 32480 32480 D ItemsScreen: row focus for 6ff0b91d-693f-47bf-936c-3f67955b3c9c = false
12-31 11:39:08.778 32480 32480 D ItemsScreen: card focus for 6ff0b91d-693f-47bf-936c-3f67955b3c9c = false
12-31 11:39:08.796 32480 32480 D ItemsScreen: rendering item row id=4bb1e209-f87b-44ec-9b3c-8e841c00b024 text='harina pan'
12-31 11:39:08.829 32480 32480 D ItemsScreen: text focus for 4bb1e209-f87b-44ec-9b3c-8e841c00b024 = false
12-31 11:39:08.831 32480 32480 D ItemsScreen: row focus for 4bb1e209-f87b-44ec-9b3c-8e841c00b024 = false
12-31 11:39:08.831 32480 32480 D ItemsScreen: card focus for 4bb1e209-f87b-44ec-9b3c-8e841c00b024 = false
12-31 11:39:08.935   482  1083 D GNSSMGT : watchdog: PowerState[CP SLEEP], gps_flag[3], readcount[1684], idle time = 0, HeartCount = 0
12-31 11:39:09.032 32480 32480 D ItemsScreen: rendering item row id=063f8fa7-c2e0-4c0f-8952-c5fe617b0b87 text='chia'
12-31 11:39:09.056 32480 32480 D ItemsScreen: text focus for 063f8fa7-c2e0-4c0f-8952-c5fe617b0b87 = false
12-31 11:39:09.057 32480 32480 D ItemsScreen: row focus for 063f8fa7-c2e0-4c0f-8952-c5fe617b0b87 = false
12-31 11:39:09.057 32480 32480 D ItemsScreen: card focus for 063f8fa7-c2e0-4c0f-8952-c5fe617b0b87 = false
12-31 11:39:09.077 32480 32480 D ItemsScreen: rendering item row id=6ff0b91d-693f-47bf-936c-3f67955b3c9c text='cafe'
12-31 11:39:09.098 32480 32480 D ItemsScreen: text focus for 6ff0b91d-693f-47bf-936c-3f67955b3c9c = false
12-31 11:39:09.098 32480 32480 D ItemsScreen: row focus for 6ff0b91d-693f-47bf-936c-3f67955b3c9c = false
12-31 11:39:09.099 32480 32480 D ItemsScreen: card focus for 6ff0b91d-693f-47bf-936c-3f67955b3c9c = false
12-31 11:39:09.114 32480 32480 D ItemsScreen: rendering item row id=4bb1e209-f87b-44ec-9b3c-8e841c00b024 text='harina pan'
12-31 11:39:09.134 32480 32480 D ItemsScreen: text focus for 4bb1e209-f87b-44ec-9b3c-8e841c00b024 = false
12-31 11:39:09.135 32480 32480 D ItemsScreen: row focus for 4bb1e209-f87b-44ec-9b3c-8e841c00b024 = false
12-31 11:39:09.135 32480 32480 D ItemsScreen: card focus for 4bb1e209-f87b-44ec-9b3c-8e841c00b024 = false
12-31 11:39:09.329 32480 32480 D ItemsScreen: rendering item row id=063f8fa7-c2e0-4c0f-8952-c5fe617b0b87 text='chia'
12-31 11:39:09.347 32480 32480 D ItemsScreen: text focus for 063f8fa7-c2e0-4c0f-8952-c5fe617b0b87 = false
12-31 11:39:09.348 32480 32480 D ItemsScreen: row focus for 063f8fa7-c2e0-4c0f-8952-c5fe617b0b87 = false
12-31 11:39:09.348 32480 32480 D ItemsScreen: card focus for 063f8fa7-c2e0-4c0f-8952-c5fe617b0b87 = false
12-31 11:39:09.362 32480 32480 D ItemsScreen: rendering item row id=6ff0b91d-693f-47bf-936c-3f67955b3c9c text='cafe'
12-31 11:39:09.382 32480 32480 D ItemsScreen: text focus for 6ff0b91d-693f-47bf-936c-3f67955b3c9c = false
12-31 11:39:09.383 32480 32480 D ItemsScreen: row focus for 6ff0b91d-693f-47bf-936c-3f67955b3c9c = false
12-31 11:39:09.383 32480 32480 D ItemsScreen: card focus for 6ff0b91d-693f-47bf-936c-3f67955b3c9c = false
12-31 11:39:09.398 32480 32480 D ItemsScreen: rendering item row id=4bb1e209-f87b-44ec-9b3c-8e841c00b024 text='harina pan'
12-31 11:39:09.424 32480 32480 D ItemsScreen: text focus for 4bb1e209-f87b-44ec-9b3c-8e841c00b024 = false
12-31 11:39:09.425 32480 32480 D ItemsScreen: row focus for 4bb1e209-f87b-44ec-9b3c-8e841c00b024 = false
12-31 11:39:09.425 32480 32480 D ItemsScreen: card focus for 4bb1e209-f87b-44ec-9b3c-8e841c00b024 = false
12-31 11:39:09.617 32480 32480 D ItemsScreen: rendering item row id=063f8fa7-c2e0-4c0f-8952-c5fe617b0b87 text='chia'
12-31 11:39:09.640 32480 32480 D ItemsScreen: text focus for 063f8fa7-c2e0-4c0f-8952-c5fe617b0b87 = false
12-31 11:39:09.641 32480 32480 D ItemsScreen: row focus for 063f8fa7-c2e0-4c0f-8952-c5fe617b0b87 = false
12-31 11:39:09.641 32480 32480 D ItemsScreen: card focus for 063f8fa7-c2e0-4c0f-8952-c5fe617b0b87 = false
12-31 11:39:09.656 32480 32480 D ItemsScreen: rendering item row id=6ff0b91d-693f-47bf-936c-3f67955b3c9c text='cafe'
12-31 11:39:09.663 32543 32543 D ip_monitor-438: fe80::c641:1eff:fe37:3730 dev wlan0 lladdr c4:41:1e:37:37:30 router PROBE
12-31 11:39:09.678 32480 32480 D ItemsScreen: text focus for 6ff0b91d-693f-47bf-936c-3f67955b3c9c = false
12-31 11:39:09.680 32480 32480 D ItemsScreen: row focus for 6ff0b91d-693f-47bf-936c-3f67955b3c9c = false
12-31 11:39:09.680 32480 32480 D ItemsScreen: card focus for 6ff0b91d-693f-47bf-936c-3f67955b3c9c = false
12-31 11:39:09.700 32480 32480 D ItemsScreen: rendering item row id=4bb1e209-f87b-44ec-9b3c-8e841c00b024 text='harina pan'
12-31 11:39:09.723 32480 32480 D ItemsScreen: text focus for 4bb1e209-f87b-44ec-9b3c-8e841c00b024 = false
12-31 11:39:09.724 32480 32480 D ItemsScreen: row focus for 4bb1e209-f87b-44ec-9b3c-8e841c00b024 = false
12-31 11:39:09.724 32480 32480 D ItemsScreen: card focus for 4bb1e209-f87b-44ec-9b3c-8e841c00b024 = false
12-31 11:39:09.899 32480 32480 D ItemsScreen: rendering item row id=063f8fa7-c2e0-4c0f-8952-c5fe617b0b87 text='chia'
12-31 11:39:09.918 32480 32480 D ItemsScreen: text focus for 063f8fa7-c2e0-4c0f-8952-c5fe617b0b87 = false
12-31 11:39:09.919 32480 32480 D ItemsScreen: row focus for 063f8fa7-c2e0-4c0f-8952-c5fe617b0b87 = false
12-31 11:39:09.919 32480 32480 D ItemsScreen: card focus for 063f8fa7-c2e0-4c0f-8952-c5fe617b0b87 = false
12-31 11:39:09.934 32480 32480 D ItemsScreen: rendering item row id=6ff0b91d-693f-47bf-936c-3f67955b3c9c text='cafe'
12-31 11:39:09.947 32544 32544 D ip_monitor-438: fe80::c641:1eff:fe37:3730 dev wlan0 lladdr c4:41:1e:37:37:30 router REACHABLE
12-31 11:39:09.950 32480 32480 D ItemsScreen: text focus for 6ff0b91d-693f-47bf-936c-3f67955b3c9c = false
12-31 11:39:09.950 32480 32480 D ItemsScreen: row focus for 6ff0b91d-693f-47bf-936c-3f67955b3c9c = false
12-31 11:39:09.951 32480 32480 D ItemsScreen: card focus for 6ff0b91d-693f-47bf-936c-3f67955b3c9c = false
12-31 11:39:09.964 32480 32480 D ItemsScreen: rendering item row id=4bb1e209-f87b-44ec-9b3c-8e841c00b024 text='harina pan'
12-31 11:39:09.984 32480 32480 D ItemsScreen: text focus for 4bb1e209-f87b-44ec-9b3c-8e841c00b024 = false
12-31 11:39:09.984 32480 32480 D ItemsScreen: row focus for 4bb1e209-f87b-44ec-9b3c-8e841c00b024 = false
12-31 11:39:09.985 32480 32480 D ItemsScreen: card focus for 4bb1e209-f87b-44ec-9b3c-8e841c00b024 = false
12-31 11:39:10.146 32480 32480 D ItemsScreen: rendering item row id=063f8fa7-c2e0-4c0f-8952-c5fe617b0b87 text='chia'
12-31 11:39:10.164 32480 32480 D ItemsScreen: text focus for 063f8fa7-c2e0-4c0f-8952-c5fe617b0b87 = false
12-31 11:39:10.165 32480 32480 D ItemsScreen: row focus for 063f8fa7-c2e0-4c0f-8952-c5fe617b0b87 = false
12-31 11:39:10.165 32480 32480 D ItemsScreen: card focus for 063f8fa7-c2e0-4c0f-8952-c5fe617b0b87 = false
12-31 11:39:10.178 32480 32480 D ItemsScreen: rendering item row id=6ff0b91d-693f-47bf-936c-3f67955b3c9c text='cafe'
12-31 11:39:10.195 32480 32480 D ItemsScreen: text focus for 6ff0b91d-693f-47bf-936c-3f67955b3c9c = false
12-31 11:39:10.196 32480 32480 D ItemsScreen: row focus for 6ff0b91d-693f-47bf-936c-3f67955b3c9c = false
12-31 11:39:10.196 32480 32480 D ItemsScreen: card focus for 6ff0b91d-693f-47bf-936c-3f67955b3c9c = false
12-31 11:39:10.209 32480 32480 D ItemsScreen: rendering item row id=4bb1e209-f87b-44ec-9b3c-8e841c00b024 text='harina pan'
12-31 11:39:10.225 32480 32480 D ItemsScreen: text focus for 4bb1e209-f87b-44ec-9b3c-8e841c00b024 = false
12-31 11:39:10.226 32480 32480 D ItemsScreen: row focus for 4bb1e209-f87b-44ec-9b3c-8e841c00b024 = false
12-31 11:39:10.226 32480 32480 D ItemsScreen: card focus for 4bb1e209-f87b-44ec-9b3c-8e841c00b024 = false
12-31 11:39:10.400 32480 32480 D ItemsScreen: rendering item row id=063f8fa7-c2e0-4c0f-8952-c5fe617b0b87 text='chia'
12-31 11:39:10.420 32480 32480 D ItemsScreen: text focus for 063f8fa7-c2e0-4c0f-8952-c5fe617b0b87 = false
12-31 11:39:10.421 32480 32480 D ItemsScreen: row focus for 063f8fa7-c2e0-4c0f-8952-c5fe617b0b87 = false
12-31 11:39:10.421 32480 32480 D ItemsScreen: card focus for 063f8fa7-c2e0-4c0f-8952-c5fe617b0b87 = false
12-31 11:39:10.436 32480 32480 D ItemsScreen: rendering item row id=6ff0b91d-693f-47bf-936c-3f67955b3c9c text='cafe'
12-31 11:39:10.456 32480 32480 D ItemsScreen: text focus for 6ff0b91d-693f-47bf-936c-3f67955b3c9c = false
12-31 11:39:10.457 32480 32480 D ItemsScreen: row focus for 6ff0b91d-693f-47bf-936c-3f67955b3c9c = false
12-31 11:39:10.457 32480 32480 D ItemsScreen: card focus for 6ff0b91d-693f-47bf-936c-3f67955b3c9c = false
12-31 11:39:10.472 32480 32480 D ItemsScreen: rendering item row id=4bb1e209-f87b-44ec-9b3c-8e841c00b024 text='harina pan'
12-31 11:39:10.488 32480 32480 D ItemsScreen: text focus for 4bb1e209-f87b-44ec-9b3c-8e841c00b024 = false
12-31 11:39:10.489 32480 32480 D ItemsScreen: row focus for 4bb1e209-f87b-44ec-9b3c-8e841c00b024 = false
12-31 11:39:10.489 32480 32480 D ItemsScreen: card focus for 4bb1e209-f87b-44ec-9b3c-8e841c00b024 = false
12-31 11:39:10.645 32480 32480 D ItemsScreen: rendering item row id=063f8fa7-c2e0-4c0f-8952-c5fe617b0b87 text='chia'
12-31 11:39:10.663 32480 32480 D ItemsScreen: text focus for 063f8fa7-c2e0-4c0f-8952-c5fe617b0b87 = false
12-31 11:39:10.664 32480 32480 D ItemsScreen: row focus for 063f8fa7-c2e0-4c0f-8952-c5fe617b0b87 = false
12-31 11:39:10.664 32480 32480 D ItemsScreen: card focus for 063f8fa7-c2e0-4c0f-8952-c5fe617b0b87 = false
12-31 11:39:10.679 32480 32480 D ItemsScreen: rendering item row id=6ff0b91d-693f-47bf-936c-3f67955b3c9c text='cafe'
12-31 11:39:10.697 32480 32480 D ItemsScreen: text focus for 6ff0b91d-693f-47bf-936c-3f67955b3c9c = false
12-31 11:39:10.698 32480 32480 D ItemsScreen: row focus for 6ff0b91d-693f-47bf-936c-3f67955b3c9c = false
12-31 11:39:10.698 32480 32480 D ItemsScreen: card focus for 6ff0b91d-693f-47bf-936c-3f67955b3c9c = false
12-31 11:39:10.712 32480 32480 D ItemsScreen: rendering item row id=4bb1e209-f87b-44ec-9b3c-8e841c00b024 text='harina pan'
12-31 11:39:10.727 32480 32480 D ItemsScreen: text focus for 4bb1e209-f87b-44ec-9b3c-8e841c00b024 = false
12-31 11:39:10.728 32480 32480 D ItemsScreen: row focus for 4bb1e209-f87b-44ec-9b3c-8e841c00b024 = false
12-31 11:39:10.728 32480 32480 D ItemsScreen: card focus for 4bb1e209-f87b-44ec-9b3c-8e841c00b024 = false
12-31 11:39:10.879 32480 32480 D ItemsScreen: rendering item row id=063f8fa7-c2e0-4c0f-8952-c5fe617b0b87 text='chia'
12-31 11:39:10.896 32480 32480 D ItemsScreen: text focus for 063f8fa7-c2e0-4c0f-8952-c5fe617b0b87 = false
12-31 11:39:10.896 32480 32480 D ItemsScreen: row focus for 063f8fa7-c2e0-4c0f-8952-c5fe617b0b87 = false
12-31 11:39:10.897 32480 32480 D ItemsScreen: card focus for 063f8fa7-c2e0-4c0f-8952-c5fe617b0b87 = false
12-31 11:39:10.912 32480 32480 D ItemsScreen: rendering item row id=6ff0b91d-693f-47bf-936c-3f67955b3c9c text='cafe'
12-31 11:39:10.926 32480 32480 D ItemsScreen: text focus for 6ff0b91d-693f-47bf-936c-3f67955b3c9c = false
12-31 11:39:10.927 32480 32480 D ItemsScreen: row focus for 6ff0b91d-693f-47bf-936c-3f67955b3c9c = false
12-31 11:39:10.927 32480 32480 D ItemsScreen: card focus for 6ff0b91d-693f-47bf-936c-3f67955b3c9c = false
12-31 11:39:10.935   482  1083 D GNSSMGT : watchdog: PowerState[CP SLEEP], gps_flag[3], readcount[1684], idle time = 0, HeartCount = 0
12-31 11:39:10.940 32480 32480 D ItemsScreen: rendering item row id=4bb1e209-f87b-44ec-9b3c-8e841c00b024 text='harina pan'
12-31 11:39:10.955 32480 32480 D ItemsScreen: text focus for 4bb1e209-f87b-44ec-9b3c-8e841c00b024 = false
12-31 11:39:10.956 32480 32480 D ItemsScreen: row focus for 4bb1e209-f87b-44ec-9b3c-8e841c00b024 = false
12-31 11:39:10.956 32480 32480 D ItemsScreen: card focus for 4bb1e209-f87b-44ec-9b3c-8e841c00b024 = false
12-31 11:39:11.096 32480 32480 D ItemsScreen: rendering item row id=063f8fa7-c2e0-4c0f-8952-c5fe617b0b87 text='chia'
12-31 11:39:11.108 32480 32480 D ItemsScreen: text focus for 063f8fa7-c2e0-4c0f-8952-c5fe617b0b87 = false
12-31 11:39:11.108 32480 32480 D ItemsScreen: row focus for 063f8fa7-c2e0-4c0f-8952-c5fe617b0b87 = false
12-31 11:39:11.108 32480 32480 D ItemsScreen: card focus for 063f8fa7-c2e0-4c0f-8952-c5fe617b0b87 = false
12-31 11:39:11.121 32480 32480 D ItemsScreen: rendering item row id=6ff0b91d-693f-47bf-936c-3f67955b3c9c text='cafe'
12-31 11:39:11.136 32480 32480 D ItemsScreen: text focus for 6ff0b91d-693f-47bf-936c-3f67955b3c9c = false
12-31 11:39:11.137 32480 32480 D ItemsScreen: row focus for 6ff0b91d-693f-47bf-936c-3f67955b3c9c = false
12-31 11:39:11.137 32480 32480 D ItemsScreen: card focus for 6ff0b91d-693f-47bf-936c-3f67955b3c9c = false
12-31 11:39:11.149 32480 32480 D ItemsScreen: rendering item row id=4bb1e209-f87b-44ec-9b3c-8e841c00b024 text='harina pan'
12-31 11:39:11.164 32480 32480 D ItemsScreen: text focus for 4bb1e209-f87b-44ec-9b3c-8e841c00b024 = false
12-31 11:39:11.165 32480 32480 D ItemsScreen: row focus for 4bb1e209-f87b-44ec-9b3c-8e841c00b024 = false
12-31 11:39:11.165 32480 32480 D ItemsScreen: card focus for 4bb1e209-f87b-44ec-9b3c-8e841c00b024 = false
12-31 11:39:11.282   504   546 D WCND    : is_cp2_alive_ok: open polling interface: /proc/mdbg/loopcheck, fd = 13
12-31 11:39:11.295 32480 32480 D ItemsScreen: rendering item row id=063f8fa7-c2e0-4c0f-8952-c5fe617b0b87 text='chia'
12-31 11:39:11.309 32480 32480 D ItemsScreen: text focus for 063f8fa7-c2e0-4c0f-8952-c5fe617b0b87 = false
12-31 11:39:11.310 32480 32480 D ItemsScreen: row focus for 063f8fa7-c2e0-4c0f-8952-c5fe617b0b87 = false
12-31 11:39:11.310 32480 32480 D ItemsScreen: card focus for 063f8fa7-c2e0-4c0f-8952-c5fe617b0b87 = false
12-31 11:39:11.323 32480 32480 D ItemsScreen: rendering item row id=6ff0b91d-693f-47bf-936c-3f67955b3c9c text='cafe'
12-31 11:39:11.337 32480 32480 D ItemsScreen: text focus for 6ff0b91d-693f-47bf-936c-3f67955b3c9c = false
12-31 11:39:11.337 32480 32480 D ItemsScreen: row focus for 6ff0b91d-693f-47bf-936c-3f67955b3c9c = false
12-31 11:39:11.337 32480 32480 D ItemsScreen: card focus for 6ff0b91d-693f-47bf-936c-3f67955b3c9c = false
12-31 11:39:11.351 32480 32480 D ItemsScreen: rendering item row id=4bb1e209-f87b-44ec-9b3c-8e841c00b024 text='harina pan'
12-31 11:39:11.364 32480 32480 D ItemsScreen: text focus for 4bb1e209-f87b-44ec-9b3c-8e841c00b024 = false
12-31 11:39:11.364 32480 32480 D ItemsScreen: row focus for 4bb1e209-f87b-44ec-9b3c-8e841c00b024 = false
12-31 11:39:11.365 32480 32480 D ItemsScreen: card focus for 4bb1e209-f87b-44ec-9b3c-8e841c00b024 = false
12-31 11:39:11.382   504   546 D WCND    : is_cp2_alive_ok: loop: /proc/mdbg/loopcheck is OK
12-31 11:39:11.494 32480 32480 D ItemsScreen: rendering item row id=063f8fa7-c2e0-4c0f-8952-c5fe617b0b87 text='chia'
12-31 11:39:11.507 32480 32480 D ItemsScreen: text focus for 063f8fa7-c2e0-4c0f-8952-c5fe617b0b87 = false
12-31 11:39:11.508 32480 32480 D ItemsScreen: row focus for 063f8fa7-c2e0-4c0f-8952-c5fe617b0b87 = false
12-31 11:39:11.508 32480 32480 D ItemsScreen: card focus for 063f8fa7-c2e0-4c0f-8952-c5fe617b0b87 = false
12-31 11:39:11.520 32480 32480 D ItemsScreen: rendering item row id=6ff0b91d-693f-47bf-936c-3f67955b3c9c text='cafe'
12-31 11:39:11.532 32480 32480 D ItemsScreen: text focus for 6ff0b91d-693f-47bf-936c-3f67955b3c9c = false
12-31 11:39:11.532 32480 32480 D ItemsScreen: row focus for 6ff0b91d-693f-47bf-936c-3f67955b3c9c = false
12-31 11:39:11.533 32480 32480 D ItemsScreen: card focus for 6ff0b91d-693f-47bf-936c-3f67955b3c9c = false
12-31 11:39:11.543 32480 32480 D ItemsScreen: rendering item row id=4bb1e209-f87b-44ec-9b3c-8e841c00b024 text='harina pan'
12-31 11:39:11.555 32480 32480 D ItemsScreen: text focus for 4bb1e209-f87b-44ec-9b3c-8e841c00b024 = false
12-31 11:39:11.556 32480 32480 D ItemsScreen: row focus for 4bb1e209-f87b-44ec-9b3c-8e841c00b024 = false
12-31 11:39:11.556 32480 32480 D ItemsScreen: card focus for 4bb1e209-f87b-44ec-9b3c-8e841c00b024 = false
12-31 11:39:11.675 32480 32480 D ItemsScreen: rendering item row id=063f8fa7-c2e0-4c0f-8952-c5fe617b0b87 text='chia'
12-31 11:39:11.689 32480 32480 D ItemsScreen: text focus for 063f8fa7-c2e0-4c0f-8952-c5fe617b0b87 = false
12-31 11:39:11.689 32480 32480 D ItemsScreen: row focus for 063f8fa7-c2e0-4c0f-8952-c5fe617b0b87 = false
12-31 11:39:11.689 32480 32480 D ItemsScreen: card focus for 063f8fa7-c2e0-4c0f-8952-c5fe617b0b87 = false
12-31 11:39:11.701 32480 32480 D ItemsScreen: rendering item row id=6ff0b91d-693f-47bf-936c-3f67955b3c9c text='cafe'
12-31 11:39:11.713 32480 32480 D ItemsScreen: text focus for 6ff0b91d-693f-47bf-936c-3f67955b3c9c = false
12-31 11:39:11.713 32480 32480 D ItemsScreen: row focus for 6ff0b91d-693f-47bf-936c-3f67955b3c9c = false
12-31 11:39:11.713 32480 32480 D ItemsScreen: card focus for 6ff0b91d-693f-47bf-936c-3f67955b3c9c = false
12-31 11:39:11.725 32480 32480 D ItemsScreen: rendering item row id=4bb1e209-f87b-44ec-9b3c-8e841c00b024 text='harina pan'
12-31 11:39:11.737 32480 32480 D ItemsScreen: text focus for 4bb1e209-f87b-44ec-9b3c-8e841c00b024 = false
12-31 11:39:11.738 32480 32480 D ItemsScreen: row focus for 4bb1e209-f87b-44ec-9b3c-8e841c00b024 = false
12-31 11:39:11.738 32480 32480 D ItemsScreen: card focus for 4bb1e209-f87b-44ec-9b3c-8e841c00b024 = false
12-31 11:39:11.793   734   889 D WifiNetworkMonitor: EVENT_WIFI_RSSI_CHANGED
12-31 11:39:11.793   734   890 D WifiRssiLinkSpeedAndFrequencyMonitor: EVENT_WIFI_RSSI_LINKSPEED_FREQUENCY_CHANGED
12-31 11:39:11.793   734   889 E WifiNetworkMonitor: Not any Obervers!!!
12-31 11:39:11.793   734   890 D WifiRssiLinkSpeedAndFrequencyMonitor: Not any Obervers!!!
12-31 11:39:11.802   972   972 E PANCHENG: mWifiVisible true
12-31 11:39:11.802   972   972 D StatusBarSignalPolicy: updateWifiIconWithState state : WifiIconState(resId=17302851, visible=true)
12-31 11:39:11.843 32480 32480 D ItemsScreen: rendering item row id=063f8fa7-c2e0-4c0f-8952-c5fe617b0b87 text='chia'
12-31 11:39:11.855 32480 32480 D ItemsScreen: text focus for 063f8fa7-c2e0-4c0f-8952-c5fe617b0b87 = false
12-31 11:39:11.855 32480 32480 D ItemsScreen: row focus for 063f8fa7-c2e0-4c0f-8952-c5fe617b0b87 = false
12-31 11:39:11.855 32480 32480 D ItemsScreen: card focus for 063f8fa7-c2e0-4c0f-8952-c5fe617b0b87 = false
12-31 11:39:11.865 32480 32480 D ItemsScreen: rendering item row id=6ff0b91d-693f-47bf-936c-3f67955b3c9c text='cafe'
12-31 11:39:11.876 32480 32480 D ItemsScreen: text focus for 6ff0b91d-693f-47bf-936c-3f67955b3c9c = false
12-31 11:39:11.877 32480 32480 D ItemsScreen: row focus for 6ff0b91d-693f-47bf-936c-3f67955b3c9c = false
12-31 11:39:11.877 32480 32480 D ItemsScreen: card focus for 6ff0b91d-693f-47bf-936c-3f67955b3c9c = false
12-31 11:39:11.888 32480 32480 D ItemsScreen: rendering item row id=4bb1e209-f87b-44ec-9b3c-8e841c00b024 text='harina pan'
12-31 11:39:11.901 32480 32480 D ItemsScreen: text focus for 4bb1e209-f87b-44ec-9b3c-8e841c00b024 = false
12-31 11:39:11.902 32480 32480 D ItemsScreen: row focus for 4bb1e209-f87b-44ec-9b3c-8e841c00b024 = false
12-31 11:39:11.902 32480 32480 D ItemsScreen: card focus for 4bb1e209-f87b-44ec-9b3c-8e841c00b024 = false
12-31 11:39:12.009 32480 32480 D ItemsScreen: rendering item row id=063f8fa7-c2e0-4c0f-8952-c5fe617b0b87 text='chia'
12-31 11:39:12.024 32480 32480 D ItemsScreen: text focus for 063f8fa7-c2e0-4c0f-8952-c5fe617b0b87 = false
12-31 11:39:12.025 32480 32480 D ItemsScreen: row focus for 063f8fa7-c2e0-4c0f-8952-c5fe617b0b87 = false
12-31 11:39:12.025 32480 32480 D ItemsScreen: card focus for 063f8fa7-c2e0-4c0f-8952-c5fe617b0b87 = false
12-31 11:39:12.038 32480 32480 D ItemsScreen: rendering item row id=6ff0b91d-693f-47bf-936c-3f67955b3c9c text='cafe'
12-31 11:39:12.052 32480 32480 D ItemsScreen: text focus for 6ff0b91d-693f-47bf-936c-3f67955b3c9c = false
12-31 11:39:12.052 32480 32480 D ItemsScreen: row focus for 6ff0b91d-693f-47bf-936c-3f67955b3c9c = false
12-31 11:39:12.053 32480 32480 D ItemsScreen: card focus for 6ff0b91d-693f-47bf-936c-3f67955b3c9c = false
12-31 11:39:12.063 32480 32480 D ItemsScreen: rendering item row id=4bb1e209-f87b-44ec-9b3c-8e841c00b024 text='harina pan'
12-31 11:39:12.073 32480 32480 D ItemsScreen: text focus for 4bb1e209-f87b-44ec-9b3c-8e841c00b024 = false
12-31 11:39:12.073 32480 32480 D ItemsScreen: row focus for 4bb1e209-f87b-44ec-9b3c-8e841c00b024 = false
12-31 11:39:12.073 32480 32480 D ItemsScreen: card focus for 4bb1e209-f87b-44ec-9b3c-8e841c00b024 = false
12-31 11:39:12.178 32480 32480 D ItemsScreen: rendering item row id=063f8fa7-c2e0-4c0f-8952-c5fe617b0b87 text='chia'
12-31 11:39:12.193 32480 32480 D ItemsScreen: text focus for 063f8fa7-c2e0-4c0f-8952-c5fe617b0b87 = false
12-31 11:39:12.193 32480 32480 D ItemsScreen: row focus for 063f8fa7-c2e0-4c0f-8952-c5fe617b0b87 = false
12-31 11:39:12.193 32480 32480 D ItemsScreen: card focus for 063f8fa7-c2e0-4c0f-8952-c5fe617b0b87 = false
12-31 11:39:12.216 32480 32480 D ItemsScreen: rendering item row id=6ff0b91d-693f-47bf-936c-3f67955b3c9c text='cafe'
12-31 11:39:12.231 32480 32480 D ItemsScreen: text focus for 6ff0b91d-693f-47bf-936c-3f67955b3c9c = false
12-31 11:39:12.232 32480 32480 D ItemsScreen: row focus for 6ff0b91d-693f-47bf-936c-3f67955b3c9c = false
12-31 11:39:12.232 32480 32480 D ItemsScreen: card focus for 6ff0b91d-693f-47bf-936c-3f67955b3c9c = false
12-31 11:39:12.245 32480 32480 D ItemsScreen: rendering item row id=4bb1e209-f87b-44ec-9b3c-8e841c00b024 text='harina pan'
12-31 11:39:12.256 32480 32480 D ItemsScreen: text focus for 4bb1e209-f87b-44ec-9b3c-8e841c00b024 = false
12-31 11:39:12.257 32480 32480 D ItemsScreen: row focus for 4bb1e209-f87b-44ec-9b3c-8e841c00b024 = false
12-31 11:39:12.257 32480 32480 D ItemsScreen: card focus for 4bb1e209-f87b-44ec-9b3c-8e841c00b024 = false
12-31 11:39:12.335   365   440 D sensor  : PlsSensor: default value = 0
12-31 11:39:12.335   365   440 D sensor  : PlsSensor: default value = 40
12-31 11:39:12.335   365   440 D sensor  : PlsSensor: default value = 980
12-31 11:39:12.335   365   440 D sensor  : PlsSensor: default value = 127
12-31 11:39:12.335   365   440 D sensor  : PlsSensor: default value = 1
12-31 11:39:12.335   365   440 E sensor  : Pls_CTPSensor: unknown event (type=1, code=330)
12-31 11:39:12.336   734   867 D InputReader: processEventsLocked: type=3 Count=8 code=57 value=0 deviceId=1
12-31 11:39:12.348   365   440 D sensor  : PlsSensor: default value = 0
12-31 11:39:12.348   365   440 D sensor  : PlsSensor: default value = 40
12-31 11:39:12.348   365   440 D sensor  : PlsSensor: default value = 980
12-31 11:39:12.348   365   440 D sensor  : PlsSensor: default value = 127
12-31 11:39:12.348   365   440 D sensor  : PlsSensor: default value = 1
12-31 11:39:12.355   734   867 D VibratorService: TigoCmasStatus = 0
12-31 11:39:12.362   734   867 D InputReader: processEventsLocked: type=3 Count=7 code=57 value=0 deviceId=1
12-31 11:39:12.362   376   376 D PowerHAL: ###Enter interaction_other scene bgn###
12-31 11:39:12.364   376   376 D PowerHAL: Enter common_set: enable:1, duration: 500, /sys/devices/system/cpu/cpuhotplug/cluster0_core_min_limit: 4
12-31 11:39:12.364   365   440 D sensor  : PlsSensor: default value = 0
12-31 11:39:12.364   365   440 D sensor  : PlsSensor: default value = 40
12-31 11:39:12.364   365   440 D sensor  : PlsSensor: default value = 980
12-31 11:39:12.364   365   440 D sensor  : PlsSensor: default value = 127
12-31 11:39:12.364   365   440 D sensor  : PlsSensor: default value = 1
12-31 11:39:12.365   734   867 D InputReader: processEventsLocked: type=3 Count=7 code=57 value=0 deviceId=1
12-31 11:39:12.365   376   376 D PowerHAL: Enter common_set: enable:1, duration: 500, /sys/devices/system/cpu/cpuhotplug/cluster0_core_max_limit: 4
12-31 11:39:12.366   376   376 D PowerHAL: Enter common_subsys_set: enable:1, duration: 500, subsys:cpufreq: conf_2:5
12-31 11:39:12.366   376   376 D PowerHAL: Enter common_subsys_set_current_config: 
12-31 11:39:12.367   376   376 D PowerHAL: ###Enter interaction_other scene end###
12-31 11:39:12.367   376   376 D PowerHAL: ###Enter interaction_other scene bgn###
12-31 11:39:12.367   376   376 D PowerHAL: Enter common_set: enable:1, duration: 500, /sys/devices/system/cpu/cpuhotplug/cluster0_core_min_limit: 4
12-31 11:39:12.367   376   376 D PowerHAL: Enter common_set: enable:1, duration: 500, /sys/devices/system/cpu/cpuhotplug/cluster0_core_max_limit: 4
12-31 11:39:12.367   376   376 D PowerHAL: Enter common_subsys_set: enable:1, duration: 500, subsys:cpufreq: conf_2:5
12-31 11:39:12.367   376   376 D PowerHAL: ###Enter interaction_other scene end###
12-31 11:39:12.373   365   440 D sensor  : PlsSensor: default value = 0
12-31 11:39:12.373   365   440 D sensor  : PlsSensor: default value = 40
12-31 11:39:12.373   365   440 D sensor  : PlsSensor: default value = 980
12-31 11:39:12.373   365   440 D sensor  : PlsSensor: default value = 127
12-31 11:39:12.373   365   440 D sensor  : PlsSensor: default value = 1
12-31 11:39:12.374   734   867 D InputReader: processEventsLocked: type=3 Count=7 code=57 value=0 deviceId=1
12-31 11:39:12.385   365   440 D sensor  : PlsSensor: default value = 0
12-31 11:39:12.385   365   440 D sensor  : PlsSensor: default value = 40
12-31 11:39:12.385   365   440 D sensor  : PlsSensor: default value = 980
12-31 11:39:12.385   365   440 D sensor  : PlsSensor: default value = 127
12-31 11:39:12.385   365   440 D sensor  : PlsSensor: default value = 1
12-31 11:39:12.386   734   867 D InputReader: processEventsLocked: type=3 Count=7 code=57 value=0 deviceId=1
12-31 11:39:12.392 32480 32480 D ItemsScreen: rendering item row id=063f8fa7-c2e0-4c0f-8952-c5fe617b0b87 text='chia'
12-31 11:39:12.398   365   440 D sensor  : PlsSensor: default value = 0
12-31 11:39:12.398   365   440 D sensor  : PlsSensor: default value = 40
12-31 11:39:12.398   365   440 D sensor  : PlsSensor: default value = 980
12-31 11:39:12.398   365   440 D sensor  : PlsSensor: default value = 127
12-31 11:39:12.398   365   440 D sensor  : PlsSensor: default value = 1
12-31 11:39:12.399   734   867 D InputReader: processEventsLocked: type=3 Count=7 code=57 value=0 deviceId=1
12-31 11:39:12.404 32480 32480 D ItemsScreen: text focus for 063f8fa7-c2e0-4c0f-8952-c5fe617b0b87 = false
12-31 11:39:12.405 32480 32480 D ItemsScreen: row focus for 063f8fa7-c2e0-4c0f-8952-c5fe617b0b87 = false
12-31 11:39:12.405 32480 32480 D ItemsScreen: card focus for 063f8fa7-c2e0-4c0f-8952-c5fe617b0b87 = false
12-31 11:39:12.411   365   440 D sensor  : PlsSensor: default value = 0
12-31 11:39:12.411   365   440 D sensor  : PlsSensor: default value = 40
12-31 11:39:12.411   365   440 D sensor  : PlsSensor: default value = 980
12-31 11:39:12.411   365   440 D sensor  : PlsSensor: default value = 127
12-31 11:39:12.411   365   440 D sensor  : PlsSensor: default value = 1
12-31 11:39:12.411   734   867 D InputReader: processEventsLocked: type=3 Count=7 code=57 value=0 deviceId=1
12-31 11:39:12.416 32480 32480 D ItemsScreen: rendering item row id=6ff0b91d-693f-47bf-936c-3f67955b3c9c text='cafe'
12-31 11:39:12.423   365   440 D sensor  : PlsSensor: default value = 0
12-31 11:39:12.423   365   440 D sensor  : PlsSensor: default value = 40
12-31 11:39:12.423   365   440 D sensor  : PlsSensor: default value = 980
12-31 11:39:12.423   365   440 D sensor  : PlsSensor: default value = 127
12-31 11:39:12.423   365   440 D sensor  : PlsSensor: default value = 1
12-31 11:39:12.424   734   867 D InputReader: processEventsLocked: type=3 Count=7 code=57 value=0 deviceId=1
12-31 11:39:12.427 32480 32480 D ItemsScreen: text focus for 6ff0b91d-693f-47bf-936c-3f67955b3c9c = false
12-31 11:39:12.428 32480 32480 D ItemsScreen: row focus for 6ff0b91d-693f-47bf-936c-3f67955b3c9c = false
12-31 11:39:12.428 32480 32480 D ItemsScreen: card focus for 6ff0b91d-693f-47bf-936c-3f67955b3c9c = false
12-31 11:39:12.436   365   440 E sensor  : Pls_CTPSensor: unknown event (type=1, code=330)
12-31 11:39:12.436   734   867 D InputReader: processEventsLocked: type=1 Count=3 code=330 value=0 deviceId=1
12-31 11:39:12.439 32480 32480 D ItemsScreen: rendering item row id=4bb1e209-f87b-44ec-9b3c-8e841c00b024 text='harina pan'
12-31 11:39:12.441   376   376 D PowerHAL: ###Enter interaction_other scene bgn###
12-31 11:39:12.441   376   376 D PowerHAL: Enter common_set: enable:1, duration: 500, /sys/devices/system/cpu/cpuhotplug/cluster0_core_min_limit: 4
12-31 11:39:12.441   376   376 D PowerHAL: Enter common_set: enable:1, duration: 500, /sys/devices/system/cpu/cpuhotplug/cluster0_core_max_limit: 4
12-31 11:39:12.441   376   376 D PowerHAL: Enter common_subsys_set: enable:1, duration: 500, subsys:cpufreq: conf_2:5
12-31 11:39:12.441   376   376 D PowerHAL: ###Enter interaction_other scene end###
12-31 11:39:12.441   376   376 D PowerHAL: ###Enter interaction_other scene bgn###
12-31 11:39:12.441   376   376 D PowerHAL: Enter common_set: enable:1, duration: 500, /sys/devices/system/cpu/cpuhotplug/cluster0_core_min_limit: 4
12-31 11:39:12.441   376   376 D PowerHAL: Enter common_set: enable:1, duration: 500, /sys/devices/system/cpu/cpuhotplug/cluster0_core_max_limit: 4
12-31 11:39:12.441   376   376 D PowerHAL: Enter common_subsys_set: enable:1, duration: 500, subsys:cpufreq: conf_2:5
12-31 11:39:12.441   376   376 D PowerHAL: ###Enter interaction_other scene end###
12-31 11:39:12.450 32480 32480 D ItemsScreen: text focus for 4bb1e209-f87b-44ec-9b3c-8e841c00b024 = false
12-31 11:39:12.450 32480 32480 D ItemsScreen: row focus for 4bb1e209-f87b-44ec-9b3c-8e841c00b024 = false
12-31 11:39:12.450 32480 32480 D ItemsScreen: card focus for 4bb1e209-f87b-44ec-9b3c-8e841c00b024 = false
12-31 11:39:12.566   734  6937 V WindowManager: Set focused app to: AppWindowToken{a69b11d token=Token{1b525f4 ActivityRecord{81a9bc7 u0 com.android.launcher3/.Launcher t9954}}} moveFocusNow=true displayId=0
12-31 11:39:12.566   734  6937 D WindowManager: Input focus has changed to null
12-31 11:39:12.570   734  6937 V WindowManager: Set focused app to: AppWindowToken{a69b11d token=Token{1b525f4 ActivityRecord{81a9bc7 u0 com.android.launcher3/.Launcher t9954}}} moveFocusNow=true displayId=0
12-31 11:39:12.571   734   870 D SectionHabit: updateFgTimeInner pkgName:com.example.smartlist,type:2,data:package:com.example.smartlist ,count :15,launchCountIndex:0,fgtime:4047,fgtimeIndex:1
12-31 11:39:12.584   734  1044 V WindowManager: Set focused app to: AppWindowToken{a69b11d token=Token{1b525f4 ActivityRecord{81a9bc7 u0 com.android.launcher3/.Launcher t9954}}} moveFocusNow=true displayId=0
12-31 11:39:12.586   376   376 D android.hardware.power@4.0-impl: Enter getSceneIdByName: sceneName:com.android.launcher3
12-31 11:39:12.604 32480 32480 D ItemsScreen: rendering item row id=063f8fa7-c2e0-4c0f-8952-c5fe617b0b87 text='chia'
12-31 11:39:12.620 32480 32480 D ItemsScreen: text focus for 063f8fa7-c2e0-4c0f-8952-c5fe617b0b87 = false
12-31 11:39:12.624 32480 32480 D ItemsScreen: row focus for 063f8fa7-c2e0-4c0f-8952-c5fe617b0b87 = false
12-31 11:39:12.624 32480 32480 D ItemsScreen: card focus for 063f8fa7-c2e0-4c0f-8952-c5fe617b0b87 = false
12-31 11:39:12.627   734   750 D WindowManager: Input focus has changed to Window{39388e9 u0 com.android.launcher3/com.android.launcher3.Launcher}
12-31 11:39:12.631 27813 27861 D mali_winsys: EGLint new_window_surface(egl_winsys_display *, void *, EGLSurface, EGLConfig, egl_winsys_surface **, EGLBoolean) returns 0x3000
12-31 11:39:12.623   358   358 W allocator@2.0-s: type=1400 audit(0.0:49059): avc: denied { read } for name="u:object_r:default_prop:s0" dev="tmpfs" ino=7774 scontext=u:r:hal_graphics_allocator_default:s0 tcontext=u:object_r:default_prop:s0 tclass=file permissive=0
12-31 11:39:12.632   358   358 I gralloc : mali_gralloc_select_format, AFBC is disabled now
12-31 11:39:12.632   358   358 I gralloc : mali_gralloc_select_format: req_format=0x00000001 req_fmt_mapped=0x0 internal_format=0x1 usage=0xb00
12-31 11:39:12.633   358   358 E libc    : Access denied finding property "enable_ion_heap_id_mask_cam"
12-31 11:39:12.635   358   358 I gralloc : gralloc=>alloc, share_fd=8, share_attr_fd=-1, magic=51647890, format=1, internal_format=1, byte_stride=1920, flags=4, usage=0x2816, size=1536000, width=480, height=800, internalWidth=480, internalHeight=800, stride=480, ADP_VSTRIDE=0,base=0xac72b000, writeOwner=0, attr_base=0xffffffff, yuv_info=1, fd=-1, buf_idx=0, offset=0, min_pgsz=4096, phyaddr=0
12-31 11:39:12.635   358   358 I gralloc : gralloc_unregister_buffer hnd=0xad53d000, share_fd=8, share_attr_fd=-1, magic=51647890, format=1, internal_format=1, byte_stride=1920, flags=4, usage=0xb00, size=1536000, width=480, height=800, internalWidth=480, internalHeight=800, stride=480, base=0xac72b000, writeOwner=0, attr_base=0xffffffff, yuv_info=1, fd=-1, buf_idx=0, offset=0, min_pgsz=4096, phyaddr=0
12-31 11:39:12.635   358   358 I gralloc : gralloc=>free hnd=0xad53d000, share_fd=8, share_attr_fd=-1, magic=51647890, format=1, internal_format=1, byte_stride=1920, flags=4, usage=2816, size=1536000, width=480, height=800, internalWidth=480, internalHeight=800, stride=480, base=0xac72b000, writeOwner=0, attr_base=0xffffffff, yuv_info=1, fd=-1, buf_idx=0, offset=0, min_pgsz=4096, phyaddr=0
12-31 11:39:12.636   388   532 I gralloc : gralloc_register_buffer hnd=0xad1716c0, share_fd=79, share_attr_fd=-1, magic=51647890, format=1, internal_format=1, byte_stride=1920, flags=4, usage=0xb00, size=1536000, width=480, height=800, internalWidth=480, internalHeight=800, stride=480, base=0xadc4b000, writeOwner=0, attr_base=0xffffffff, yuv_info=1, fd=-1, buf_idx=0, offset=0, min_pgsz=4096, phyaddr=0
12-31 11:39:12.636   358   358 I gralloc : mali_gralloc_select_format, AFBC is disabled now
12-31 11:39:12.636   358   358 I gralloc : mali_gralloc_select_format: req_format=0x00000001 req_fmt_mapped=0x0 internal_format=0x1 usage=0xb00
12-31 11:39:12.637   358   358 E libc    : Access denied finding property "enable_ion_heap_id_mask_cam"
12-31 11:39:12.638   358   358 I gralloc : gralloc=>alloc, share_fd=8, share_attr_fd=-1, magic=51647890, format=1, internal_format=1, byte_stride=1920, flags=4, usage=0x2816, size=1536000, width=480, height=800, internalWidth=480, internalHeight=800, stride=480, ADP_VSTRIDE=0,base=0xac72b000, writeOwner=0, attr_base=0xffffffff, yuv_info=1, fd=-1, buf_idx=0, offset=0, min_pgsz=4096, phyaddr=0
12-31 11:39:12.638   358   358 I gralloc : gralloc_unregister_buffer hnd=0xad53d000, share_fd=8, share_attr_fd=-1, magic=51647890, format=1, internal_format=1, byte_stride=1920, flags=4, usage=0xb00, size=1536000, width=480, height=800, internalWidth=480, internalHeight=800, stride=480, base=0xac72b000, writeOwner=0, attr_base=0xffffffff, yuv_info=1, fd=-1, buf_idx=0, offset=0, min_pgsz=4096, phyaddr=0
12-31 11:39:12.639   358   358 I gralloc : gralloc=>free hnd=0xad53d000, share_fd=8, share_attr_fd=-1, magic=51647890, format=1, internal_format=1, byte_stride=1920, flags=4, usage=2816, size=1536000, width=480, height=800, internalWidth=480, internalHeight=800, stride=480, base=0xac72b000, writeOwner=0, attr_base=0xffffffff, yuv_info=1, fd=-1, buf_idx=0, offset=0, min_pgsz=4096, phyaddr=0
12-31 11:39:12.639   388   532 I gralloc : gralloc_register_buffer hnd=0xad1734c0, share_fd=86, share_attr_fd=-1, magic=51647890, format=1, internal_format=1, byte_stride=1920, flags=4, usage=0xb00, size=1536000, width=480, height=800, internalWidth=480, internalHeight=800, stride=480, base=0xada60000, writeOwner=0, attr_base=0xffffffff, yuv_info=1, fd=-1, buf_idx=0, offset=0, min_pgsz=4096, phyaddr=0
12-31 11:39:12.639   358   358 I gralloc : mali_gralloc_select_format, AFBC is disabled now
12-31 11:39:12.639   358   358 I gralloc : mali_gralloc_select_format: req_format=0x00000001 req_fmt_mapped=0x0 internal_format=0x1 usage=0xb00
12-31 11:39:12.639   358   358 E libc    : Access denied finding property "enable_ion_heap_id_mask_cam"
12-31 11:39:12.641   358   358 I gralloc : gralloc=>alloc, share_fd=8, share_attr_fd=-1, magic=51647890, format=1, internal_format=1, byte_stride=1920, flags=4, usage=0x2816, size=1536000, width=480, height=800, internalWidth=480, internalHeight=800, stride=480, ADP_VSTRIDE=0,base=0xac72b000, writeOwner=0, attr_base=0xffffffff, yuv_info=1, fd=-1, buf_idx=0, offset=0, min_pgsz=4096, phyaddr=0
12-31 11:39:12.641   388   532 I gralloc : gralloc_register_buffer hnd=0xad173d00, share_fd=87, share_attr_fd=-1, magic=51647890, format=1, internal_format=1, byte_stride=1920, flags=4, usage=0xb00, size=1536000, width=480, height=800, internalWidth=480, internalHeight=800, stride=480, base=0xacf0b000, writeOwner=0, attr_base=0xffffffff, yuv_info=1, fd=-1, buf_idx=0, offset=0, min_pgsz=4096, phyaddr=0
12-31 11:39:12.641   358   358 I gralloc : gralloc_unregister_buffer hnd=0xad53d000, share_fd=8, share_attr_fd=-1, magic=51647890, format=1, internal_format=1, byte_stride=1920, flags=4, usage=0xb00, size=1536000, width=480, height=800, internalWidth=480, internalHeight=800, stride=480, base=0xac72b000, writeOwner=0, attr_base=0xffffffff, yuv_info=1, fd=-1, buf_idx=0, offset=0, min_pgsz=4096, phyaddr=0
12-31 11:39:12.641   358   358 I gralloc : gralloc=>free hnd=0xad53d000, share_fd=8, share_attr_fd=-1, magic=51647890, format=1, internal_format=1, byte_stride=1920, flags=4, usage=2816, size=1536000, width=480, height=800, internalWidth=480, internalHeight=800, stride=480, base=0xac72b000, writeOwner=0, attr_base=0xffffffff, yuv_info=1, fd=-1, buf_idx=0, offset=0, min_pgsz=4096, phyaddr=0
12-31 11:39:12.644 32480 32480 D ItemsScreen: rendering item row id=6ff0b91d-693f-47bf-936c-3f67955b3c9c text='cafe'
12-31 11:39:12.623   358   358 W allocator@2.0-s: type=1400 audit(0.0:49061): avc: denied { read } for name="u:object_r:default_prop:s0" dev="tmpfs" ino=7774 scontext=u:r:hal_graphics_allocator_default:s0 tcontext=u:object_r:default_prop:s0 tclass=file permissive=0
12-31 11:39:12.653 27813 27861 I gralloc : gralloc_register_buffer hnd=0x8410c200, share_fd=110, share_attr_fd=-1, magic=51647890, format=1, internal_format=1, byte_stride=1920, flags=4, usage=0xb00, size=1536000, width=480, height=800, internalWidth=480, internalHeight=800, stride=480, base=0x81c45000, writeOwner=0, attr_base=0xffffffff, yuv_info=1, fd=-1, buf_idx=0, offset=0, min_pgsz=4096, phyaddr=0
12-31 11:39:12.653 27813 27861 I gralloc : mali_gralloc_select_format, AFBC is disabled now
12-31 11:39:12.653 27813 27861 I gralloc : mali_gralloc_select_format: req_format=0x00000001 req_fmt_mapped=0x0 internal_format=0x1 usage=0xb00
12-31 11:39:12.653 27813 27861 E         : Shared attribute region not available to be mapped
12-31 11:39:12.661   388   532 E         : Shared attribute region not available to be mapped
12-31 11:39:12.667 27813 27861 I gralloc : gralloc_register_buffer hnd=0x84262480, share_fd=114, share_attr_fd=-1, magic=51647890, format=1, internal_format=1, byte_stride=1920, flags=4, usage=0xb00, size=1536000, width=480, height=800, internalWidth=480, internalHeight=800, stride=480, base=0x817ae000, writeOwner=0, attr_base=0xffffffff, yuv_info=1, fd=-1, buf_idx=0, offset=0, min_pgsz=4096, phyaddr=0
12-31 11:39:12.667 27813 27861 I gralloc : mali_gralloc_select_format, AFBC is disabled now
12-31 11:39:12.667 27813 27861 I gralloc : mali_gralloc_select_format: req_format=0x00000001 req_fmt_mapped=0x0 internal_format=0x1 usage=0xb00
12-31 11:39:12.667 27813 27861 E         : Shared attribute region not available to be mapped
12-31 11:39:12.672   388   726 E         : Shared attribute region not available to be mapped
12-31 11:39:12.676   358   358 I gralloc : mali_gralloc_select_format, AFBC is disabled now
12-31 11:39:12.663   358   358 W allocator@2.0-s: type=1400 audit(0.0:49062): avc: denied { read } for name="u:object_r:default_prop:s0" dev="tmpfs" ino=7774 scontext=u:r:hal_graphics_allocator_default:s0 tcontext=u:object_r:default_prop:s0 tclass=file permissive=0
12-31 11:39:12.676   358   358 I gralloc : mali_gralloc_select_format: req_format=0x00000001 req_fmt_mapped=0x0 internal_format=0x1 usage=0x366
12-31 11:39:12.676   358   358 E libc    : Access denied finding property "enable_ion_heap_id_mask_cam"
12-31 11:39:12.677   358   358 I gralloc : gralloc=>alloc, share_fd=8, share_attr_fd=-1, magic=51647890, format=1, internal_format=1, byte_stride=1152, flags=4, usage=0x870, size=552960, width=288, height=480, internalWidth=288, internalHeight=480, stride=288, ADP_VSTRIDE=0,base=0xac81b000, writeOwner=0, attr_base=0xffffffff, yuv_info=1, fd=-1, buf_idx=0, offset=0, min_pgsz=4096, phyaddr=0
12-31 11:39:12.677   388   726 I gralloc : gralloc_register_buffer hnd=0xad173dc0, share_fd=90, share_attr_fd=-1, magic=51647890, format=1, internal_format=1, byte_stride=1152, flags=4, usage=0x366, size=552960, width=288, height=480, internalWidth=288, internalHeight=480, stride=288, base=0xace84000, writeOwner=0, attr_base=0xffffffff, yuv_info=1, fd=-1, buf_idx=0, offset=0, min_pgsz=4096, phyaddr=0
