12-31 11:38:59.593   734   892 D ConnectivityService: sending notification CALLBACK_CAP_CHANGED for NetworkRequest [ LISTEN id=12, [ Capabilities: INTERNET&NOT_RESTRICTED&TRUSTED&VALIDATED Uid: 1000] ]
12-31 11:38:59.593   734   892 D ConnectivityService:  sending notification for NetworkRequest [ LISTEN id=13, [ Transports: WIFI Capabilities: NOT_VPN] ]
12-31 11:38:59.593   734   892 D ConnectivityService: sending notification CALLBACK_CAP_CHANGED for NetworkRequest [ LISTEN id=13, [ Transports: WIFI Capabilities: NOT_VPN] ]
12-31 11:38:59.594   734   892 D ConnectivityService:  sending notification for NetworkRequest [ TRACK_DEFAULT id=14, [ Capabilities: INTERNET&NOT_RESTRICTED&TRUSTED Uid: 10111] ]
12-31 11:38:59.595   734   892 D ConnectivityService: sending notification CALLBACK_CAP_CHANGED for NetworkRequest [ TRACK_DEFAULT id=14, [ Capabilities: INTERNET&NOT_RESTRICTED&TRUSTED Uid: 10111] ]
12-31 11:38:59.595   734   892 D ConnectivityService:  sending notification for NetworkRequest [ LISTEN id=16, [] ]
12-31 11:38:59.595   734   892 D ConnectivityService: sending notification CALLBACK_CAP_CHANGED for NetworkRequest [ LISTEN id=16, [] ]
12-31 11:38:59.596   734   892 D ConnectivityService:  sending notification for NetworkRequest [ TRACK_DEFAULT id=15114, [ Capabilities: INTERNET&NOT_RESTRICTED&TRUSTED Uid: 10131] ]
12-31 11:38:59.596   734   892 D ConnectivityService: sending notification CALLBACK_CAP_CHANGED for NetworkRequest [ TRACK_DEFAULT id=15114, [ Capabilities: INTERNET&NOT_RESTRICTED&TRUSTED Uid: 10131] ]
12-31 11:38:59.597   734   892 D ConnectivityService:  sending notification for NetworkRequest [ LISTEN id=15115, [ Capabilities: INTERNET&NOT_RESTRICTED&TRUSTED&FOREGROUND Uid: 10131] ]
12-31 11:38:59.597   734   892 D ConnectivityService: sending notification CALLBACK_CAP_CHANGED for NetworkRequest [ LISTEN id=15115, [ Capabilities: INTERNET&NOT_RESTRICTED&TRUSTED&FOREGROUND Uid: 10131] ]
12-31 11:38:59.598   734   892 D ConnectivityService:  sending notification for NetworkRequest [ LISTEN id=15864, [ Capabilities: INTERNET&TRUSTED Uid: 10089] ]
12-31 11:38:59.598   734   892 D ConnectivityService: sending notification CALLBACK_CAP_CHANGED for NetworkRequest [ LISTEN id=15864, [ Capabilities: INTERNET&TRUSTED Uid: 10089] ]
12-31 11:38:59.598   734   892 D ConnectivityService:  sending notification for NetworkRequest [ TRACK_DEFAULT id=15865, [ Capabilities: INTERNET&NOT_RESTRICTED&TRUSTED Uid: 10089] ]
12-31 11:38:59.598   734   892 D ConnectivityService: sending notification CALLBACK_CAP_CHANGED for NetworkRequest [ TRACK_DEFAULT id=15865, [ Capabilities: INTERNET&NOT_RESTRICTED&TRUSTED Uid: 10089] ]
12-31 11:38:59.599   734   892 D ConnectivityService:  sending notification for NetworkRequest [ TRACK_DEFAULT id=15866, [ Capabilities: INTERNET&NOT_RESTRICTED&TRUSTED Uid: 10089] ]
12-31 11:38:59.599   734   892 D ConnectivityService: sending notification CALLBACK_CAP_CHANGED for NetworkRequest [ TRACK_DEFAULT id=15866, [ Capabilities: INTERNET&NOT_RESTRICTED&TRUSTED Uid: 10089] ]
12-31 11:38:59.599   734   892 D ConnectivityService:  sending notification for NetworkRequest [ TRACK_DEFAULT id=15878, [ Capabilities: INTERNET&NOT_RESTRICTED&TRUSTED Uid: 10089] ]
12-31 11:38:59.600   734   892 D ConnectivityService: sending notification CALLBACK_CAP_CHANGED for NetworkRequest [ TRACK_DEFAULT id=15878, [ Capabilities: INTERNET&NOT_RESTRICTED&TRUSTED Uid: 10089] ]
12-31 11:38:59.600   734   892 D ConnectivityService:  sending notification for NetworkRequest [ LISTEN id=15879, [ Capabilities: INTERNET&NOT_RESTRICTED&TRUSTED Uid: 10089] ]
12-31 11:38:59.600   734   892 D ConnectivityService: sending notification CALLBACK_CAP_CHANGED for NetworkRequest [ LISTEN id=15879, [ Capabilities: INTERNET&NOT_RESTRICTED&TRUSTED Uid: 10089] ]
12-31 11:38:59.600   734   892 D ConnectivityService:  sending notification for NetworkRequest [ LISTEN id=15949, [ Transports: WIFI Capabilities: NOT_RESTRICTED&TRUSTED&NOT_VPN Uid: 10089] ]
12-31 11:38:59.600   734   892 D ConnectivityService: sending notification CALLBACK_CAP_CHANGED for NetworkRequest [ LISTEN id=15949, [ Transports: WIFI Capabilities: NOT_RESTRICTED&TRUSTED&NOT_VPN Uid: 10089] ]
12-31 11:38:59.601   734   892 D ConnectivityService:  sending notification for NetworkRequest [ TRACK_DEFAULT id=16355, [ Capabilities: INTERNET&NOT_RESTRICTED&TRUSTED Uid: 10107] ]
12-31 11:38:59.601   734   892 D ConnectivityService: sending notification CALLBACK_CAP_CHANGED for NetworkRequest [ TRACK_DEFAULT id=16355, [ Capabilities: INTERNET&NOT_RESTRICTED&TRUSTED Uid: 10107] ]
12-31 11:38:59.603   734   892 D ConnectivityService:  sending notification for NetworkRequest [ TRACK_DEFAULT id=16356, [ Capabilities: INTERNET&NOT_RESTRICTED&TRUSTED Uid: 10107] ]
12-31 11:38:59.603   734   892 D ConnectivityService: sending notification CALLBACK_CAP_CHANGED for NetworkRequest [ TRACK_DEFAULT id=16356, [ Capabilities: INTERNET&NOT_RESTRICTED&TRUSTED Uid: 10107] ]
12-31 11:38:59.604   734   892 D ConnectivityService:  sending notification for NetworkRequest [ LISTEN id=16357, [ Capabilities: INTERNET&NOT_RESTRICTED&TRUSTED Uid: 10107] ]
12-31 11:38:59.604   734   892 D ConnectivityService: sending notification CALLBACK_CAP_CHANGED for NetworkRequest [ LISTEN id=16357, [ Capabilities: INTERNET&NOT_RESTRICTED&TRUSTED Uid: 10107] ]
12-31 11:38:59.605   734   892 D ConnectivityService:  sending notification for NetworkRequest [ TRACK_DEFAULT id=16633, [ Capabilities: INTERNET&NOT_RESTRICTED&TRUSTED Uid: 10097] ]
12-31 11:38:59.605   734   892 D ConnectivityService: sending notification CALLBACK_CAP_CHANGED for NetworkRequest [ TRACK_DEFAULT id=16633, [ Capabilities: INTERNET&NOT_RESTRICTED&TRUSTED Uid: 10097] ]
12-31 11:38:59.607   734   892 D ConnectivityService:  sending notification for NetworkRequest [ TRACK_DEFAULT id=16634, [ Capabilities: INTERNET&NOT_RESTRICTED&TRUSTED Uid: 10108] ]
12-31 11:38:59.607   734   892 D ConnectivityService: sending notification CALLBACK_CAP_CHANGED for NetworkRequest [ TRACK_DEFAULT id=16634, [ Capabilities: INTERNET&NOT_RESTRICTED&TRUSTED Uid: 10108] ]
12-31 11:38:59.608   734   892 D ConnectivityService:  sending notification for NetworkRequest [ LISTEN id=16635, [ Capabilities: INTERNET&NOT_RESTRICTED&TRUSTED Uid: 10108] ]
12-31 11:38:59.608   734   892 D ConnectivityService: sending notification CALLBACK_CAP_CHANGED for NetworkRequest [ LISTEN id=16635, [ Capabilities: INTERNET&NOT_RESTRICTED&TRUSTED Uid: 10108] ]
12-31 11:38:59.608   734   892 D ConnectivityService:  sending notification for NetworkRequest [ TRACK_DEFAULT id=16647, [ Capabilities: INTERNET&NOT_RESTRICTED&TRUSTED Uid: 10133] ]
12-31 11:38:59.608   734   892 D ConnectivityService: sending notification CALLBACK_CAP_CHANGED for NetworkRequest [ TRACK_DEFAULT id=16647, [ Capabilities: INTERNET&NOT_RESTRICTED&TRUSTED Uid: 10133] ]
12-31 11:38:59.609   734   892 D ConnectivityService:  sending notification for NetworkRequest [ TRACK_DEFAULT id=16648, [ Capabilities: INTERNET&NOT_RESTRICTED&TRUSTED Uid: 10133] ]
12-31 11:38:59.609   734   892 D ConnectivityService: sending notification CALLBACK_CAP_CHANGED for NetworkRequest [ TRACK_DEFAULT id=16648, [ Capabilities: INTERNET&NOT_RESTRICTED&TRUSTED Uid: 10133] ]
12-31 11:38:59.611   734   892 D ConnectivityService:  sending notification for NetworkRequest [ LISTEN id=16649, [ Capabilities: INTERNET&NOT_RESTRICTED&TRUSTED&FOREGROUND Uid: 10133] ]
12-31 11:38:59.611   734   892 D ConnectivityService: sending notification CALLBACK_CAP_CHANGED for NetworkRequest [ LISTEN id=16649, [ Capabilities: INTERNET&NOT_RESTRICTED&TRUSTED&FOREGROUND Uid: 10133] ]
12-31 11:38:59.611   734   892 D ConnectivityService:  sending notification for NetworkRequest [ TRACK_DEFAULT id=16650, [ Capabilities: INTERNET&NOT_RESTRICTED&TRUSTED Uid: 10133] ]
12-31 11:38:59.612   734   892 D ConnectivityService: sending notification CALLBACK_CAP_CHANGED for NetworkRequest [ TRACK_DEFAULT id=16650, [ Capabilities: INTERNET&NOT_RESTRICTED&TRUSTED Uid: 10133] ]
12-31 11:38:59.612   734   892 D ConnectivityService:  sending notification for NetworkRequest [ TRACK_DEFAULT id=16653, [ Capabilities: INTERNET&NOT_RESTRICTED&TRUSTED Uid: 10108] ]
12-31 11:38:59.612   734   892 D ConnectivityService: sending notification CALLBACK_CAP_CHANGED for NetworkRequest [ TRACK_DEFAULT id=16653, [ Capabilities: INTERNET&NOT_RESTRICTED&TRUSTED Uid: 10108] ]
12-31 11:38:59.612   734   892 D ConnectivityService:  sending notification for NetworkRequest [ TRACK_DEFAULT id=16654, [ Capabilities: INTERNET&NOT_RESTRICTED&TRUSTED Uid: 10108] ]
12-31 11:38:59.613   734   892 D ConnectivityService: sending notification CALLBACK_CAP_CHANGED for NetworkRequest [ TRACK_DEFAULT id=16654, [ Capabilities: INTERNET&NOT_RESTRICTED&TRUSTED Uid: 10108] ]
12-31 11:38:59.613   734   892 D ConnectivityService:  sending notification for NetworkRequest [ LISTEN id=16655, [ Capabilities: INTERNET&NOT_RESTRICTED&TRUSTED Uid: 10108] ]
12-31 11:38:59.613   734   892 D ConnectivityService: sending notification CALLBACK_CAP_CHANGED for NetworkRequest [ LISTEN id=16655, [ Capabilities: INTERNET&NOT_RESTRICTED&TRUSTED Uid: 10108] ]
12-31 11:38:59.625   734   889 D WifiNetworkMonitor: EVENT_WIFI_RSSI_CHANGED
12-31 11:38:59.625   734   889 E WifiNetworkMonitor: Not any Obervers!!!
12-31 11:38:59.625   734   890 D WifiRssiLinkSpeedAndFrequencyMonitor: EVENT_WIFI_RSSI_LINKSPEED_FREQUENCY_CHANGED
12-31 11:38:59.625   734   890 D WifiRssiLinkSpeedAndFrequencyMonitor: Not any Obervers!!!
12-31 11:38:59.634   972   972 E PANCHENG: mWifiVisible true
12-31 11:38:59.634   972   972 D StatusBarSignalPolicy: updateWifiIconWithState state : WifiIconState(resId=17302851, visible=true)
12-31 11:38:59.646   972   972 E PANCHENG: mWifiVisible true
12-31 11:38:59.646   972   972 D StatusBarSignalPolicy: updateWifiIconWithState state : WifiIconState(resId=17302850, visible=true)
12-31 11:38:59.684 32394 32465 I PlayCommon: [62846] Connecting to server: https://play.googleapis.com/play/log?format=raw&proto_v2=true
12-31 11:38:59.865 32394 32465 I PlayCommon: [62846] Successfully uploaded logs.
12-31 11:39:00.000   734   863 D AlarmManager: waitForAlarm result:8currentTime=1767195540000, elapsedRealtime=1417119423
12-31 11:39:00.001   734   863 V AlarmManager: Received TIME_TICK alarm; rescheduling
12-31 11:39:00.001   734   863 V AlarmManager: set(null) : type=3 listener=com.android.server.AlarmManagerService$2@5750b8b listenerTag=TIME_TICK triggerAtTime=1417179422 win=0 tElapsed=1417179422 maxElapsed=1417179422 interval=0 flags=0x1
12-31 11:39:00.003   972   972 D KeyguardStatusView: refeshFormat mClockView.getText() = 11:38AM
12-31 11:39:00.004   734   863 D AlarmManagerService: set alarm to kernel: 1417179.422000000, type=3 
12-31 11:39:00.006   972   972 D KeyguardStatusView: refreshTime mClockView.getText() = 11:39AM
12-31 11:39:00.006   734   863 D AlarmManager: sending alarm.type = 3, action = null, cn = null, operation = null
12-31 11:39:00.007   734   863 D AlarmManagerService: set alarm to kernel: 1417179.422000000, type=3 
12-31 11:39:00.934   482  1083 D GNSSMGT : watchdog: PowerState[CP SLEEP], gps_flag[3], readcount[1684], idle time = 0, HeartCount = 0
12-31 11:39:01.071   504   546 D WCND    : is_cp2_alive_ok: open polling interface: /proc/mdbg/loopcheck, fd = 13
12-31 11:39:01.172   504   546 D WCND    : is_cp2_alive_ok: loop: /proc/mdbg/loopcheck is OK
12-31 11:39:01.378 32480 32480 W CheckTime: App running slow: Executing application classloader create took 2691ms
12-31 11:39:01.484 32480 32480 D WM-WrkMgrInitializer: Initializing WorkManager with default configuration.
12-31 11:39:01.611   734  5673 D PackageManager: setEnabledSetting: packageName = com.example.smartlist, className = androidx.work.impl.background.systemjob.SystemJobService, newState = 1 ,flags = 1 ,userId = 0 ,callingPackage = null , callingUid = 10223 , allowedByPermission = false
12-31 11:39:01.631 32480 32480 W CheckTime: App running slow: Executing handleBindApplication : installContentProviders took 222ms
12-31 11:39:02.250   734  5673 E WindowManager: App trying to use insecure INPUT_FEATURE_NO_INPUT_CHANNEL flag. Ignoring
12-31 11:39:02.263 32480 32480 I Choreographer: Skipped 46 frames!  The application may be doing too much work on its main thread.
12-31 11:39:02.643   734   892 D ConnectivityService: notifyType CALLBACK_CAP_CHANGED for NetworkAgentInfo [WIFI () - 470]
12-31 11:39:02.643   734   892 D ConnectivityService:  sending notification for NetworkRequest [ REQUEST id=1, [ Capabilities: INTERNET&NOT_RESTRICTED&TRUSTED&NOT_VPN] ]
12-31 11:39:02.643   734   892 D ConnectivityService:  sending notification for NetworkRequest [ LISTEN id=4, [ Capabilities: FOREGROUND] ]
12-31 11:39:02.643   734   892 D ConnectivityService: sending notification CALLBACK_CAP_CHANGED for NetworkRequest [ LISTEN id=4, [ Capabilities: FOREGROUND] ]
12-31 11:39:02.643   734   892 D ConnectivityService:  sending notification for NetworkRequest [ LISTEN id=5, [ Capabilities: NOT_RESTRICTED&TRUSTED&NOT_VPN&FOREGROUND Uid: 1000] ]
12-31 11:39:02.643   734   892 D ConnectivityService: sending notification CALLBACK_CAP_CHANGED for NetworkRequest [ LISTEN id=5, [ Capabilities: NOT_RESTRICTED&TRUSTED&NOT_VPN&FOREGROUND Uid: 1000] ]
12-31 11:39:02.644   734   892 D ConnectivityService:  sending notification for NetworkRequest [ LISTEN id=6, [ Capabilities: NOT_RESTRICTED&TRUSTED&NOT_VPN&FOREGROUND Uid: 1000] ]
12-31 11:39:02.644   734   892 D ConnectivityService: sending notification CALLBACK_CAP_CHANGED for NetworkRequest [ LISTEN id=6, [ Capabilities: NOT_RESTRICTED&TRUSTED&NOT_VPN&FOREGROUND Uid: 1000] ]
12-31 11:39:02.644   734   892 D ConnectivityService:  sending notification for NetworkRequest [ REQUEST id=7, [ Capabilities: INTERNET&NOT_RESTRICTED&TRUSTED&NOT_VPN] ]
12-31 11:39:02.644   734   892 D ConnectivityService: sending notification CALLBACK_CAP_CHANGED for NetworkRequest [ REQUEST id=7, [ Capabilities: INTERNET&NOT_RESTRICTED&TRUSTED&NOT_VPN] ]
12-31 11:39:02.644   734   892 D ConnectivityService:  sending notification for NetworkRequest [ LISTEN id=9, [ Transports: WIFI Capabilities: INTERNET&TRUSTED&NOT_VPN Uid: 1001] ]
12-31 11:39:02.644   734   892 D ConnectivityService: sending notification CALLBACK_CAP_CHANGED for NetworkRequest [ LISTEN id=9, [ Transports: WIFI Capabilities: INTERNET&TRUSTED&NOT_VPN Uid: 1001] ]
12-31 11:39:02.644   734   892 D ConnectivityService:  sending notification for NetworkRequest [ LISTEN id=10, [ Transports: WIFI Capabilities: INTERNET&TRUSTED&NOT_VPN Uid: 1001] ]
12-31 11:39:02.645   734   892 D ConnectivityService: sending notification CALLBACK_CAP_CHANGED for NetworkRequest [ LISTEN id=10, [ Transports: WIFI Capabilities: INTERNET&TRUSTED&NOT_VPN Uid: 1001] ]
12-31 11:39:02.645   734   892 D ConnectivityService:  sending notification for NetworkRequest [ TRACK_DEFAULT id=11, [ Capabilities: INTERNET&NOT_RESTRICTED&TRUSTED Uid: 1000] ]
12-31 11:39:02.645   734   892 D ConnectivityService: sending notification CALLBACK_CAP_CHANGED for NetworkRequest [ TRACK_DEFAULT id=11, [ Capabilities: INTERNET&NOT_RESTRICTED&TRUSTED Uid: 1000] ]
12-31 11:39:02.646   734   892 D ConnectivityService:  sending notification for NetworkRequest [ LISTEN id=12, [ Capabilities: INTERNET&NOT_RESTRICTED&TRUSTED&VALIDATED Uid: 1000] ]
12-31 11:39:02.647   734   892 D ConnectivityService: sending notification CALLBACK_CAP_CHANGED for NetworkRequest [ LISTEN id=12, [ Capabilities: INTERNET&NOT_RESTRICTED&TRUSTED&VALIDATED Uid: 1000] ]
12-31 11:39:02.647   734   892 D ConnectivityService:  sending notification for NetworkRequest [ LISTEN id=13, [ Transports: WIFI Capabilities: NOT_VPN] ]
12-31 11:39:02.647   734   892 D ConnectivityService: sending notification CALLBACK_CAP_CHANGED for NetworkRequest [ LISTEN id=13, [ Transports: WIFI Capabilities: NOT_VPN] ]
12-31 11:39:02.647   734   892 D ConnectivityService:  sending notification for NetworkRequest [ TRACK_DEFAULT id=14, [ Capabilities: INTERNET&NOT_RESTRICTED&TRUSTED Uid: 10111] ]
12-31 11:39:02.647   734   892 D ConnectivityService: sending notification CALLBACK_CAP_CHANGED for NetworkRequest [ TRACK_DEFAULT id=14, [ Capabilities: INTERNET&NOT_RESTRICTED&TRUSTED Uid: 10111] ]
12-31 11:39:02.648   734   892 D ConnectivityService:  sending notification for NetworkRequest [ LISTEN id=16, [] ]
12-31 11:39:02.648   734   892 D ConnectivityService: sending notification CALLBACK_CAP_CHANGED for NetworkRequest [ LISTEN id=16, [] ]
12-31 11:39:02.648   734   892 D ConnectivityService:  sending notification for NetworkRequest [ TRACK_DEFAULT id=15114, [ Capabilities: INTERNET&NOT_RESTRICTED&TRUSTED Uid: 10131] ]
12-31 11:39:02.648   734   892 D ConnectivityService: sending notification CALLBACK_CAP_CHANGED for NetworkRequest [ TRACK_DEFAULT id=15114, [ Capabilities: INTERNET&NOT_RESTRICTED&TRUSTED Uid: 10131] ]
12-31 11:39:02.649   734   892 D ConnectivityService:  sending notification for NetworkRequest [ LISTEN id=15115, [ Capabilities: INTERNET&NOT_RESTRICTED&TRUSTED&FOREGROUND Uid: 10131] ]
12-31 11:39:02.649   734   892 D ConnectivityService: sending notification CALLBACK_CAP_CHANGED for NetworkRequest [ LISTEN id=15115, [ Capabilities: INTERNET&NOT_RESTRICTED&TRUSTED&FOREGROUND Uid: 10131] ]
12-31 11:39:02.649   734   892 D ConnectivityService:  sending notification for NetworkRequest [ LISTEN id=15864, [ Capabilities: INTERNET&TRUSTED Uid: 10089] ]
12-31 11:39:02.649   734   892 D ConnectivityService: sending notification CALLBACK_CAP_CHANGED for NetworkRequest [ LISTEN id=15864, [ Capabilities: INTERNET&TRUSTED Uid: 10089] ]
12-31 11:39:02.650   734   892 D ConnectivityService:  sending notification for NetworkRequest [ TRACK_DEFAULT id=15865, [ Capabilities: INTERNET&NOT_RESTRICTED&TRUSTED Uid: 10089] ]
12-31 11:39:02.650   734   892 D ConnectivityService: sending notification CALLBACK_CAP_CHANGED for NetworkRequest [ TRACK_DEFAULT id=15865, [ Capabilities: INTERNET&NOT_RESTRICTED&TRUSTED Uid: 10089] ]
12-31 11:39:02.650   734   892 D ConnectivityService:  sending notification for NetworkRequest [ TRACK_DEFAULT id=15866, [ Capabilities: INTERNET&NOT_RESTRICTED&TRUSTED Uid: 10089] ]
12-31 11:39:02.650   734   892 D ConnectivityService: sending notification CALLBACK_CAP_CHANGED for NetworkRequest [ TRACK_DEFAULT id=15866, [ Capabilities: INTERNET&NOT_RESTRICTED&TRUSTED Uid: 10089] ]
12-31 11:39:02.651   734   892 D ConnectivityService:  sending notification for NetworkRequest [ TRACK_DEFAULT id=15878, [ Capabilities: INTERNET&NOT_RESTRICTED&TRUSTED Uid: 10089] ]
12-31 11:39:02.651   734   892 D ConnectivityService: sending notification CALLBACK_CAP_CHANGED for NetworkRequest [ TRACK_DEFAULT id=15878, [ Capabilities: INTERNET&NOT_RESTRICTED&TRUSTED Uid: 10089] ]
12-31 11:39:02.651   734   892 D ConnectivityService:  sending notification for NetworkRequest [ LISTEN id=15879, [ Capabilities: INTERNET&NOT_RESTRICTED&TRUSTED Uid: 10089] ]
12-31 11:39:02.651   734   892 D ConnectivityService: sending notification CALLBACK_CAP_CHANGED for NetworkRequest [ LISTEN id=15879, [ Capabilities: INTERNET&NOT_RESTRICTED&TRUSTED Uid: 10089] ]
12-31 11:39:02.652   734   892 D ConnectivityService:  sending notification for NetworkRequest [ LISTEN id=15949, [ Transports: WIFI Capabilities: NOT_RESTRICTED&TRUSTED&NOT_VPN Uid: 10089] ]
12-31 11:39:02.652   734   892 D ConnectivityService: sending notification CALLBACK_CAP_CHANGED for NetworkRequest [ LISTEN id=15949, [ Transports: WIFI Capabilities: NOT_RESTRICTED&TRUSTED&NOT_VPN Uid: 10089] ]
12-31 11:39:02.652   734   892 D ConnectivityService:  sending notification for NetworkRequest [ TRACK_DEFAULT id=16355, [ Capabilities: INTERNET&NOT_RESTRICTED&TRUSTED Uid: 10107] ]
12-31 11:39:02.652   734   892 D ConnectivityService: sending notification CALLBACK_CAP_CHANGED for NetworkRequest [ TRACK_DEFAULT id=16355, [ Capabilities: INTERNET&NOT_RESTRICTED&TRUSTED Uid: 10107] ]
12-31 11:39:02.653   734   892 D ConnectivityService:  sending notification for NetworkRequest [ TRACK_DEFAULT id=16356, [ Capabilities: INTERNET&NOT_RESTRICTED&TRUSTED Uid: 10107] ]
12-31 11:39:02.654   734   892 D ConnectivityService: sending notification CALLBACK_CAP_CHANGED for NetworkRequest [ TRACK_DEFAULT id=16356, [ Capabilities: INTERNET&NOT_RESTRICTED&TRUSTED Uid: 10107] ]
12-31 11:39:02.657   734   890 D WifiRssiLinkSpeedAndFrequencyMonitor: EVENT_WIFI_RSSI_LINKSPEED_FREQUENCY_CHANGED
12-31 11:39:02.657   734   890 D WifiRssiLinkSpeedAndFrequencyMonitor: Not any Obervers!!!
12-31 11:39:02.658   972   972 E PANCHENG: mWifiVisible true
12-31 11:39:02.658   972   972 D StatusBarSignalPolicy: updateWifiIconWithState state : WifiIconState(resId=17302851, visible=true)
12-31 11:39:02.659   734   892 D ConnectivityService:  sending notification for NetworkRequest [ LISTEN id=16357, [ Capabilities: INTERNET&NOT_RESTRICTED&TRUSTED Uid: 10107] ]
12-31 11:39:02.659   734   892 D ConnectivityService: sending notification CALLBACK_CAP_CHANGED for NetworkRequest [ LISTEN id=16357, [ Capabilities: INTERNET&NOT_RESTRICTED&TRUSTED Uid: 10107] ]
12-31 11:39:02.660   734   892 D ConnectivityService:  sending notification for NetworkRequest [ TRACK_DEFAULT id=16633, [ Capabilities: INTERNET&NOT_RESTRICTED&TRUSTED Uid: 10097] ]
12-31 11:39:02.660   734   892 D ConnectivityService: sending notification CALLBACK_CAP_CHANGED for NetworkRequest [ TRACK_DEFAULT id=16633, [ Capabilities: INTERNET&NOT_RESTRICTED&TRUSTED Uid: 10097] ]
12-31 11:39:02.660   734   892 D ConnectivityService:  sending notification for NetworkRequest [ TRACK_DEFAULT id=16634, [ Capabilities: INTERNET&NOT_RESTRICTED&TRUSTED Uid: 10108] ]
12-31 11:39:02.660   734   892 D ConnectivityService: sending notification CALLBACK_CAP_CHANGED for NetworkRequest [ TRACK_DEFAULT id=16634, [ Capabilities: INTERNET&NOT_RESTRICTED&TRUSTED Uid: 10108] ]
12-31 11:39:02.661   734   892 D ConnectivityService:  sending notification for NetworkRequest [ LISTEN id=16635, [ Capabilities: INTERNET&NOT_RESTRICTED&TRUSTED Uid: 10108] ]
12-31 11:39:02.661   734   892 D ConnectivityService: sending notification CALLBACK_CAP_CHANGED for NetworkRequest [ LISTEN id=16635, [ Capabilities: INTERNET&NOT_RESTRICTED&TRUSTED Uid: 10108] ]
12-31 11:39:02.661   734   892 D ConnectivityService:  sending notification for NetworkRequest [ TRACK_DEFAULT id=16647, [ Capabilities: INTERNET&NOT_RESTRICTED&TRUSTED Uid: 10133] ]
12-31 11:39:02.661   734   892 D ConnectivityService: sending notification CALLBACK_CAP_CHANGED for NetworkRequest [ TRACK_DEFAULT id=16647, [ Capabilities: INTERNET&NOT_RESTRICTED&TRUSTED Uid: 10133] ]
12-31 11:39:02.662   734   892 D ConnectivityService:  sending notification for NetworkRequest [ TRACK_DEFAULT id=16648, [ Capabilities: INTERNET&NOT_RESTRICTED&TRUSTED Uid: 10133] ]
12-31 11:39:02.662   734   892 D ConnectivityService: sending notification CALLBACK_CAP_CHANGED for NetworkRequest [ TRACK_DEFAULT id=16648, [ Capabilities: INTERNET&NOT_RESTRICTED&TRUSTED Uid: 10133] ]
12-31 11:39:02.662   734   892 D ConnectivityService:  sending notification for NetworkRequest [ LISTEN id=16649, [ Capabilities: INTERNET&NOT_RESTRICTED&TRUSTED&FOREGROUND Uid: 10133] ]
12-31 11:39:02.662   734   892 D ConnectivityService: sending notification CALLBACK_CAP_CHANGED for NetworkRequest [ LISTEN id=16649, [ Capabilities: INTERNET&NOT_RESTRICTED&TRUSTED&FOREGROUND Uid: 10133] ]
12-31 11:39:02.663   734   892 D ConnectivityService:  sending notification for NetworkRequest [ TRACK_DEFAULT id=16650, [ Capabilities: INTERNET&NOT_RESTRICTED&TRUSTED Uid: 10133] ]
12-31 11:39:02.663   734   892 D ConnectivityService: sending notification CALLBACK_CAP_CHANGED for NetworkRequest [ TRACK_DEFAULT id=16650, [ Capabilities: INTERNET&NOT_RESTRICTED&TRUSTED Uid: 10133] ]
12-31 11:39:02.663   734   892 D ConnectivityService:  sending notification for NetworkRequest [ TRACK_DEFAULT id=16653, [ Capabilities: INTERNET&NOT_RESTRICTED&TRUSTED Uid: 10108] ]
12-31 11:39:02.663   734   892 D ConnectivityService: sending notification CALLBACK_CAP_CHANGED for NetworkRequest [ TRACK_DEFAULT id=16653, [ Capabilities: INTERNET&NOT_RESTRICTED&TRUSTED Uid: 10108] ]
12-31 11:39:02.664   734   892 D ConnectivityService:  sending notification for NetworkRequest [ TRACK_DEFAULT id=16654, [ Capabilities: INTERNET&NOT_RESTRICTED&TRUSTED Uid: 10108] ]
12-31 11:39:02.664   734   892 D ConnectivityService: sending notification CALLBACK_CAP_CHANGED for NetworkRequest [ TRACK_DEFAULT id=16654, [ Capabilities: INTERNET&NOT_RESTRICTED&TRUSTED Uid: 10108] ]
12-31 11:39:02.666   734   892 D ConnectivityService:  sending notification for NetworkRequest [ LISTEN id=16655, [ Capabilities: INTERNET&NOT_RESTRICTED&TRUSTED Uid: 10108] ]
12-31 11:39:02.666   734   892 D ConnectivityService: sending notification CALLBACK_CAP_CHANGED for NetworkRequest [ LISTEN id=16655, [ Capabilities: INTERNET&NOT_RESTRICTED&TRUSTED Uid: 10108] ]
12-31 11:39:02.667   734   889 D WifiNetworkMonitor: EVENT_WIFI_RSSI_CHANGED
12-31 11:39:02.667   734   889 E WifiNetworkMonitor: Not any Obervers!!!
12-31 11:39:02.934   482  1083 D GNSSMGT : watchdog: PowerState[CP SLEEP], gps_flag[3], readcount[1684], idle time = 0, HeartCount = 0
12-31 11:39:03.761 32480 32480 W ample.smartlis: Class androidx.compose.runtime.snapshots.SnapshotStateList failed lock verification and will run slower.
12-31 11:39:03.761 32480 32480 W ample.smartlis: Common causes for lock verification issues are non-optimized dex code
12-31 11:39:03.761 32480 32480 W ample.smartlis: and incorrect proguard optimizations.
12-31 11:39:04.136 32526 32526 D ip_monitor-438: fd02:688e:2558::1 dev wlan0 lladdr c4:41:1e:37:37:30 router PROBE
12-31 11:39:04.165 32480 32480 W ample.smartlis: Accessing hidden method Landroid/view/View;->getViewRootImpl()Landroid/view/ViewRootImpl; (greylist, reflection, allowed)
12-31 11:39:04.165 32480 32480 W ample.smartlis: Accessing hidden field Landroid/view/View$AttachInfo;->mVisibleInsets:Landroid/graphics/Rect; (greylist, reflection, allowed)
12-31 11:39:04.165 32480 32480 W ample.smartlis: Accessing hidden field Landroid/view/ViewRootImpl;->mAttachInfo:Landroid/view/View$AttachInfo; (greylist, reflection, allowed)
12-31 11:39:04.376 32527 32527 D ip_monitor-438: 192.168.19.1 dev wlan0 lladdr c4:41:1e:37:37:30 REACHABLE
12-31 11:39:04.399   734  5673 D WindowManager: Input focus has changed to Window{31ee65a u0 com.example.smartlist/com.example.smartlist.MainActivity}
12-31 11:39:04.493 32480 32523 D mali_winsys: EGLint new_window_surface(egl_winsys_display *, void *, EGLSurface, EGLConfig, egl_winsys_surface **, EGLBoolean) returns 0x3000
12-31 11:39:04.494   358   358 I gralloc : mali_gralloc_select_format, AFBC is disabled now
12-31 11:39:04.494   358   358 I gralloc : mali_gralloc_select_format: req_format=0x00000001 req_fmt_mapped=0x0 internal_format=0x1 usage=0xb00
12-31 11:39:04.483   358   358 W allocator@2.0-s: type=1400 audit(0.0:49053): avc: denied { read } for name="u:object_r:default_prop:s0" dev="tmpfs" ino=7774 scontext=u:r:hal_graphics_allocator_default:s0 tcontext=u:object_r:default_prop:s0 tclass=file permissive=0
12-31 11:39:04.494   358   358 E libc    : Access denied finding property "enable_ion_heap_id_mask_cam"
12-31 11:39:04.495   358   358 I gralloc : gralloc=>alloc, share_fd=8, share_attr_fd=-1, magic=51647890, format=1, internal_format=1, byte_stride=1920, flags=4, usage=0x2816, size=1536000, width=480, height=800, internalWidth=480, internalHeight=800, stride=480, ADP_VSTRIDE=0,base=0xac72b000, writeOwner=0, attr_base=0xffffffff, yuv_info=1, fd=-1, buf_idx=0, offset=0, min_pgsz=4096, phyaddr=0
12-31 11:39:04.495   358   358 I gralloc : gralloc_unregister_buffer hnd=0xad53d000, share_fd=8, share_attr_fd=-1, magic=51647890, format=1, internal_format=1, byte_stride=1920, flags=4, usage=0xb00, size=1536000, width=480, height=800, internalWidth=480, internalHeight=800, stride=480, base=0xac72b000, writeOwner=0, attr_base=0xffffffff, yuv_info=1, fd=-1, buf_idx=0, offset=0, min_pgsz=4096, phyaddr=0
12-31 11:39:04.496   358   358 I gralloc : gralloc=>free hnd=0xad53d000, share_fd=8, share_attr_fd=-1, magic=51647890, format=1, internal_format=1, byte_stride=1920, flags=4, usage=2816, size=1536000, width=480, height=800, internalWidth=480, internalHeight=800, stride=480, base=0xac72b000, writeOwner=0, attr_base=0xffffffff, yuv_info=1, fd=-1, buf_idx=0, offset=0, min_pgsz=4096, phyaddr=0
12-31 11:39:04.496   388   525 I gralloc : gralloc_register_buffer hnd=0xad173ac0, share_fd=82, share_attr_fd=-1, magic=51647890, format=1, internal_format=1, byte_stride=1920, flags=4, usage=0xb00, size=1536000, width=480, height=800, internalWidth=480, internalHeight=800, stride=480, base=0xad570000, writeOwner=0, attr_base=0xffffffff, yuv_info=1, fd=-1, buf_idx=0, offset=0, min_pgsz=4096, phyaddr=0
12-31 11:39:04.496   358   358 I gralloc : mali_gralloc_select_format, AFBC is disabled now
12-31 11:39:04.483   358   358 W allocator@2.0-s: type=1400 audit(0.0:49054): avc: denied { read } for name="u:object_r:default_prop:s0" dev="tmpfs" ino=7774 scontext=u:r:hal_graphics_allocator_default:s0 tcontext=u:object_r:default_prop:s0 tclass=file permissive=0
12-31 11:39:04.496   358   358 I gralloc : mali_gralloc_select_format: req_format=0x00000001 req_fmt_mapped=0x0 internal_format=0x1 usage=0xb00
12-31 11:39:04.497   358   358 E libc    : Access denied finding property "enable_ion_heap_id_mask_cam"
12-31 11:39:04.498   358   358 I gralloc : gralloc=>alloc, share_fd=8, share_attr_fd=-1, magic=51647890, format=1, internal_format=1, byte_stride=1920, flags=4, usage=0x2816, size=1536000, width=480, height=800, internalWidth=480, internalHeight=800, stride=480, ADP_VSTRIDE=0,base=0xac72b000, writeOwner=0, attr_base=0xffffffff, yuv_info=1, fd=-1, buf_idx=0, offset=0, min_pgsz=4096, phyaddr=0
12-31 11:39:04.498   358   358 I gralloc : gralloc_unregister_buffer hnd=0xad53d000, share_fd=8, share_attr_fd=-1, magic=51647890, format=1, internal_format=1, byte_stride=1920, flags=4, usage=0xb00, size=1536000, width=480, height=800, internalWidth=480, internalHeight=800, stride=480, base=0xac72b000, writeOwner=0, attr_base=0xffffffff, yuv_info=1, fd=-1, buf_idx=0, offset=0, min_pgsz=4096, phyaddr=0
12-31 11:39:04.498   358   358 I gralloc : gralloc=>free hnd=0xad53d000, share_fd=8, share_attr_fd=-1, magic=51647890, format=1, internal_format=1, byte_stride=1920, flags=4, usage=2816, size=1536000, width=480, height=800, internalWidth=480, internalHeight=800, stride=480, base=0xac72b000, writeOwner=0, attr_base=0xffffffff, yuv_info=1, fd=-1, buf_idx=0, offset=0, min_pgsz=4096, phyaddr=0
12-31 11:39:04.498   388   525 I gralloc : gralloc_register_buffer hnd=0xad173b80, share_fd=85, share_attr_fd=-1, magic=51647890, format=1, internal_format=1, byte_stride=1920, flags=4, usage=0xb00, size=1536000, width=480, height=800, internalWidth=480, internalHeight=800, stride=480, base=0xad3f9000, writeOwner=0, attr_base=0xffffffff, yuv_info=1, fd=-1, buf_idx=0, offset=0, min_pgsz=4096, phyaddr=0
12-31 11:39:04.499   358   358 I gralloc : mali_gralloc_select_format, AFBC is disabled now
12-31 11:39:04.499   358   358 I gralloc : mali_gralloc_select_format: req_format=0x00000001 req_fmt_mapped=0x0 internal_format=0x1 usage=0xb00
12-31 11:39:04.483   358   358 W allocator@2.0-s: type=1400 audit(0.0:49055): avc: denied { read } for name="u:object_r:default_prop:s0" dev="tmpfs" ino=7774 scontext=u:r:hal_graphics_allocator_default:s0 tcontext=u:object_r:default_prop:s0 tclass=file permissive=0
12-31 11:39:04.499   358   358 E libc    : Access denied finding property "enable_ion_heap_id_mask_cam"
12-31 11:39:04.501   358   358 I gralloc : gralloc=>alloc, share_fd=8, share_attr_fd=-1, magic=51647890, format=1, internal_format=1, byte_stride=1920, flags=4, usage=0x2816, size=1536000, width=480, height=800, internalWidth=480, internalHeight=800, stride=480, ADP_VSTRIDE=0,base=0xac72b000, writeOwner=0, attr_base=0xffffffff, yuv_info=1, fd=-1, buf_idx=0, offset=0, min_pgsz=4096, phyaddr=0
12-31 11:39:04.501   358   358 I gralloc : gralloc_unregister_buffer hnd=0xad53d000, share_fd=8, share_attr_fd=-1, magic=51647890, format=1, internal_format=1, byte_stride=1920, flags=4, usage=0xb00, size=1536000, width=480, height=800, internalWidth=480, internalHeight=800, stride=480, base=0xac72b000, writeOwner=0, attr_base=0xffffffff, yuv_info=1, fd=-1, buf_idx=0, offset=0, min_pgsz=4096, phyaddr=0
12-31 11:39:04.501   388   525 I gralloc : gralloc_register_buffer hnd=0xad173c40, share_fd=89, share_attr_fd=-1, magic=51647890, format=1, internal_format=1, byte_stride=1920, flags=4, usage=0xb00, size=1536000, width=480, height=800, internalWidth=480, internalHeight=800, stride=480, base=0xad282000, writeOwner=0, attr_base=0xffffffff, yuv_info=1, fd=-1, buf_idx=0, offset=0, min_pgsz=4096, phyaddr=0
12-31 11:39:04.501   358   358 I gralloc : gralloc=>free hnd=0xad53d000, share_fd=8, share_attr_fd=-1, magic=51647890, format=1, internal_format=1, byte_stride=1920, flags=4, usage=2816, size=1536000, width=480, height=800, internalWidth=480, internalHeight=800, stride=480, base=0xac72b000, writeOwner=0, attr_base=0xffffffff, yuv_info=1, fd=-1, buf_idx=0, offset=0, min_pgsz=4096, phyaddr=0
12-31 11:39:04.555   248   248 I hwservicemanager: getTransport: Cannot find entry android.hardware.graphics.mapper@3.0::IMapper/default in either framework or device manifest.
12-31 11:39:04.555 32480 32523 W Gralloc3: mapper 3.x is not supported
12-31 11:39:04.572 32480 32523 I gralloc : gralloc_register_buffer hnd=0x97868e00, share_fd=64, share_attr_fd=-1, magic=51647890, format=1, internal_format=1, byte_stride=1920, flags=4, usage=0xb00, size=1536000, width=480, height=800, internalWidth=480, internalHeight=800, stride=480, base=0x81c30000, writeOwner=0, attr_base=0xffffffff, yuv_info=1, fd=-1, buf_idx=0, offset=0, min_pgsz=4096, phyaddr=0
12-31 11:39:04.572 32480 32523 E libc    : Access denied finding property "ro.vendor.sf.fbc"
12-31 11:39:04.572 32480 32523 E libc    : Access denied finding property "ro.vendor.gpu.fbc"
12-31 11:39:04.573 32480 32523 E libc    : Access denied finding property "ro.vendor.whale2.afbc"
12-31 11:39:04.573 32480 32523 I gralloc : mali_gralloc_select_format, AFBC is disabled now
12-31 11:39:04.573 32480 32523 I gralloc : mali_gralloc_select_format: req_format=0x00000001 req_fmt_mapped=0x0 internal_format=0x1 usage=0xb00
12-31 11:39:04.574 32480 32523 E         : Shared attribute region not available to be mapped
12-31 11:39:04.563 32480 32480 W RenderThread: type=1400 audit(0.0:49056): avc: denied { read } for name="u:object_r:vendor_default_prop:s0" dev="tmpfs" ino=7865 scontext=u:r:untrusted_app:s0:c223,c256,c512,c768 tcontext=u:object_r:vendor_default_prop:s0 tclass=file permissive=0
12-31 11:39:04.563 32480 32480 I chatty  : uid=10223(com.example.smartlist) identical 1 line
12-31 11:39:04.563 32480 32480 W RenderThread: type=1400 audit(0.0:49058): avc: denied { read } for name="u:object_r:vendor_default_prop:s0" dev="tmpfs" ino=7865 scontext=u:r:untrusted_app:s0:c223,c256,c512,c768 tcontext=u:object_r:vendor_default_prop:s0 tclass=file permissive=0
12-31 11:39:04.624 32537 32537 D ip_monitor-438: fd02:688e:2558::1 dev wlan0 lladdr c4:41:1e:37:37:30 router REACHABLE
12-31 11:39:04.697   388   525 E         : Shared attribute region not available to be mapped
12-31 11:39:04.699 32480 32523 I OpenGLRenderer: Davey! duration=3206ms; Flags=1, IntendedVsync=345736980481420, Vsync=345737747148102, OldestInputEvent=9223372036854775807, NewestInputEvent=0, HandleInputStart=345737753703705, AnimationStart=345737753831974, PerformTraversalsStart=345737754346474, DrawStart=345739983637626, SyncQueued=345740041376164, SyncStart=345740042465549, IssueDrawCommandsStart=345740042627241, SwapBuffers=345740184868857, FrameCompleted=345740188402895, DequeueBufferDuration=464000, QueueBufferDuration=1047000, 
12-31 11:39:04.711   734   761 I ActivityTaskManager: Displayed com.example.smartlist/.MainActivity: +6s580ms
12-31 11:39:04.719   734   756 I gralloc : gralloc_unregister_buffer hnd=0x80bf68c0, share_fd=390, share_attr_fd=-1, magic=51647890, format=1, internal_format=1, byte_stride=1920, flags=4, usage=0x966, size=1536000, width=480, height=800, internalWidth=480, internalHeight=800, stride=480, base=0x6b54a000, writeOwner=48, attr_base=0xffffffff, yuv_info=1, fd=-1, buf_idx=0, offset=0, min_pgsz=4096, phyaddr=0
12-31 11:39:04.727   376   376 D PowerHAL: ###Enter interaction_other scene bgn###
12-31 11:39:04.727   376   376 D PowerHAL: Enter common_set: enable:1, duration: 500, /sys/devices/system/cpu/cpuhotplug/cluster0_core_min_limit: 4
12-31 11:39:04.727   376   376 D PowerHAL: Enter common_set: enable:1, duration: 500, /sys/devices/system/cpu/cpuhotplug/cluster0_core_max_limit: 4
12-31 11:39:04.728   376   376 D PowerHAL: Enter common_subsys_set: enable:1, duration: 500, subsys:cpufreq: conf_2:5
12-31 11:39:04.728   376   376 D PowerHAL: ###Enter interaction_other scene end###
12-31 11:39:04.753 32480 32480 D ItemsScreen: LaunchedEffect(showAddDialog) -> showAddDialog=false
12-31 11:39:04.753 32480 32480 D ItemsScreen: Dialog closed: clearing focus and hiding keyboard
12-31 11:39:04.761   359   359 I gralloc : gralloc_register_buffer hnd=0xacc3cc00, share_fd=35, share_attr_fd=-1, magic=51647890, format=1, internal_format=1, byte_stride=1920, flags=4, usage=0xb00, size=1536000, width=480, height=800, internalWidth=480, internalHeight=800, stride=480, base=0xaa1be000, writeOwner=0, attr_base=0xffffffff, yuv_info=1, fd=-1, buf_idx=0, offset=0, min_pgsz=4096, phyaddr=0
12-31 11:39:04.772 32480 32480 I Choreographer: Skipped 139 frames!  The application may be doing too much work on its main thread.
12-31 11:39:04.781 32480 32523 I gralloc : gralloc_register_buffer hnd=0x83958b40, share_fd=67, share_attr_fd=-1, magic=51647890, format=1, internal_format=1, byte_stride=1920, flags=4, usage=0xb00, size=1536000, width=480, height=800, internalWidth=480, internalHeight=800, stride=480, base=0x817ae000, writeOwner=0, attr_base=0xffffffff, yuv_info=1, fd=-1, buf_idx=0, offset=0, min_pgsz=4096, phyaddr=0
12-31 11:39:04.781 32480 32523 I gralloc : mali_gralloc_select_format, AFBC is disabled now
12-31 11:39:04.781 32480 32523 I gralloc : mali_gralloc_select_format: req_format=0x00000001 req_fmt_mapped=0x0 internal_format=0x1 usage=0xb00
12-31 11:39:04.782 32480 32523 E         : Shared attribute region not available to be mapped
12-31 11:39:04.785   388   525 E         : Shared attribute region not available to be mapped
12-31 11:39:04.785 32480 32523 I OpenGLRenderer: Davey! duration=2344ms; Flags=0, IntendedVsync=345737931032510, Vsync=345740247699223, OldestInputEvent=9223372036854775807, NewestInputEvent=0, HandleInputStart=345740262983472, AnimationStart=345740263146818, PerformTraversalsStart=345740263929280, DrawStart=345740268661472, SyncQueued=345740270207049, SyncStart=345740270574895, IssueDrawCommandsStart=345740270712472, SwapBuffers=345740274152780, FrameCompleted=345740275582357, DequeueBufferDuration=171000, QueueBufferDuration=546000, 
12-31 11:39:04.794   359   359 I gralloc : gralloc_register_buffer hnd=0xacc3d140, share_fd=29, share_attr_fd=-1, magic=51647890, format=1, internal_format=1, byte_stride=1920, flags=4, usage=0xb00, size=1536000, width=480, height=800, internalWidth=480, internalHeight=800, stride=480, base=0xa9f46000, writeOwner=0, attr_base=0xffffffff, yuv_info=1, fd=-1, buf_idx=0, offset=0, min_pgsz=4096, phyaddr=0
12-31 11:39:04.828 29176 29176 I GoogleInputMethodService: GoogleInputMethodService.onFinishInput():2092 
12-31 11:39:04.835  8471  8672 I FontLog : (REDACTED) Received query %s, URI %s
12-31 11:39:04.838  8471  8672 I FontLog : (REDACTED) Query [%s] resolved to %s
12-31 11:39:04.870 29176 29176 I Module  : DeviceLockedStatusModuleProvider$Module.updateDeviceLockedStatus():103 repeatCheckTimes = 0, locked = false
12-31 11:39:04.874 29176 29176 W NotificationCenter: NotificationCenter$NotificationQueue.notifyPendingNotificationsOnExecutor():877 Heavy notify work detected on UI thread: [iud->ita, iud->egw, iud->guv, iud->guv, iud->guv, iud->guv, iud->guv, iud->gwp, iud->eqa, iud->guv, iud->hzy, iud->guv, iud->guv, iud->igr, iud->knd, iud->guv, iud->guv, iud->guv, iud->jer] takes 22ms
12-31 11:39:04.881  8471  8672 I FontLog : (REDACTED) Fetch %s end status %s
12-31 11:39:04.882 32480 32480 D ItemsScreen: rendering item row id=063f8fa7-c2e0-4c0f-8952-c5fe617b0b87 text='chia'
12-31 11:39:04.887 29176 29176 I GoogleInputMethodService: GoogleInputMethodService.onStartInput():1349 onStartInput(EditorInfo{EditorInfo{packageName=com.example.smartlist, inputType=0, inputTypeString=NULL, enableLearning=false, autoCorrection=false, autoComplete=false, imeOptions=0, privateImeOptions=null, actionName=UNSPECIFIED, actionLabel=null, initialSelStart=-1, initialSelEnd=-1, initialCapsMode=0, label=null, fieldId=-1, fieldName=null, extras=null, hintText=null, hintLocales=[]}}, false)
12-31 11:39:04.903 29176 29176 I Module  : DeviceLockedStatusModuleProvider$Module.updateDeviceLockedStatus():103 repeatCheckTimes = 1, locked = false
12-31 11:39:04.910   359   359 I gralloc : gralloc_unregister_buffer hnd=0xacc3cfc0, share_fd=43, share_attr_fd=-1, magic=51647890, format=1, internal_format=1, byte_stride=1920, flags=4, usage=0x966, size=1536000, width=480, height=800, internalWidth=480, internalHeight=800, stride=480, base=0xa9dcf000, writeOwner=0, attr_base=0xffffffff, yuv_info=1, fd=-1, buf_idx=0, offset=0, min_pgsz=4096, phyaddr=0
12-31 11:39:04.925   388   388 I gralloc : gralloc_unregister_buffer hnd=0xad1716c0, share_fd=79, share_attr_fd=-1, magic=51647890, format=1, internal_format=1, byte_stride=1920, flags=4, usage=0x966, size=1536000, width=480, height=800, internalWidth=480, internalHeight=800, stride=480, base=0xadc4b000, writeOwner=0, attr_base=0xffffffff, yuv_info=1, fd=-1, buf_idx=0, offset=0, min_pgsz=4096, phyaddr=0
12-31 11:39:04.934   482  1083 D GNSSMGT : watchdog: PowerState[CP SLEEP], gps_flag[3], readcount[1684], idle time = 0, HeartCount = 0
12-31 11:39:04.940  8471  8672 I FontLog : (REDACTED) Pulling font file for id = %d, cache size = %d
12-31 11:39:04.988  8471  8672 I FontLog : (REDACTED) Pulling font file for id = %d, cache size = %d
12-31 11:39:05.024 32480 32480 D ItemsScreen: text focus for 063f8fa7-c2e0-4c0f-8952-c5fe617b0b87 = false
12-31 11:39:05.026 32480 32480 D ItemsScreen: row focus for 063f8fa7-c2e0-4c0f-8952-c5fe617b0b87 = false
12-31 11:39:05.026 32480 32480 D ItemsScreen: card focus for 063f8fa7-c2e0-4c0f-8952-c5fe617b0b87 = false
12-31 11:39:05.058 32480 32480 D ItemsScreen: rendering item row id=6ff0b91d-693f-47bf-936c-3f67955b3c9c text='cafe'
12-31 11:39:05.116 32480 32480 D ItemsScreen: text focus for 6ff0b91d-693f-47bf-936c-3f67955b3c9c = false
12-31 11:39:05.119 32480 32480 D ItemsScreen: row focus for 6ff0b91d-693f-47bf-936c-3f67955b3c9c = false
12-31 11:39:05.120 32480 32480 D ItemsScreen: card focus for 6ff0b91d-693f-47bf-936c-3f67955b3c9c = false
12-31 11:39:05.154 32480 32480 D ItemsScreen: rendering item row id=4bb1e209-f87b-44ec-9b3c-8e841c00b024 text='harina pan'
12-31 11:39:05.210 32480 32480 D ItemsScreen: text focus for 4bb1e209-f87b-44ec-9b3c-8e841c00b024 = false
12-31 11:39:05.212 32480 32480 D ItemsScreen: row focus for 4bb1e209-f87b-44ec-9b3c-8e841c00b024 = false
12-31 11:39:05.212 32480 32480 D ItemsScreen: card focus for 4bb1e209-f87b-44ec-9b3c-8e841c00b024 = false
12-31 11:39:05.229   376   419 D PowerHAL: ##Timing deboost
12-31 11:39:05.230   376   419 D PowerHAL: Enter common_set: enable:0, duration: 0, /sys/devices/system/cpu/cpuhotplug/cluster0_core_min_limit: 
12-31 11:39:05.230   376   419 D PowerHAL: Enter common_clear: 
12-31 11:39:05.230   376   419 D PowerHAL: ##Timing deboost
12-31 11:39:05.230   376   419 D PowerHAL: Enter common_set: enable:0, duration: 0, /sys/devices/system/cpu/cpuhotplug/cluster0_core_max_limit: 
12-31 11:39:05.290   376   419 D PowerHAL: Enter common_clear: 
12-31 11:39:05.290   376   419 D PowerHAL: ##Timing deboost
12-31 11:39:05.290   376   419 D PowerHAL: Enter common_subsys_set: enable:0, duration: 0, subsys:cpufreq: 
12-31 11:39:05.369 32480 32523 I gralloc : gralloc_register_buffer hnd=0x839598c0, share_fd=69, share_attr_fd=-1, magic=51647890, format=1, internal_format=1, byte_stride=1920, flags=4, usage=0xb00, size=1536000, width=480, height=800, internalWidth=480, internalHeight=800, stride=480, base=0x80086000, writeOwner=0, attr_base=0xffffffff, yuv_info=1, fd=-1, buf_idx=0, offset=0, min_pgsz=4096, phyaddr=0
12-31 11:39:05.370 32480 32523 I gralloc : mali_gralloc_select_format, AFBC is disabled now
12-31 11:39:05.370 32480 32523 I gralloc : mali_gralloc_select_format: req_format=0x00000001 req_fmt_mapped=0x0 internal_format=0x1 usage=0xb00
12-31 11:39:05.370 32480 32523 E         : Shared attribute region not available to be mapped
12-31 11:39:05.375   388   532 E         : Shared attribute region not available to be mapped
12-31 11:39:05.376   359   359 I gralloc : gralloc_register_buffer hnd=0xacc3ccc0, share_fd=43, share_attr_fd=-1, magic=51647890, format=1, internal_format=1, byte_stride=1920, flags=4, usage=0xb00, size=1536000, width=480, height=800, internalWidth=480, internalHeight=800, stride=480, base=0xa9dcf000, writeOwner=0, attr_base=0xffffffff, yuv_info=1, fd=-1, buf_idx=0, offset=0, min_pgsz=4096, phyaddr=0
12-31 11:39:05.382 32480 32480 D ItemsScreen: Startup LaunchedEffect: clearing focus and hiding keyboard
12-31 11:39:05.385 32480 32480 I Choreographer: Skipped 31 frames!  The application may be doing too much work on its main thread.
12-31 11:39:05.553 32480 32480 D ItemsScreen: rendering item row id=063f8fa7-c2e0-4c0f-8952-c5fe617b0b87 text='chia'
12-31 11:39:05.599 32480 32480 D ItemsScreen: text focus for 063f8fa7-c2e0-4c0f-8952-c5fe617b0b87 = false
12-31 11:39:05.600 32480 32480 D ItemsScreen: row focus for 063f8fa7-c2e0-4c0f-8952-c5fe617b0b87 = false
12-31 11:39:05.600 32480 32480 D ItemsScreen: card focus for 063f8fa7-c2e0-4c0f-8952-c5fe617b0b87 = false
12-31 11:39:05.627 32480 32480 D ItemsScreen: rendering item row id=6ff0b91d-693f-47bf-936c-3f67955b3c9c text='cafe'
12-31 11:39:05.663   734   889 D WifiNetworkMonitor: EVENT_WIFI_RSSI_CHANGED
12-31 11:39:05.663   734   890 D WifiRssiLinkSpeedAndFrequencyMonitor: EVENT_WIFI_RSSI_LINKSPEED_FREQUENCY_CHANGED
12-31 11:39:05.663   734   890 D WifiRssiLinkSpeedAndFrequencyMonitor: Not any Obervers!!!
12-31 11:39:05.663   734   889 E WifiNetworkMonitor: Not any Obervers!!!
12-31 11:39:05.675 32480 32480 D ItemsScreen: text focus for 6ff0b91d-693f-47bf-936c-3f67955b3c9c = false
12-31 11:39:05.677 32480 32480 D ItemsScreen: row focus for 6ff0b91d-693f-47bf-936c-3f67955b3c9c = false
12-31 11:39:05.677 32480 32480 D ItemsScreen: card focus for 6ff0b91d-693f-47bf-936c-3f67955b3c9c = false
12-31 11:39:05.703 32480 32480 D ItemsScreen: rendering item row id=4bb1e209-f87b-44ec-9b3c-8e841c00b024 text='harina pan'
12-31 11:39:05.751 32480 32480 D ItemsScreen: text focus for 4bb1e209-f87b-44ec-9b3c-8e841c00b024 = false
12-31 11:39:05.753 32480 32480 D ItemsScreen: row focus for 4bb1e209-f87b-44ec-9b3c-8e841c00b024 = false
12-31 11:39:05.753 32480 32480 D ItemsScreen: card focus for 4bb1e209-f87b-44ec-9b3c-8e841c00b024 = false
12-31 11:39:06.048 32480 32480 D ItemsScreen: rendering item row id=063f8fa7-c2e0-4c0f-8952-c5fe617b0b87 text='chia'
12-31 11:39:06.095 32480 32480 D ItemsScreen: text focus for 063f8fa7-c2e0-4c0f-8952-c5fe617b0b87 = false
12-31 11:39:06.096 32480 32480 D ItemsScreen: row focus for 063f8fa7-c2e0-4c0f-8952-c5fe617b0b87 = false
12-31 11:39:06.097 32480 32480 D ItemsScreen: card focus for 063f8fa7-c2e0-4c0f-8952-c5fe617b0b87 = false
12-31 11:39:06.122 32480 32480 D ItemsScreen: rendering item row id=6ff0b91d-693f-47bf-936c-3f67955b3c9c text='cafe'
12-31 11:39:06.168 32480 32480 D ItemsScreen: text focus for 6ff0b91d-693f-47bf-936c-3f67955b3c9c = false
12-31 11:39:06.169 32480 32480 D ItemsScreen: row focus for 6ff0b91d-693f-47bf-936c-3f67955b3c9c = false
12-31 11:39:06.170 32480 32480 D ItemsScreen: card focus for 6ff0b91d-693f-47bf-936c-3f67955b3c9c = false
12-31 11:39:06.177   504   546 D WCND    : is_cp2_alive_ok: open polling interface: /proc/mdbg/loopcheck, fd = 13
12-31 11:39:06.194 32480 32480 D ItemsScreen: rendering item row id=4bb1e209-f87b-44ec-9b3c-8e841c00b024 text='harina pan'
12-31 11:39:06.233 32480 32480 D ItemsScreen: text focus for 4bb1e209-f87b-44ec-9b3c-8e841c00b024 = false
12-31 11:39:06.234 32480 32480 D ItemsScreen: row focus for 4bb1e209-f87b-44ec-9b3c-8e841c00b024 = false
12-31 11:39:06.235 32480 32480 D ItemsScreen: card focus for 4bb1e209-f87b-44ec-9b3c-8e841c00b024 = false
12-31 11:39:06.277   504   546 D WCND    : is_cp2_alive_ok: loop: /proc/mdbg/loopcheck is OK
12-31 11:39:06.442   376   376 D PowerHAL: ###Exit launch scene bgn###
12-31 11:39:06.442   376   376 D PowerHAL: Enter common_subsys_set: enable:0, duration: 0, subsys:cpufreq: conf_2:5
12-31 11:39:06.442   376   376 D PowerHAL: Enter common_subsys_clear: cpufreq
12-31 11:39:06.442   376   376 D PowerHAL: Enter devfreq_ddr_set: enable:0, duration: 0, /sys/class/devfreq/scene-frequency/sprd_governor/scene_boost_dfs: max
12-31 11:39:06.443   376   376 D PowerHAL: ###Exit launch scene end###
12-31 11:39:06.473 32480 32480 D ItemsScreen: rendering item row id=063f8fa7-c2e0-4c0f-8952-c5fe617b0b87 text='chia'
12-31 11:39:06.498   388   388 I gralloc : gralloc_unregister_buffer hnd=0xad1734c0, share_fd=80, share_attr_fd=-1, magic=51647890, format=1, internal_format=1, byte_stride=1920, flags=4, usage=0xb00, size=1536000, width=480, height=800, internalWidth=480, internalHeight=800, stride=480, base=0xada60000, writeOwner=0, attr_base=0xffffffff, yuv_info=1, fd=-1, buf_idx=0, offset=0, min_pgsz=4096, phyaddr=0
