12-31 11:39:12.677   388   388 E         : Shared attribute region not available to be mapped
12-31 11:39:12.678   358   358 I gralloc : gralloc_unregister_buffer hnd=0xad53d000, share_fd=8, share_attr_fd=-1, magic=51647890, format=1, internal_format=1, byte_stride=1152, flags=4, usage=0x366, size=552960, width=288, height=480, internalWidth=288, internalHeight=480, stride=288, base=0xac81b000, writeOwner=0, attr_base=0xffffffff, yuv_info=1, fd=-1, buf_idx=0, offset=0, min_pgsz=4096, phyaddr=0
12-31 11:39:12.678   358   358 I gralloc : gralloc=>free hnd=0xad53d000, share_fd=8, share_attr_fd=-1, magic=51647890, format=1, internal_format=1, byte_stride=1152, flags=4, usage=870, size=552960, width=288, height=480, internalWidth=288, internalHeight=480, stride=288, base=0xac81b000, writeOwner=0, attr_base=0xffffffff, yuv_info=1, fd=-1, buf_idx=0, offset=0, min_pgsz=4096, phyaddr=0
12-31 11:39:12.680   376   376 D PowerHAL: ###Enter interaction_other scene bgn###
12-31 11:39:12.680   376   376 D PowerHAL: Enter common_set: enable:1, duration: 500, /sys/devices/system/cpu/cpuhotplug/cluster0_core_min_limit: 4
12-31 11:39:12.680   376   376 D PowerHAL: Enter common_set: enable:1, duration: 500, /sys/devices/system/cpu/cpuhotplug/cluster0_core_max_limit: 4
12-31 11:39:12.680   376   376 D PowerHAL: Enter common_subsys_set: enable:1, duration: 500, subsys:cpufreq: conf_2:5
12-31 11:39:12.680   376   376 D PowerHAL: ###Enter interaction_other scene end###
12-31 11:39:12.683 32480 32480 D ItemsScreen: text focus for 6ff0b91d-693f-47bf-936c-3f67955b3c9c = false
12-31 11:39:12.683   734   756 I gralloc : gralloc_register_buffer hnd=0x80bf7280, share_fd=391, share_attr_fd=-1, magic=51647890, format=1, internal_format=1, byte_stride=1152, flags=4, usage=0x366, size=552960, width=288, height=480, internalWidth=288, internalHeight=480, stride=288, base=0x6da40000, writeOwner=0, attr_base=0xffffffff, yuv_info=1, fd=-1, buf_idx=0, offset=0, min_pgsz=4096, phyaddr=0
12-31 11:39:12.683   734   756 I gralloc : mali_gralloc_select_format, AFBC is disabled now
12-31 11:39:12.683   734   756 I gralloc : mali_gralloc_select_format: req_format=0x00000001 req_fmt_mapped=0x0 internal_format=0x1 usage=0x366
12-31 11:39:12.684 32480 32480 D ItemsScreen: row focus for 6ff0b91d-693f-47bf-936c-3f67955b3c9c = false
12-31 11:39:12.685 32480 32480 D ItemsScreen: card focus for 6ff0b91d-693f-47bf-936c-3f67955b3c9c = false
12-31 11:39:12.689 27813 30236 I gralloc : gralloc_register_buffer hnd=0x84262d80, share_fd=132, share_attr_fd=-1, magic=51647890, format=1, internal_format=1, byte_stride=1152, flags=4, usage=0x366, size=552960, width=288, height=480, internalWidth=288, internalHeight=480, stride=288, base=0x81727000, writeOwner=0, attr_base=0xffffffff, yuv_info=1, fd=-1, buf_idx=0, offset=0, min_pgsz=4096, phyaddr=0
12-31 11:39:12.690 27813 30236 I gralloc : mali_gralloc_select_format, AFBC is disabled now
12-31 11:39:12.690 27813 30236 I gralloc : mali_gralloc_select_format: req_format=0x00000001 req_fmt_mapped=0x0 internal_format=0x1 usage=0x366
12-31 11:39:12.690   972  4993 I gralloc : gralloc_register_buffer hnd=0x783148c0, share_fd=145, share_attr_fd=-1, magic=51647890, format=1, internal_format=1, byte_stride=1152, flags=4, usage=0x366, size=552960, width=288, height=480, internalWidth=288, internalHeight=480, stride=288, base=0x7dddf000, writeOwner=0, attr_base=0xffffffff, yuv_info=1, fd=-1, buf_idx=0, offset=0, min_pgsz=4096, phyaddr=0
12-31 11:39:12.690   972  4993 I gralloc : mali_gralloc_select_format, AFBC is disabled now
12-31 11:39:12.690   972  4993 I gralloc : mali_gralloc_select_format: req_format=0x00000001 req_fmt_mapped=0x0 internal_format=0x1 usage=0x366
12-31 11:39:12.695 29176 29176 I GoogleInputMethodService: GoogleInputMethodService.onFinishInput():2092 
12-31 11:39:12.697 29176 29176 I Module  : DeviceLockedStatusModuleProvider$Module.updateDeviceLockedStatus():103 repeatCheckTimes = 0, locked = false
12-31 11:39:12.697 29176 29176 I GoogleInputMethodService: GoogleInputMethodService.onStartInput():1349 onStartInput(EditorInfo{EditorInfo{packageName=com.android.launcher3, inputType=0, inputTypeString=NULL, enableLearning=false, autoCorrection=false, autoComplete=false, imeOptions=0, privateImeOptions=null, actionName=UNSPECIFIED, actionLabel=null, initialSelStart=-1, initialSelEnd=-1, initialCapsMode=0, label=null, fieldId=-1, fieldName=null, extras=null, hintText=null, hintLocales=[]}}, false)
12-31 11:39:12.699 29176 29176 I Module  : DeviceLockedStatusModuleProvider$Module.updateDeviceLockedStatus():103 repeatCheckTimes = 1, locked = false
12-31 11:39:12.706 32480 32480 D ItemsScreen: rendering item row id=4bb1e209-f87b-44ec-9b3c-8e841c00b024 text='harina pan'
12-31 11:39:12.715   359   359 I gralloc : gralloc_register_buffer hnd=0xacc3d380, share_fd=46, share_attr_fd=-1, magic=51647890, format=1, internal_format=1, byte_stride=1920, flags=4, usage=0xb00, size=1536000, width=480, height=800, internalWidth=480, internalHeight=800, stride=480, base=0xa94c0000, writeOwner=0, attr_base=0xffffffff, yuv_info=1, fd=-1, buf_idx=0, offset=0, min_pgsz=4096, phyaddr=0
12-31 11:39:12.715   359   359 I gralloc : gralloc_register_buffer hnd=0xacc3d440, share_fd=48, share_attr_fd=-1, magic=51647890, format=1, internal_format=1, byte_stride=1920, flags=4, usage=0xb00, size=1536000, width=480, height=800, internalWidth=480, internalHeight=800, stride=480, base=0xa9349000, writeOwner=0, attr_base=0xffffffff, yuv_info=1, fd=-1, buf_idx=0, offset=0, min_pgsz=4096, phyaddr=0
12-31 11:39:12.716   388   388 I gralloc : gralloc_unregister_buffer hnd=0xad173dc0, share_fd=90, share_attr_fd=-1, magic=51647890, format=1, internal_format=1, byte_stride=1152, flags=4, usage=0x366, size=552960, width=288, height=480, internalWidth=288, internalHeight=480, stride=288, base=0xace84000, writeOwner=0, attr_base=0xffffffff, yuv_info=1, fd=-1, buf_idx=0, offset=0, min_pgsz=4096, phyaddr=0
12-31 11:39:12.720 32480 32480 D ItemsScreen: text focus for 4bb1e209-f87b-44ec-9b3c-8e841c00b024 = false
12-31 11:39:12.721 32480 32480 D ItemsScreen: row focus for 4bb1e209-f87b-44ec-9b3c-8e841c00b024 = false
12-31 11:39:12.721 32480 32480 D ItemsScreen: card focus for 4bb1e209-f87b-44ec-9b3c-8e841c00b024 = false
12-31 11:39:12.845 32480 32480 D ItemsScreen: rendering item row id=063f8fa7-c2e0-4c0f-8952-c5fe617b0b87 text='chia'
12-31 11:39:12.858 32480 32480 D ItemsScreen: text focus for 063f8fa7-c2e0-4c0f-8952-c5fe617b0b87 = false
12-31 11:39:12.859 32480 32480 D ItemsScreen: row focus for 063f8fa7-c2e0-4c0f-8952-c5fe617b0b87 = false
12-31 11:39:12.859 32480 32480 D ItemsScreen: card focus for 063f8fa7-c2e0-4c0f-8952-c5fe617b0b87 = false
12-31 11:39:12.870 32480 32480 D ItemsScreen: rendering item row id=6ff0b91d-693f-47bf-936c-3f67955b3c9c text='cafe'
12-31 11:39:12.881 32480 32480 D ItemsScreen: text focus for 6ff0b91d-693f-47bf-936c-3f67955b3c9c = false
12-31 11:39:12.882 32480 32480 D ItemsScreen: row focus for 6ff0b91d-693f-47bf-936c-3f67955b3c9c = false
12-31 11:39:12.882 32480 32480 D ItemsScreen: card focus for 6ff0b91d-693f-47bf-936c-3f67955b3c9c = false
12-31 11:39:12.898   359   359 I gralloc : gralloc_unregister_buffer hnd=0xacc3ccc0, share_fd=43, share_attr_fd=-1, magic=51647890, format=1, internal_format=1, byte_stride=1920, flags=4, usage=0xb00, size=1536000, width=480, height=800, internalWidth=480, internalHeight=800, stride=480, base=0xa9dcf000, writeOwner=0, attr_base=0xffffffff, yuv_info=1, fd=-1, buf_idx=0, offset=0, min_pgsz=4096, phyaddr=0
12-31 11:39:12.898   359   359 I gralloc : gralloc_unregister_buffer hnd=0xacc3d140, share_fd=29, share_attr_fd=-1, magic=51647890, format=1, internal_format=1, byte_stride=1920, flags=4, usage=0xb00, size=1536000, width=480, height=800, internalWidth=480, internalHeight=800, stride=480, base=0xa9f46000, writeOwner=0, attr_base=0xffffffff, yuv_info=1, fd=-1, buf_idx=0, offset=0, min_pgsz=4096, phyaddr=0
12-31 11:39:12.898   359   359 I gralloc : gralloc_unregister_buffer hnd=0xacc3cc00, share_fd=35, share_attr_fd=-1, magic=51647890, format=1, internal_format=1, byte_stride=1920, flags=4, usage=0xb00, size=1536000, width=480, height=800, internalWidth=480, internalHeight=800, stride=480, base=0xaa1be000, writeOwner=0, attr_base=0xffffffff, yuv_info=1, fd=-1, buf_idx=0, offset=0, min_pgsz=4096, phyaddr=0
12-31 11:39:12.898 32480 32480 D ItemsScreen: rendering item row id=4bb1e209-f87b-44ec-9b3c-8e841c00b024 text='harina pan'
12-31 11:39:12.912 32480 32480 D ItemsScreen: text focus for 4bb1e209-f87b-44ec-9b3c-8e841c00b024 = false
12-31 11:39:12.912 32480 32480 D ItemsScreen: row focus for 4bb1e209-f87b-44ec-9b3c-8e841c00b024 = false
12-31 11:39:12.913 32480 32480 D ItemsScreen: card focus for 4bb1e209-f87b-44ec-9b3c-8e841c00b024 = false
12-31 11:39:12.920   734 12076 E         : Shared attribute region not available to be mapped
12-31 11:39:12.922   734 12076 I gralloc : gralloc_unregister_buffer hnd=0x80bf7880, share_fd=392, share_attr_fd=-1, magic=51647890, format=1, internal_format=1, byte_stride=1152, flags=4, usage=0x366, size=552960, width=288, height=480, internalWidth=288, internalHeight=480, stride=288, base=0x6e2c7000, writeOwner=0, attr_base=0xffffffff, yuv_info=1, fd=-1, buf_idx=0, offset=0, min_pgsz=4096, phyaddr=0
12-31 11:39:12.923   734 12076 I gralloc : gralloc_unregister_buffer hnd=0x80bf7400, share_fd=393, share_attr_fd=-1, magic=51647890, format=1, internal_format=1, byte_stride=1152, flags=4, usage=0x366, size=552960, width=288, height=480, internalWidth=288, internalHeight=480, stride=288, base=0x6e240000, writeOwner=0, attr_base=0xffffffff, yuv_info=1, fd=-1, buf_idx=0, offset=0, min_pgsz=4096, phyaddr=0
12-31 11:39:12.935   482  1083 D GNSSMGT : watchdog: PowerState[CP SLEEP], gps_flag[3], readcount[1684], idle time = 0, HeartCount = 0
12-31 11:39:13.172   388  1189 I gralloc : gralloc_unregister_buffer hnd=0xad173ac0, share_fd=82, share_attr_fd=-1, magic=51647890, format=1, internal_format=1, byte_stride=1920, flags=4, usage=0xb00, size=1536000, width=480, height=800, internalWidth=480, internalHeight=800, stride=480, base=0xad570000, writeOwner=0, attr_base=0xffffffff, yuv_info=1, fd=-1, buf_idx=0, offset=0, min_pgsz=4096, phyaddr=0
12-31 11:39:13.172 32480 32523 I gralloc : gralloc_unregister_buffer hnd=0x83958b40, share_fd=67, share_attr_fd=-1, magic=51647890, format=1, internal_format=1, byte_stride=1920, flags=4, usage=0xb00, size=1536000, width=480, height=800, internalWidth=480, internalHeight=800, stride=480, base=0x817ae000, writeOwner=0, attr_base=0xffffffff, yuv_info=1, fd=-1, buf_idx=0, offset=0, min_pgsz=4096, phyaddr=0
12-31 11:39:13.172 32480 32523 I gralloc : gralloc_unregister_buffer hnd=0x839598c0, share_fd=69, share_attr_fd=-1, magic=51647890, format=1, internal_format=1, byte_stride=1920, flags=4, usage=0xb00, size=1536000, width=480, height=800, internalWidth=480, internalHeight=800, stride=480, base=0x80086000, writeOwner=0, attr_base=0xffffffff, yuv_info=1, fd=-1, buf_idx=0, offset=0, min_pgsz=4096, phyaddr=0
12-31 11:39:13.173 32480 32523 I gralloc : gralloc_unregister_buffer hnd=0x97868e00, share_fd=64, share_attr_fd=-1, magic=51647890, format=1, internal_format=1, byte_stride=1920, flags=4, usage=0xb00, size=1536000, width=480, height=800, internalWidth=480, internalHeight=800, stride=480, base=0x81c30000, writeOwner=0, attr_base=0xffffffff, yuv_info=1, fd=-1, buf_idx=0, offset=0, min_pgsz=4096, phyaddr=0
12-31 11:39:13.173   388  1189 E BufferQueueProducer: [com.example.smartlist/com.example.smartlist.MainActivity#0] disconnect: not connected (req=1)
12-31 11:39:13.174 32480 32523 W libEGL  : EGLNativeWindowType 0x9782ae28 disconnect failed
12-31 11:39:13.180   388   388 I gralloc : gralloc_unregister_buffer hnd=0xad173c40, share_fd=89, share_attr_fd=-1, magic=51647890, format=1, internal_format=1, byte_stride=1920, flags=4, usage=0xb00, size=1536000, width=480, height=800, internalWidth=480, internalHeight=800, stride=480, base=0xad282000, writeOwner=0, attr_base=0xffffffff, yuv_info=1, fd=-1, buf_idx=0, offset=0, min_pgsz=4096, phyaddr=0
12-31 11:39:13.181   376   419 D PowerHAL: ##Timing deboost
12-31 11:39:13.181   376   419 D PowerHAL: Enter common_set: enable:0, duration: 0, /sys/devices/system/cpu/cpuhotplug/cluster0_core_min_limit: 
12-31 11:39:13.181   376   419 D PowerHAL: Enter common_clear: 
12-31 11:39:13.181   376   419 D PowerHAL: ##Timing deboost
12-31 11:39:13.181   376   419 D PowerHAL: Enter common_set: enable:0, duration: 0, /sys/devices/system/cpu/cpuhotplug/cluster0_core_max_limit: 
12-31 11:39:13.181   376   419 D PowerHAL: Enter common_clear: 
12-31 11:39:13.181   376   419 D PowerHAL: ##Timing deboost
12-31 11:39:13.181   376   419 D PowerHAL: Enter common_subsys_set: enable:0, duration: 0, subsys:cpufreq: 
12-31 11:39:13.181   376   419 D PowerHAL: Enter common_subsys_clear: cpufreq
12-31 11:39:13.184   388   388 I gralloc : gralloc_unregister_buffer hnd=0xad173b80, share_fd=85, share_attr_fd=-1, magic=51647890, format=1, internal_format=1, byte_stride=1920, flags=4, usage=0xb00, size=1536000, width=480, height=800, internalWidth=480, internalHeight=800, stride=480, base=0xad3f9000, writeOwner=0, attr_base=0xffffffff, yuv_info=1, fd=-1, buf_idx=0, offset=0, min_pgsz=4096, phyaddr=0
12-31 11:39:14.813   734   890 D WifiRssiLinkSpeedAndFrequencyMonitor: EVENT_WIFI_RSSI_LINKSPEED_FREQUENCY_CHANGED
12-31 11:39:14.813   734   889 D WifiNetworkMonitor: EVENT_WIFI_RSSI_CHANGED
12-31 11:39:14.813   734   890 D WifiRssiLinkSpeedAndFrequencyMonitor: Not any Obervers!!!
12-31 11:39:14.813   734   889 E WifiNetworkMonitor: Not any Obervers!!!
12-31 11:39:14.825   972   972 E PANCHENG: mWifiVisible true
12-31 11:39:14.825   972   972 D StatusBarSignalPolicy: updateWifiIconWithState state : WifiIconState(resId=17302851, visible=true)
12-31 11:39:14.936   482  1083 D GNSSMGT : watchdog: PowerState[CP SLEEP], gps_flag[3], readcount[1684], idle time = 0, HeartCount = 0
