--------- beginning of main
12-31 11:38:41.408   734   889 D WifiNetworkMonitor: EVENT_WIFI_RSSI_CHANGED
12-31 11:38:41.408   734   889 E WifiNetworkMonitor: Not any Obervers!!!
12-31 11:38:41.409   734   890 D WifiRssiLinkSpeedAndFrequencyMonitor: EVENT_WIFI_RSSI_LINKSPEED_FREQUENCY_CHANGED
12-31 11:38:41.409   734   890 D WifiRssiLinkSpeedAndFrequencyMonitor: Not any Obervers!!!
12-31 11:38:41.416   972   972 E PANCHENG: mWifiVisible true
12-31 11:38:41.416   972   972 D StatusBarSignalPolicy: updateWifiIconWithState state : WifiIconState(resId=17302850, visible=true)
--------- beginning of system
12-31 11:38:41.417   734   892 D ConnectivityService:  sending notification for NetworkRequest [ LISTEN id=15115, [ Capabilities: INTERNET&NOT_RESTRICTED&TRUSTED&FOREGROUND Uid: 10131] ]
12-31 11:38:41.417   734   892 D ConnectivityService: sending notification CALLBACK_CAP_CHANGED for NetworkRequest [ LISTEN id=15115, [ Capabilities: INTERNET&NOT_RESTRICTED&TRUSTED&FOREGROUND Uid: 10131] ]
12-31 11:38:41.418   734   892 D ConnectivityService:  sending notification for NetworkRequest [ LISTEN id=15864, [ Capabilities: INTERNET&TRUSTED Uid: 10089] ]
12-31 11:38:41.418   734   892 D ConnectivityService: sending notification CALLBACK_CAP_CHANGED for NetworkRequest [ LISTEN id=15864, [ Capabilities: INTERNET&TRUSTED Uid: 10089] ]
12-31 11:38:41.418   734   892 D ConnectivityService:  sending notification for NetworkRequest [ TRACK_DEFAULT id=15865, [ Capabilities: INTERNET&NOT_RESTRICTED&TRUSTED Uid: 10089] ]
12-31 11:38:41.419   734   892 D ConnectivityService: sending notification CALLBACK_CAP_CHANGED for NetworkRequest [ TRACK_DEFAULT id=15865, [ Capabilities: INTERNET&NOT_RESTRICTED&TRUSTED Uid: 10089] ]
12-31 11:38:41.419   734   892 D ConnectivityService:  sending notification for NetworkRequest [ TRACK_DEFAULT id=15866, [ Capabilities: INTERNET&NOT_RESTRICTED&TRUSTED Uid: 10089] ]
12-31 11:38:41.419   734   892 D ConnectivityService: sending notification CALLBACK_CAP_CHANGED for NetworkRequest [ TRACK_DEFAULT id=15866, [ Capabilities: INTERNET&NOT_RESTRICTED&TRUSTED Uid: 10089] ]
12-31 11:38:41.420   734   892 D ConnectivityService:  sending notification for NetworkRequest [ TRACK_DEFAULT id=15878, [ Capabilities: INTERNET&NOT_RESTRICTED&TRUSTED Uid: 10089] ]
12-31 11:38:41.420   734   892 D ConnectivityService: sending notification CALLBACK_CAP_CHANGED for NetworkRequest [ TRACK_DEFAULT id=15878, [ Capabilities: INTERNET&NOT_RESTRICTED&TRUSTED Uid: 10089] ]
12-31 11:38:41.420   734   892 D ConnectivityService:  sending notification for NetworkRequest [ LISTEN id=15879, [ Capabilities: INTERNET&NOT_RESTRICTED&TRUSTED Uid: 10089] ]
12-31 11:38:41.420   734   892 D ConnectivityService: sending notification CALLBACK_CAP_CHANGED for NetworkRequest [ LISTEN id=15879, [ Capabilities: INTERNET&NOT_RESTRICTED&TRUSTED Uid: 10089] ]
12-31 11:38:41.421   734   892 D ConnectivityService:  sending notification for NetworkRequest [ LISTEN id=15949, [ Transports: WIFI Capabilities: NOT_RESTRICTED&TRUSTED&NOT_VPN Uid: 10089] ]
12-31 11:38:41.421   734   892 D ConnectivityService: sending notification CALLBACK_CAP_CHANGED for NetworkRequest [ LISTEN id=15949, [ Transports: WIFI Capabilities: NOT_RESTRICTED&TRUSTED&NOT_VPN Uid: 10089] ]
12-31 11:38:41.421   734   892 D ConnectivityService:  sending notification for NetworkRequest [ TRACK_DEFAULT id=16355, [ Capabilities: INTERNET&NOT_RESTRICTED&TRUSTED Uid: 10107] ]
12-31 11:38:41.421   734   892 D ConnectivityService: sending notification CALLBACK_CAP_CHANGED for NetworkRequest [ TRACK_DEFAULT id=16355, [ Capabilities: INTERNET&NOT_RESTRICTED&TRUSTED Uid: 10107] ]
12-31 11:38:41.422   734   892 D ConnectivityService:  sending notification for NetworkRequest [ TRACK_DEFAULT id=16356, [ Capabilities: INTERNET&NOT_RESTRICTED&TRUSTED Uid: 10107] ]
12-31 11:38:41.422   734   892 D ConnectivityService: sending notification CALLBACK_CAP_CHANGED for NetworkRequest [ TRACK_DEFAULT id=16356, [ Capabilities: INTERNET&NOT_RESTRICTED&TRUSTED Uid: 10107] ]
12-31 11:38:41.422   734   892 D ConnectivityService:  sending notification for NetworkRequest [ LISTEN id=16357, [ Capabilities: INTERNET&NOT_RESTRICTED&TRUSTED Uid: 10107] ]
12-31 11:38:41.422   734   892 D ConnectivityService: sending notification CALLBACK_CAP_CHANGED for NetworkRequest [ LISTEN id=16357, [ Capabilities: INTERNET&NOT_RESTRICTED&TRUSTED Uid: 10107] ]
12-31 11:38:41.423   734   892 D ConnectivityService:  sending notification for NetworkRequest [ TRACK_DEFAULT id=16633, [ Capabilities: INTERNET&NOT_RESTRICTED&TRUSTED Uid: 10097] ]
12-31 11:38:41.423   734   892 D ConnectivityService: sending notification CALLBACK_CAP_CHANGED for NetworkRequest [ TRACK_DEFAULT id=16633, [ Capabilities: INTERNET&NOT_RESTRICTED&TRUSTED Uid: 10097] ]
12-31 11:38:41.423   734   892 D ConnectivityService:  sending notification for NetworkRequest [ TRACK_DEFAULT id=16634, [ Capabilities: INTERNET&NOT_RESTRICTED&TRUSTED Uid: 10108] ]
12-31 11:38:41.424   734   892 D ConnectivityService: sending notification CALLBACK_CAP_CHANGED for NetworkRequest [ TRACK_DEFAULT id=16634, [ Capabilities: INTERNET&NOT_RESTRICTED&TRUSTED Uid: 10108] ]
12-31 11:38:41.424   734   892 D ConnectivityService:  sending notification for NetworkRequest [ LISTEN id=16635, [ Capabilities: INTERNET&NOT_RESTRICTED&TRUSTED Uid: 10108] ]
12-31 11:38:41.425   734   892 D ConnectivityService: sending notification CALLBACK_CAP_CHANGED for NetworkRequest [ LISTEN id=16635, [ Capabilities: INTERNET&NOT_RESTRICTED&TRUSTED Uid: 10108] ]
12-31 11:38:41.425   734   892 D ConnectivityService:  sending notification for NetworkRequest [ TRACK_DEFAULT id=16647, [ Capabilities: INTERNET&NOT_RESTRICTED&TRUSTED Uid: 10133] ]
12-31 11:38:41.425   734   892 D ConnectivityService: sending notification CALLBACK_CAP_CHANGED for NetworkRequest [ TRACK_DEFAULT id=16647, [ Capabilities: INTERNET&NOT_RESTRICTED&TRUSTED Uid: 10133] ]
12-31 11:38:41.426   734   892 D ConnectivityService:  sending notification for NetworkRequest [ TRACK_DEFAULT id=16648, [ Capabilities: INTERNET&NOT_RESTRICTED&TRUSTED Uid: 10133] ]
12-31 11:38:41.426   734   892 D ConnectivityService: sending notification CALLBACK_CAP_CHANGED for NetworkRequest [ TRACK_DEFAULT id=16648, [ Capabilities: INTERNET&NOT_RESTRICTED&TRUSTED Uid: 10133] ]
12-31 11:38:41.426   734   892 D ConnectivityService:  sending notification for NetworkRequest [ LISTEN id=16649, [ Capabilities: INTERNET&NOT_RESTRICTED&TRUSTED&FOREGROUND Uid: 10133] ]
12-31 11:38:41.426   734   892 D ConnectivityService: sending notification CALLBACK_CAP_CHANGED for NetworkRequest [ LISTEN id=16649, [ Capabilities: INTERNET&NOT_RESTRICTED&TRUSTED&FOREGROUND Uid: 10133] ]
12-31 11:38:41.426   734   892 D ConnectivityService:  sending notification for NetworkRequest [ TRACK_DEFAULT id=16650, [ Capabilities: INTERNET&NOT_RESTRICTED&TRUSTED Uid: 10133] ]
12-31 11:38:41.427   734   892 D ConnectivityService: sending notification CALLBACK_CAP_CHANGED for NetworkRequest [ TRACK_DEFAULT id=16650, [ Capabilities: INTERNET&NOT_RESTRICTED&TRUSTED Uid: 10133] ]
12-31 11:38:41.427   734   892 D ConnectivityService:  sending notification for NetworkRequest [ TRACK_DEFAULT id=16653, [ Capabilities: INTERNET&NOT_RESTRICTED&TRUSTED Uid: 10108] ]
12-31 11:38:41.427   734   892 D ConnectivityService: sending notification CALLBACK_CAP_CHANGED for NetworkRequest [ TRACK_DEFAULT id=16653, [ Capabilities: INTERNET&NOT_RESTRICTED&TRUSTED Uid: 10108] ]
12-31 11:38:41.427   734   892 D ConnectivityService:  sending notification for NetworkRequest [ TRACK_DEFAULT id=16654, [ Capabilities: INTERNET&NOT_RESTRICTED&TRUSTED Uid: 10108] ]
12-31 11:38:41.427   734   892 D ConnectivityService: sending notification CALLBACK_CAP_CHANGED for NetworkRequest [ TRACK_DEFAULT id=16654, [ Capabilities: INTERNET&NOT_RESTRICTED&TRUSTED Uid: 10108] ]
12-31 11:38:41.428   734   892 D ConnectivityService:  sending notification for NetworkRequest [ LISTEN id=16655, [ Capabilities: INTERNET&NOT_RESTRICTED&TRUSTED Uid: 10108] ]
12-31 11:38:41.428   734   892 D ConnectivityService: sending notification CALLBACK_CAP_CHANGED for NetworkRequest [ LISTEN id=16655, [ Capabilities: INTERNET&NOT_RESTRICTED&TRUSTED Uid: 10108] ]
12-31 11:38:42.931   482  1083 D GNSSMGT : watchdog: PowerState[CP SLEEP], gps_flag[3], readcount[1684], idle time = 0, HeartCount = 0
12-31 11:38:44.426   734   892 D ConnectivityService: notifyType CALLBACK_CAP_CHANGED for NetworkAgentInfo [WIFI () - 470]
12-31 11:38:44.426   734   889 D WifiNetworkMonitor: EVENT_WIFI_RSSI_CHANGED
12-31 11:38:44.426   734   889 E WifiNetworkMonitor: Not any Obervers!!!
12-31 11:38:44.426   734   892 D ConnectivityService:  sending notification for NetworkRequest [ REQUEST id=1, [ Capabilities: INTERNET&NOT_RESTRICTED&TRUSTED&NOT_VPN] ]
12-31 11:38:44.426   734   890 D WifiRssiLinkSpeedAndFrequencyMonitor: EVENT_WIFI_RSSI_LINKSPEED_FREQUENCY_CHANGED
12-31 11:38:44.426   734   890 D WifiRssiLinkSpeedAndFrequencyMonitor: Not any Obervers!!!
12-31 11:38:44.426   734   892 D ConnectivityService:  sending notification for NetworkRequest [ LISTEN id=4, [ Capabilities: FOREGROUND] ]
12-31 11:38:44.426   734   892 D ConnectivityService: sending notification CALLBACK_CAP_CHANGED for NetworkRequest [ LISTEN id=4, [ Capabilities: FOREGROUND] ]
12-31 11:38:44.426   734   892 D ConnectivityService:  sending notification for NetworkRequest [ LISTEN id=5, [ Capabilities: NOT_RESTRICTED&TRUSTED&NOT_VPN&FOREGROUND Uid: 1000] ]
12-31 11:38:44.427   734   892 D ConnectivityService: sending notification CALLBACK_CAP_CHANGED for NetworkRequest [ LISTEN id=5, [ Capabilities: NOT_RESTRICTED&TRUSTED&NOT_VPN&FOREGROUND Uid: 1000] ]
12-31 11:38:44.427   734   892 D ConnectivityService:  sending notification for NetworkRequest [ LISTEN id=6, [ Capabilities: NOT_RESTRICTED&TRUSTED&NOT_VPN&FOREGROUND Uid: 1000] ]
12-31 11:38:44.427   734   892 D ConnectivityService: sending notification CALLBACK_CAP_CHANGED for NetworkRequest [ LISTEN id=6, [ Capabilities: NOT_RESTRICTED&TRUSTED&NOT_VPN&FOREGROUND Uid: 1000] ]
12-31 11:38:44.427   734   892 D ConnectivityService:  sending notification for NetworkRequest [ REQUEST id=7, [ Capabilities: INTERNET&NOT_RESTRICTED&TRUSTED&NOT_VPN] ]
12-31 11:38:44.427   734   892 D ConnectivityService: sending notification CALLBACK_CAP_CHANGED for NetworkRequest [ REQUEST id=7, [ Capabilities: INTERNET&NOT_RESTRICTED&TRUSTED&NOT_VPN] ]
12-31 11:38:44.427   734   892 D ConnectivityService:  sending notification for NetworkRequest [ LISTEN id=9, [ Transports: WIFI Capabilities: INTERNET&TRUSTED&NOT_VPN Uid: 1001] ]
12-31 11:38:44.427   734   892 D ConnectivityService: sending notification CALLBACK_CAP_CHANGED for NetworkRequest [ LISTEN id=9, [ Transports: WIFI Capabilities: INTERNET&TRUSTED&NOT_VPN Uid: 1001] ]
12-31 11:38:44.428   734   892 D ConnectivityService:  sending notification for NetworkRequest [ LISTEN id=10, [ Transports: WIFI Capabilities: INTERNET&TRUSTED&NOT_VPN Uid: 1001] ]
12-31 11:38:44.428   734   892 D ConnectivityService: sending notification CALLBACK_CAP_CHANGED for NetworkRequest [ LISTEN id=10, [ Transports: WIFI Capabilities: INTERNET&TRUSTED&NOT_VPN Uid: 1001] ]
12-31 11:38:44.429   734   892 D ConnectivityService:  sending notification for NetworkRequest [ TRACK_DEFAULT id=11, [ Capabilities: INTERNET&NOT_RESTRICTED&TRUSTED Uid: 1000] ]
12-31 11:38:44.429   734   892 D ConnectivityService: sending notification CALLBACK_CAP_CHANGED for NetworkRequest [ TRACK_DEFAULT id=11, [ Capabilities: INTERNET&NOT_RESTRICTED&TRUSTED Uid: 1000] ]
12-31 11:38:44.429   972   972 E PANCHENG: mWifiVisible true
12-31 11:38:44.429   972   972 D StatusBarSignalPolicy: updateWifiIconWithState state : WifiIconState(resId=17302851, visible=true)
12-31 11:38:44.429   734   892 D ConnectivityService:  sending notification for NetworkRequest [ LISTEN id=12, [ Capabilities: INTERNET&NOT_RESTRICTED&TRUSTED&VALIDATED Uid: 1000] ]
12-31 11:38:44.429   734   892 D ConnectivityService: sending notification CALLBACK_CAP_CHANGED for NetworkRequest [ LISTEN id=12, [ Capabilities: INTERNET&NOT_RESTRICTED&TRUSTED&VALIDATED Uid: 1000] ]
12-31 11:38:44.430   734   892 D ConnectivityService:  sending notification for NetworkRequest [ LISTEN id=13, [ Transports: WIFI Capabilities: NOT_VPN] ]
12-31 11:38:44.430   734   892 D ConnectivityService: sending notification CALLBACK_CAP_CHANGED for NetworkRequest [ LISTEN id=13, [ Transports: WIFI Capabilities: NOT_VPN] ]
12-31 11:38:44.430   734   892 D ConnectivityService:  sending notification for NetworkRequest [ TRACK_DEFAULT id=14, [ Capabilities: INTERNET&NOT_RESTRICTED&TRUSTED Uid: 10111] ]
12-31 11:38:44.430   734   892 D ConnectivityService: sending notification CALLBACK_CAP_CHANGED for NetworkRequest [ TRACK_DEFAULT id=14, [ Capabilities: INTERNET&NOT_RESTRICTED&TRUSTED Uid: 10111] ]
12-31 11:38:44.431   734   892 D ConnectivityService:  sending notification for NetworkRequest [ LISTEN id=16, [] ]
12-31 11:38:44.431   734   892 D ConnectivityService: sending notification CALLBACK_CAP_CHANGED for NetworkRequest [ LISTEN id=16, [] ]
12-31 11:38:44.432   734   892 D ConnectivityService:  sending notification for NetworkRequest [ TRACK_DEFAULT id=15114, [ Capabilities: INTERNET&NOT_RESTRICTED&TRUSTED Uid: 10131] ]
12-31 11:38:44.435   734   892 D ConnectivityService: sending notification CALLBACK_CAP_CHANGED for NetworkRequest [ TRACK_DEFAULT id=15114, [ Capabilities: INTERNET&NOT_RESTRICTED&TRUSTED Uid: 10131] ]
12-31 11:38:44.437   734   892 D ConnectivityService:  sending notification for NetworkRequest [ LISTEN id=15115, [ Capabilities: INTERNET&NOT_RESTRICTED&TRUSTED&FOREGROUND Uid: 10131] ]
12-31 11:38:44.437   734   892 D ConnectivityService: sending notification CALLBACK_CAP_CHANGED for NetworkRequest [ LISTEN id=15115, [ Capabilities: INTERNET&NOT_RESTRICTED&TRUSTED&FOREGROUND Uid: 10131] ]
12-31 11:38:44.438   734   892 D ConnectivityService:  sending notification for NetworkRequest [ LISTEN id=15864, [ Capabilities: INTERNET&TRUSTED Uid: 10089] ]
12-31 11:38:44.438   734   892 D ConnectivityService: sending notification CALLBACK_CAP_CHANGED for NetworkRequest [ LISTEN id=15864, [ Capabilities: INTERNET&TRUSTED Uid: 10089] ]
12-31 11:38:44.439   734   892 D ConnectivityService:  sending notification for NetworkRequest [ TRACK_DEFAULT id=15865, [ Capabilities: INTERNET&NOT_RESTRICTED&TRUSTED Uid: 10089] ]
12-31 11:38:44.439   734   892 D ConnectivityService: sending notification CALLBACK_CAP_CHANGED for NetworkRequest [ TRACK_DEFAULT id=15865, [ Capabilities: INTERNET&NOT_RESTRICTED&TRUSTED Uid: 10089] ]
12-31 11:38:44.440   734   892 D ConnectivityService:  sending notification for NetworkRequest [ TRACK_DEFAULT id=15866, [ Capabilities: INTERNET&NOT_RESTRICTED&TRUSTED Uid: 10089] ]
12-31 11:38:44.440   734   892 D ConnectivityService: sending notification CALLBACK_CAP_CHANGED for NetworkRequest [ TRACK_DEFAULT id=15866, [ Capabilities: INTERNET&NOT_RESTRICTED&TRUSTED Uid: 10089] ]
12-31 11:38:44.441   734   892 D ConnectivityService:  sending notification for NetworkRequest [ TRACK_DEFAULT id=15878, [ Capabilities: INTERNET&NOT_RESTRICTED&TRUSTED Uid: 10089] ]
12-31 11:38:44.441   734   892 D ConnectivityService: sending notification CALLBACK_CAP_CHANGED for NetworkRequest [ TRACK_DEFAULT id=15878, [ Capabilities: INTERNET&NOT_RESTRICTED&TRUSTED Uid: 10089] ]
12-31 11:38:44.441   734   892 D ConnectivityService:  sending notification for NetworkRequest [ LISTEN id=15879, [ Capabilities: INTERNET&NOT_RESTRICTED&TRUSTED Uid: 10089] ]
12-31 11:38:44.442   734   892 D ConnectivityService: sending notification CALLBACK_CAP_CHANGED for NetworkRequest [ LISTEN id=15879, [ Capabilities: INTERNET&NOT_RESTRICTED&TRUSTED Uid: 10089] ]
12-31 11:38:44.442   734   892 D ConnectivityService:  sending notification for NetworkRequest [ LISTEN id=15949, [ Transports: WIFI Capabilities: NOT_RESTRICTED&TRUSTED&NOT_VPN Uid: 10089] ]
12-31 11:38:44.442   734   892 D ConnectivityService: sending notification CALLBACK_CAP_CHANGED for NetworkRequest [ LISTEN id=15949, [ Transports: WIFI Capabilities: NOT_RESTRICTED&TRUSTED&NOT_VPN Uid: 10089] ]
12-31 11:38:44.443   734   892 D ConnectivityService:  sending notification for NetworkRequest [ TRACK_DEFAULT id=16355, [ Capabilities: INTERNET&NOT_RESTRICTED&TRUSTED Uid: 10107] ]
12-31 11:38:44.443   734   892 D ConnectivityService: sending notification CALLBACK_CAP_CHANGED for NetworkRequest [ TRACK_DEFAULT id=16355, [ Capabilities: INTERNET&NOT_RESTRICTED&TRUSTED Uid: 10107] ]
12-31 11:38:44.443   734   892 D ConnectivityService:  sending notification for NetworkRequest [ TRACK_DEFAULT id=16356, [ Capabilities: INTERNET&NOT_RESTRICTED&TRUSTED Uid: 10107] ]
12-31 11:38:44.444   734   892 D ConnectivityService: sending notification CALLBACK_CAP_CHANGED for NetworkRequest [ TRACK_DEFAULT id=16356, [ Capabilities: INTERNET&NOT_RESTRICTED&TRUSTED Uid: 10107] ]
12-31 11:38:44.444   734   892 D ConnectivityService:  sending notification for NetworkRequest [ LISTEN id=16357, [ Capabilities: INTERNET&NOT_RESTRICTED&TRUSTED Uid: 10107] ]
12-31 11:38:44.444   734   892 D ConnectivityService: sending notification CALLBACK_CAP_CHANGED for NetworkRequest [ LISTEN id=16357, [ Capabilities: INTERNET&NOT_RESTRICTED&TRUSTED Uid: 10107] ]
12-31 11:38:44.445   734   892 D ConnectivityService:  sending notification for NetworkRequest [ TRACK_DEFAULT id=16633, [ Capabilities: INTERNET&NOT_RESTRICTED&TRUSTED Uid: 10097] ]
12-31 11:38:44.445   734   892 D ConnectivityService: sending notification CALLBACK_CAP_CHANGED for NetworkRequest [ TRACK_DEFAULT id=16633, [ Capabilities: INTERNET&NOT_RESTRICTED&TRUSTED Uid: 10097] ]
12-31 11:38:44.445   734   892 D ConnectivityService:  sending notification for NetworkRequest [ TRACK_DEFAULT id=16634, [ Capabilities: INTERNET&NOT_RESTRICTED&TRUSTED Uid: 10108] ]
12-31 11:38:44.446   734   892 D ConnectivityService: sending notification CALLBACK_CAP_CHANGED for NetworkRequest [ TRACK_DEFAULT id=16634, [ Capabilities: INTERNET&NOT_RESTRICTED&TRUSTED Uid: 10108] ]
12-31 11:38:44.446   734   892 D ConnectivityService:  sending notification for NetworkRequest [ LISTEN id=16635, [ Capabilities: INTERNET&NOT_RESTRICTED&TRUSTED Uid: 10108] ]
12-31 11:38:44.446   734   892 D ConnectivityService: sending notification CALLBACK_CAP_CHANGED for NetworkRequest [ LISTEN id=16635, [ Capabilities: INTERNET&NOT_RESTRICTED&TRUSTED Uid: 10108] ]
12-31 11:38:44.447   734   892 D ConnectivityService:  sending notification for NetworkRequest [ TRACK_DEFAULT id=16647, [ Capabilities: INTERNET&NOT_RESTRICTED&TRUSTED Uid: 10133] ]
12-31 11:38:44.447   734   892 D ConnectivityService: sending notification CALLBACK_CAP_CHANGED for NetworkRequest [ TRACK_DEFAULT id=16647, [ Capabilities: INTERNET&NOT_RESTRICTED&TRUSTED Uid: 10133] ]
12-31 11:38:44.448   734   892 D ConnectivityService:  sending notification for NetworkRequest [ TRACK_DEFAULT id=16648, [ Capabilities: INTERNET&NOT_RESTRICTED&TRUSTED Uid: 10133] ]
12-31 11:38:44.448   734   892 D ConnectivityService: sending notification CALLBACK_CAP_CHANGED for NetworkRequest [ TRACK_DEFAULT id=16648, [ Capabilities: INTERNET&NOT_RESTRICTED&TRUSTED Uid: 10133] ]
12-31 11:38:44.449   734   892 D ConnectivityService:  sending notification for NetworkRequest [ LISTEN id=16649, [ Capabilities: INTERNET&NOT_RESTRICTED&TRUSTED&FOREGROUND Uid: 10133] ]
12-31 11:38:44.449   734   892 D ConnectivityService: sending notification CALLBACK_CAP_CHANGED for NetworkRequest [ LISTEN id=16649, [ Capabilities: INTERNET&NOT_RESTRICTED&TRUSTED&FOREGROUND Uid: 10133] ]
12-31 11:38:44.450   734   892 D ConnectivityService:  sending notification for NetworkRequest [ TRACK_DEFAULT id=16650, [ Capabilities: INTERNET&NOT_RESTRICTED&TRUSTED Uid: 10133] ]
12-31 11:38:44.451   734   892 D ConnectivityService: sending notification CALLBACK_CAP_CHANGED for NetworkRequest [ TRACK_DEFAULT id=16650, [ Capabilities: INTERNET&NOT_RESTRICTED&TRUSTED Uid: 10133] ]
12-31 11:38:44.451   734   892 D ConnectivityService:  sending notification for NetworkRequest [ TRACK_DEFAULT id=16653, [ Capabilities: INTERNET&NOT_RESTRICTED&TRUSTED Uid: 10108] ]
12-31 11:38:44.451   734   892 D ConnectivityService: sending notification CALLBACK_CAP_CHANGED for NetworkRequest [ TRACK_DEFAULT id=16653, [ Capabilities: INTERNET&NOT_RESTRICTED&TRUSTED Uid: 10108] ]
12-31 11:38:44.452   734   892 D ConnectivityService:  sending notification for NetworkRequest [ TRACK_DEFAULT id=16654, [ Capabilities: INTERNET&NOT_RESTRICTED&TRUSTED Uid: 10108] ]
12-31 11:38:44.452   734   892 D ConnectivityService: sending notification CALLBACK_CAP_CHANGED for NetworkRequest [ TRACK_DEFAULT id=16654, [ Capabilities: INTERNET&NOT_RESTRICTED&TRUSTED Uid: 10108] ]
12-31 11:38:44.452   734   892 D ConnectivityService:  sending notification for NetworkRequest [ LISTEN id=16655, [ Capabilities: INTERNET&NOT_RESTRICTED&TRUSTED Uid: 10108] ]
12-31 11:38:44.452   734   892 D ConnectivityService: sending notification CALLBACK_CAP_CHANGED for NetworkRequest [ LISTEN id=16655, [ Capabilities: INTERNET&NOT_RESTRICTED&TRUSTED Uid: 10108] ]
12-31 11:38:44.501   734   899 D DeviceStorageMonitorService: updateStateEx oldLevel = 0, newLevel = 0
12-31 11:38:44.931   482  1083 D GNSSMGT : watchdog: PowerState[CP SLEEP], gps_flag[3], readcount[1684], idle time = 0, HeartCount = 0
12-31 11:38:45.692   376   376 D Power-HealthInfoCallback: Update charge status to: 1
12-31 11:38:45.706   972   972 D BatteryMeterDrawable: onBatteryLevelChanged level=100,pluggedIn=true,charging=true
12-31 11:38:45.707   972   972 I chatty  : uid=10111(com.android.systemui) identical 1 line
12-31 11:38:45.708   972   972 D BatteryMeterDrawable: onBatteryLevelChanged level=100,pluggedIn=true,charging=true
12-31 11:38:45.723   972   972 I PowerUI : [battery]Temperature = 263, health = 2, highTempShutDown = 600, lowTempShutDown = -100, highTempTips = 550, highTempTips = 550, lowTempTips = 0, openTempWarning = true, mPlugType = 2
12-31 11:38:45.724   972   972 D PowerUI : buckets   .....20 .. 15 .. 5
12-31 11:38:45.724   972   972 D PowerUI : level          100 --> 100
12-31 11:38:45.724   972   972 D PowerUI : status         5 --> 5
12-31 11:38:45.724   972   972 D PowerUI : plugType       2 --> 2
12-31 11:38:45.724   972   972 D PowerUI : invalidCharger 0 --> 0
12-31 11:38:45.724   972   972 D PowerUI : bucket         1 --> 1
12-31 11:38:45.724   972   972 D PowerUI : plugged        true --> true
12-31 11:38:45.724   972   972 D PowerUI : health         2 --> 2
12-31 11:38:45.725   972   972 D BatteryMeterDrawable: onReceive action=android.intent.action.BATTERY_CHANGED
12-31 11:38:45.725   972   972 D BatteryMeterDrawable: onReceive level=100,plugType=2,status=5
12-31 11:38:45.725   972   972 D BatteryMeterDrawable: BatteryMeterViewAnimationShow level should be =100
12-31 11:38:45.725   972   972 D BatteryMeterDrawable: onReceive action=android.intent.action.BATTERY_CHANGED
12-31 11:38:45.725   972   972 D BatteryMeterDrawable: onReceive level=100,plugType=2,status=5
12-31 11:38:45.725   972   972 D BatteryMeterDrawable: BatteryMeterViewAnimationShow level should be =100
12-31 11:38:45.726   972   972 D BatteryMeterDrawable: onReceive action=android.intent.action.BATTERY_CHANGED
12-31 11:38:45.726   972   972 D BatteryMeterDrawable: onReceive level=100,plugType=2,status=5
12-31 11:38:45.726   972   972 D BatteryMeterDrawable: BatteryMeterViewAnimationShow level should be =100
12-31 11:38:45.757   504   546 D WCND    : is_cp2_alive_ok: open polling interface: /proc/mdbg/loopcheck, fd = 13
12-31 11:38:45.857   504   546 D WCND    : is_cp2_alive_ok: loop: /proc/mdbg/loopcheck is OK
12-31 11:38:46.932   482  1083 D GNSSMGT : watchdog: PowerState[CP SLEEP], gps_flag[3], readcount[1684], idle time = 0, HeartCount = 0
12-31 11:38:48.932   482  1083 D GNSSMGT : watchdog: PowerState[CP SLEEP], gps_flag[3], readcount[1684], idle time = 0, HeartCount = 0
12-31 11:38:50.440 20033 20033 D BoundBrokerSvc: onUnbind: Intent { act=com.google.android.gms.common.BIND_SHARED_PREFS pkg=com.google.android.gms }
12-31 11:38:50.445 14739 14739 I adbd    : Tianyuan Current sh name:export ANDROID_LOG_TAGS="''"; exec logcat
12-31 11:38:50.860   504   546 D WCND    : is_cp2_alive_ok: open polling interface: /proc/mdbg/loopcheck, fd = 13
12-31 11:38:50.933   482  1083 D GNSSMGT : watchdog: PowerState[CP SLEEP], gps_flag[3], readcount[1684], idle time = 0, HeartCount = 0
12-31 11:38:50.960   504   546 D WCND    : is_cp2_alive_ok: loop: /proc/mdbg/loopcheck is OK
12-31 11:38:51.425 32394 32418 I Finsky:background: [62805] Stats for Executor: bgExecutor utt@dc6f701[Running, pool size = 4, active threads = 0, queued tasks = 0, completed tasks = 18]
12-31 11:38:51.550 32394 32418 I Finsky:background: [62805] Stats for Executor: LightweightExecutor utt@8bfa9a6[Running, pool size = 3, active threads = 0, queued tasks = 0, completed tasks = 10]
12-31 11:38:51.923 32394 32418 I Finsky:background: [62805] Stats for Executor: BlockingExecutor utt@bafffe7[Running, pool size = 2, active threads = 0, queued tasks = 0, completed tasks = 5]
12-31 11:38:52.933   482  1083 D GNSSMGT : watchdog: PowerState[CP SLEEP], gps_flag[3], readcount[1684], idle time = 0, HeartCount = 0
12-31 11:38:53.496   734   889 D WifiNetworkMonitor: EVENT_WIFI_RSSI_CHANGED
12-31 11:38:53.496   734   890 D WifiRssiLinkSpeedAndFrequencyMonitor: EVENT_WIFI_RSSI_LINKSPEED_FREQUENCY_CHANGED
12-31 11:38:53.496   734   889 E WifiNetworkMonitor: Not any Obervers!!!
12-31 11:38:53.496   734   890 D WifiRssiLinkSpeedAndFrequencyMonitor: Not any Obervers!!!
12-31 11:38:54.933   482  1083 D GNSSMGT : watchdog: PowerState[CP SLEEP], gps_flag[3], readcount[1684], idle time = 0, HeartCount = 0
12-31 11:38:55.965   504   546 D WCND    : is_cp2_alive_ok: open polling interface: /proc/mdbg/loopcheck, fd = 13
12-31 11:38:56.066   504   546 D WCND    : is_cp2_alive_ok: loop: /proc/mdbg/loopcheck is OK
12-31 11:38:56.517   734   889 D WifiNetworkMonitor: EVENT_WIFI_RSSI_CHANGED
12-31 11:38:56.518   734   889 E WifiNetworkMonitor: Not any Obervers!!!
12-31 11:38:56.518   734   890 D WifiRssiLinkSpeedAndFrequencyMonitor: EVENT_WIFI_RSSI_LINKSPEED_FREQUENCY_CHANGED
12-31 11:38:56.518   734   890 D WifiRssiLinkSpeedAndFrequencyMonitor: Not any Obervers!!!
12-31 11:38:56.933   482  1083 D GNSSMGT : watchdog: PowerState[CP SLEEP], gps_flag[3], readcount[1684], idle time = 0, HeartCount = 0
12-31 11:38:58.078   365   440 D sensor  : PlsSensor: default value = 0
12-31 11:38:58.079   365   440 D sensor  : PlsSensor: default value = 153
12-31 11:38:58.079   365   440 D sensor  : PlsSensor: default value = 364
12-31 11:38:58.079   365   440 D sensor  : PlsSensor: default value = 127
12-31 11:38:58.079   365   440 D sensor  : PlsSensor: default value = 1
12-31 11:38:58.079   365   440 E sensor  : Pls_CTPSensor: unknown event (type=1, code=330)
12-31 11:38:58.081   734   867 D InputReader: processEventsLocked: type=3 Count=8 code=57 value=0 deviceId=1
12-31 11:38:58.089   365   440 E sensor  : Pls_CTPSensor: unknown event (type=1, code=330)
12-31 11:38:58.091   734   867 D InputReader: processEventsLocked: type=1 Count=3 code=330 value=0 deviceId=1
12-31 11:38:58.123   376   376 D PowerHAL: ###Enter interaction_other scene bgn###
12-31 11:38:58.125   376   376 D PowerHAL: Enter common_set: enable:1, duration: 500, /sys/devices/system/cpu/cpuhotplug/cluster0_core_min_limit: 4
12-31 11:38:58.125   734   750 I ActivityTaskManager: START u0 {act=android.intent.action.MAIN cat=[android.intent.category.LAUNCHER] flg=0x10200000 cmp=com.example.smartlist/.MainActivity bnds=[126,341][240,494]} from uid 10095, pid 27813
12-31 11:38:58.129   376   376 D PowerHAL: Enter common_set: enable:1, duration: 500, /sys/devices/system/cpu/cpuhotplug/cluster0_core_max_limit: 4
12-31 11:38:58.129   376   376 D PowerHAL: Enter common_subsys_set: enable:1, duration: 500, subsys:cpufreq: conf_2:5
12-31 11:38:58.129   376   376 D PowerHAL: Enter common_subsys_set_current_config: 
12-31 11:38:58.131   376   376 D PowerHAL: ###Enter interaction_other scene end###
12-31 11:38:58.131   376   376 D PowerHAL: ###Enter interaction_other scene bgn###
12-31 11:38:58.132   376   376 D PowerHAL: Enter common_set: enable:1, duration: 500, /sys/devices/system/cpu/cpuhotplug/cluster0_core_min_limit: 4
12-31 11:38:58.132   376   376 D PowerHAL: Enter common_set: enable:1, duration: 500, /sys/devices/system/cpu/cpuhotplug/cluster0_core_max_limit: 4
12-31 11:38:58.132   376   376 D PowerHAL: Enter common_subsys_set: enable:1, duration: 500, subsys:cpufreq: conf_2:5
12-31 11:38:58.132   376   376 D PowerHAL: ###Enter interaction_other scene end###
12-31 11:38:58.165   376   376 D PowerHAL: ###Enter launch scene bgn###
12-31 11:38:58.165   376   376 D PowerHAL: Enter common_subsys_set: enable:1, duration: 0, subsys:cpufreq: conf_2:5
12-31 11:38:58.165   376   376 D PowerHAL: Enter devfreq_ddr_set: enable:1, duration: 0, /sys/class/devfreq/scene-frequency/sprd_governor/scene_boost_dfs: max
12-31 11:38:58.166   376   376 D PowerHAL: ###Enter launch scene end###
12-31 11:38:58.169   734   750 I ActivityTaskManager: ->startActivity for ActivityRecord{dc92c45 u0 com.example.smartlist/.MainActivity t10228} result:START_SUCCESS
12-31 11:38:58.189   734   756 E system_server: Invalid ID 0x00000000.
12-31 11:38:58.232   348   348 D Zygote  : Forked child process 32480
12-31 11:38:58.236   734   763 I ActivityManager: Start proc 32480:com.example.smartlist/u0a223 for activity {com.example.smartlist/com.example.smartlist.MainActivity}
12-31 11:38:58.296   734   756 D WindowManager: Input focus has changed to null
12-31 11:38:58.313   358   358 I gralloc : mali_gralloc_select_format, AFBC is disabled now
12-31 11:38:58.303   358   358 W allocator@2.0-s: type=1400 audit(0.0:49052): avc: denied { read } for name="u:object_r:default_prop:s0" dev="tmpfs" ino=7774 scontext=u:r:hal_graphics_allocator_default:s0 tcontext=u:object_r:default_prop:s0 tclass=file permissive=0
12-31 11:38:58.313   358   358 I gralloc : mali_gralloc_select_format: req_format=0x00000001 req_fmt_mapped=0x0 internal_format=0x1 usage=0x966
12-31 11:38:58.314 32480 32480 I ample.smartlis: Late-enabling -Xcheck:jni
12-31 11:38:58.314   358   358 E libc    : Access denied finding property "enable_ion_heap_id_mask_cam"
12-31 11:38:58.317   358   358 I gralloc : gralloc=>alloc, share_fd=8, share_attr_fd=-1, magic=51647890, format=1, internal_format=1, byte_stride=1920, flags=4, usage=0x2406, size=1536000, width=480, height=800, internalWidth=480, internalHeight=800, stride=480, ADP_VSTRIDE=0,base=0xac72b000, writeOwner=0, attr_base=0xffffffff, yuv_info=1, fd=-1, buf_idx=0, offset=0, min_pgsz=4096, phyaddr=0
12-31 11:38:58.317   358   358 I gralloc : gralloc_unregister_buffer hnd=0xad53d000, share_fd=8, share_attr_fd=-1, magic=51647890, format=1, internal_format=1, byte_stride=1920, flags=4, usage=0x966, size=1536000, width=480, height=800, internalWidth=480, internalHeight=800, stride=480, base=0xac72b000, writeOwner=0, attr_base=0xffffffff, yuv_info=1, fd=-1, buf_idx=0, offset=0, min_pgsz=4096, phyaddr=0
12-31 11:38:58.318   358   358 I gralloc : gralloc=>free hnd=0xad53d000, share_fd=8, share_attr_fd=-1, magic=51647890, format=1, internal_format=1, byte_stride=1920, flags=4, usage=2406, size=1536000, width=480, height=800, internalWidth=480, internalHeight=800, stride=480, base=0xac72b000, writeOwner=0, attr_base=0xffffffff, yuv_info=1, fd=-1, buf_idx=0, offset=0, min_pgsz=4096, phyaddr=0
12-31 11:38:58.318   388  1189 I gralloc : gralloc_register_buffer hnd=0xad1716c0, share_fd=79, share_attr_fd=-1, magic=51647890, format=1, internal_format=1, byte_stride=1920, flags=4, usage=0x966, size=1536000, width=480, height=800, internalWidth=480, internalHeight=800, stride=480, base=0xadc4b000, writeOwner=0, attr_base=0xffffffff, yuv_info=1, fd=-1, buf_idx=0, offset=0, min_pgsz=4096, phyaddr=0
12-31 11:38:58.320   734   756 I gralloc : gralloc_register_buffer hnd=0x80bf68c0, share_fd=390, share_attr_fd=-1, magic=51647890, format=1, internal_format=1, byte_stride=1920, flags=4, usage=0x966, size=1536000, width=480, height=800, internalWidth=480, internalHeight=800, stride=480, base=0x6b54a000, writeOwner=0, attr_base=0xffffffff, yuv_info=1, fd=-1, buf_idx=0, offset=0, min_pgsz=4096, phyaddr=0
12-31 11:38:58.321   734   756 I gralloc : mali_gralloc_select_format, AFBC is disabled now
12-31 11:38:58.321   734   756 I gralloc : mali_gralloc_select_format: req_format=0x00000001 req_fmt_mapped=0x0 internal_format=0x1 usage=0x966
12-31 11:38:58.325   388   726 E         : Shared attribute region not available to be mapped
12-31 11:38:58.394   365   440 D sensor  : PlsSensor: default value = 0
12-31 11:38:58.394   365   440 D sensor  : PlsSensor: default value = 167
12-31 11:38:58.394   365   440 D sensor  : PlsSensor: default value = 393
12-31 11:38:58.394   365   440 D sensor  : PlsSensor: default value = 127
12-31 11:38:58.394   365   440 D sensor  : PlsSensor: default value = 1
12-31 11:38:58.394   365   440 E sensor  : Pls_CTPSensor: unknown event (type=1, code=330)
12-31 11:38:58.395   734   867 D InputReader: processEventsLocked: type=3 Count=8 code=57 value=0 deviceId=1
12-31 11:38:58.395   734   866 I InputDispatcher: Dropping event because there is no touchable window or gesture monitor at (166, 392) in display 0.
12-31 11:38:58.396   376   376 D PowerHAL: ###Enter interaction_other scene bgn###
12-31 11:38:58.396   376   376 D PowerHAL: Enter common_set: enable:1, duration: 500, /sys/devices/system/cpu/cpuhotplug/cluster0_core_min_limit: 4
12-31 11:38:58.396   376   376 D PowerHAL: Enter common_set: enable:1, duration: 500, /sys/devices/system/cpu/cpuhotplug/cluster0_core_max_limit: 4
12-31 11:38:58.396   376   376 D PowerHAL: Enter common_subsys_set: enable:1, duration: 500, subsys:cpufreq: conf_2:5
12-31 11:38:58.396   376   376 D PowerHAL: ###Enter interaction_other scene end###
12-31 11:38:58.396   376   376 D PowerHAL: ###Enter interaction_other scene bgn###
12-31 11:38:58.396   376   376 D PowerHAL: Enter common_set: enable:1, duration: 500, /sys/devices/system/cpu/cpuhotplug/cluster0_core_min_limit: 4
12-31 11:38:58.396   376   376 D PowerHAL: Enter common_set: enable:1, duration: 500, /sys/devices/system/cpu/cpuhotplug/cluster0_core_max_limit: 4
12-31 11:38:58.396   376   376 D PowerHAL: Enter common_subsys_set: enable:1, duration: 500, subsys:cpufreq: conf_2:5
12-31 11:38:58.396   376   376 D PowerHAL: ###Enter interaction_other scene end###
12-31 11:38:58.397 32480 32480 E ample.smartlis: Unknown bits set in runtime_flags: 0x8000
12-31 11:38:58.407   365   440 D sensor  : PlsSensor: default value = 0
12-31 11:38:58.407   365   440 D sensor  : PlsSensor: default value = 167
12-31 11:38:58.407   365   440 D sensor  : PlsSensor: default value = 393
12-31 11:38:58.407   365   440 D sensor  : PlsSensor: default value = 127
12-31 11:38:58.407   365   440 D sensor  : PlsSensor: default value = 1
12-31 11:38:58.408   734   867 D InputReader: processEventsLocked: type=3 Count=7 code=57 value=0 deviceId=1
12-31 11:38:58.408 32480 32480 W ample.smartlis: Using default instruction set features for ARM CPU variant (generic) using conservative defaults
12-31 11:38:58.417 14739 14739 I adbd    : Tianyuan Current sh name:stat -c %u /proc/32480 | xargs -n 1 cmd package list packages --uid
12-31 11:38:58.420   365   440 D sensor  : PlsSensor: default value = 0
12-31 11:38:58.420   365   440 D sensor  : PlsSensor: default value = 167
12-31 11:38:58.420   365   440 D sensor  : PlsSensor: default value = 393
12-31 11:38:58.420   365   440 D sensor  : PlsSensor: default value = 127
12-31 11:38:58.420   365   440 D sensor  : PlsSensor: default value = 1
12-31 11:38:58.420   734   867 D InputReader: processEventsLocked: type=3 Count=7 code=57 value=0 deviceId=1
12-31 11:38:58.433   365   440 D sensor  : PlsSensor: default value = 0
12-31 11:38:58.433   365   440 D sensor  : PlsSensor: default value = 167
12-31 11:38:58.433   365   440 D sensor  : PlsSensor: default value = 393
12-31 11:38:58.433   365   440 D sensor  : PlsSensor: default value = 127
12-31 11:38:58.433   365   440 D sensor  : PlsSensor: default value = 1
12-31 11:38:58.433   734   867 D InputReader: processEventsLocked: type=3 Count=7 code=57 value=0 deviceId=1
12-31 11:38:58.446   365   440 D sensor  : PlsSensor: default value = 0
12-31 11:38:58.446   365   440 D sensor  : PlsSensor: default value = 167
12-31 11:38:58.446   365   440 D sensor  : PlsSensor: default value = 393
12-31 11:38:58.446   365   440 D sensor  : PlsSensor: default value = 127
12-31 11:38:58.446   365   440 D sensor  : PlsSensor: default value = 1
12-31 11:38:58.446   734   867 D InputReader: processEventsLocked: type=3 Count=7 code=57 value=0 deviceId=1
12-31 11:38:58.459   365   440 D sensor  : PlsSensor: default value = 0
12-31 11:38:58.459   365   440 D sensor  : PlsSensor: default value = 167
12-31 11:38:58.459   365   440 D sensor  : PlsSensor: default value = 393
12-31 11:38:58.459   365   440 D sensor  : PlsSensor: default value = 127
12-31 11:38:58.459   365   440 D sensor  : PlsSensor: default value = 1
12-31 11:38:58.459   734   867 D InputReader: processEventsLocked: type=3 Count=7 code=57 value=0 deviceId=1
12-31 11:38:58.475   365   440 D sensor  : PlsSensor: default value = 0
12-31 11:38:58.475   365   440 D sensor  : PlsSensor: default value = 167
12-31 11:38:58.475   365   440 D sensor  : PlsSensor: default value = 393
12-31 11:38:58.475   365   440 D sensor  : PlsSensor: default value = 127
12-31 11:38:58.475   365   440 D sensor  : PlsSensor: default value = 1
12-31 11:38:58.475   734   867 D InputReader: processEventsLocked: type=3 Count=7 code=57 value=0 deviceId=1
12-31 11:38:58.485   365   440 D sensor  : PlsSensor: default value = 0
12-31 11:38:58.486   365   440 D sensor  : PlsSensor: default value = 167
12-31 11:38:58.486   365   440 D sensor  : PlsSensor: default value = 393
12-31 11:38:58.486   365   440 D sensor  : PlsSensor: default value = 127
12-31 11:38:58.486   365   440 D sensor  : PlsSensor: default value = 1
12-31 11:38:58.486   734   867 D InputReader: processEventsLocked: type=3 Count=7 code=57 value=0 deviceId=1
12-31 11:38:58.498   365   440 D sensor  : PlsSensor: default value = 0
12-31 11:38:58.498   365   440 D sensor  : PlsSensor: default value = 167
12-31 11:38:58.498   365   440 D sensor  : PlsSensor: default value = 393
12-31 11:38:58.498   365   440 D sensor  : PlsSensor: default value = 127
12-31 11:38:58.498   365   440 D sensor  : PlsSensor: default value = 1
12-31 11:38:58.498   734   867 D InputReader: processEventsLocked: type=3 Count=7 code=57 value=0 deviceId=1
12-31 11:38:58.499   376   376 D PowerHAL: ###Enter interaction_other scene bgn###
12-31 11:38:58.500   376   376 D PowerHAL: Enter common_set: enable:1, duration: 500, /sys/devices/system/cpu/cpuhotplug/cluster0_core_min_limit: 4
12-31 11:38:58.500   376   376 D PowerHAL: Enter common_set: enable:1, duration: 500, /sys/devices/system/cpu/cpuhotplug/cluster0_core_max_limit: 4
12-31 11:38:58.500   376   376 D PowerHAL: Enter common_subsys_set: enable:1, duration: 500, subsys:cpufreq: conf_2:5
12-31 11:38:58.500   376   376 D PowerHAL: ###Enter interaction_other scene end###
12-31 11:38:58.500   376   376 D PowerHAL: ###Enter interaction_other scene bgn###
12-31 11:38:58.500   376   376 D PowerHAL: Enter common_set: enable:1, duration: 500, /sys/devices/system/cpu/cpuhotplug/cluster0_core_min_limit: 4
12-31 11:38:58.500   376   376 D PowerHAL: Enter common_set: enable:1, duration: 500, /sys/devices/system/cpu/cpuhotplug/cluster0_core_max_limit: 4
12-31 11:38:58.500   376   376 D PowerHAL: Enter common_subsys_set: enable:1, duration: 500, subsys:cpufreq: conf_2:5
12-31 11:38:58.500   376   376 D PowerHAL: ###Enter interaction_other scene end###
12-31 11:38:58.513   365   440 E sensor  : Pls_CTPSensor: unknown event (type=1, code=330)
12-31 11:38:58.513   734   867 D InputReader: processEventsLocked: type=1 Count=3 code=330 value=0 deviceId=1
12-31 11:38:58.525   734  5639 V WindowManager: Set focused app to: AppWindowToken{daac0cb token=Token{c830f9a ActivityRecord{dc92c45 u0 com.example.smartlist/.MainActivity t10228}}} moveFocusNow=true displayId=0
12-31 11:38:58.528   734   870 D SectionHabit: update pkgName:com.example.smartlist,type:2,data:package:com.example.smartlist ,count :14,launchCountIndex:0,fgtime:4047,fgtimeIndex:1
12-31 11:38:58.534   376   376 D android.hardware.power@4.0-impl: Enter getSceneIdByName: sceneName:com.example.smartlist
12-31 11:38:58.560   376   376 D PowerHAL: ###Enter interaction_other scene bgn###
12-31 11:38:58.560   376   376 D PowerHAL: Enter common_set: enable:1, duration: 500, /sys/devices/system/cpu/cpuhotplug/cluster0_core_min_limit: 4
12-31 11:38:58.560   376   376 D PowerHAL: Enter common_set: enable:1, duration: 500, /sys/devices/system/cpu/cpuhotplug/cluster0_core_max_limit: 4
12-31 11:38:58.560   376   376 D PowerHAL: Enter common_subsys_set: enable:1, duration: 500, subsys:cpufreq: conf_2:5
12-31 11:38:58.560   376   376 D PowerHAL: ###Enter interaction_other scene end###
12-31 11:38:58.592   359   359 I gralloc : gralloc_register_buffer hnd=0xacc3cfc0, share_fd=43, share_attr_fd=-1, magic=51647890, format=1, internal_format=1, byte_stride=1920, flags=4, usage=0x966, size=1536000, width=480, height=800, internalWidth=480, internalHeight=800, stride=480, base=0xa9dcf000, writeOwner=0, attr_base=0xffffffff, yuv_info=1, fd=-1, buf_idx=0, offset=0, min_pgsz=4096, phyaddr=0
12-31 11:38:58.708   359   359 I gralloc : gralloc_unregister_buffer hnd=0xacc3d440, share_fd=48, share_attr_fd=-1, magic=51647890, format=1, internal_format=1, byte_stride=1920, flags=4, usage=0xb00, size=1536000, width=480, height=800, internalWidth=480, internalHeight=800, stride=480, base=0xa9349000, writeOwner=0, attr_base=0xffffffff, yuv_info=1, fd=-1, buf_idx=0, offset=0, min_pgsz=4096, phyaddr=0
12-31 11:38:58.708   359   359 I gralloc : gralloc_unregister_buffer hnd=0xacc3cc00, share_fd=40, share_attr_fd=-1, magic=51647890, format=1, internal_format=1, byte_stride=1920, flags=4, usage=0xb00, size=1536000, width=480, height=800, internalWidth=480, internalHeight=800, stride=480, base=0xa9f46000, writeOwner=0, attr_base=0xffffffff, yuv_info=1, fd=-1, buf_idx=0, offset=0, min_pgsz=4096, phyaddr=0
12-31 11:38:58.708   359   359 I gralloc : gralloc_unregister_buffer hnd=0xacc3cb40, share_fd=35, share_attr_fd=-1, magic=51647890, format=1, internal_format=1, byte_stride=1920, flags=4, usage=0xb00, size=1536000, width=480, height=800, internalWidth=480, internalHeight=800, stride=480, base=0xaa1be000, writeOwner=0, attr_base=0xffffffff, yuv_info=1, fd=-1, buf_idx=0, offset=0, min_pgsz=4096, phyaddr=0
12-31 11:38:58.709   359   359 I gralloc : gralloc_unregister_buffer hnd=0xacc3d380, share_fd=46, share_attr_fd=-1, magic=51647890, format=1, internal_format=1, byte_stride=1920, flags=4, usage=0xb00, size=1536000, width=480, height=800, internalWidth=480, internalHeight=800, stride=480, base=0xa94c0000, writeOwner=0, attr_base=0xffffffff, yuv_info=1, fd=-1, buf_idx=0, offset=0, min_pgsz=4096, phyaddr=0
12-31 11:38:58.742   388  1189 I gralloc : gralloc_unregister_buffer hnd=0xad173c40, share_fd=54, share_attr_fd=-1, magic=51647890, format=1, internal_format=1, byte_stride=1920, flags=4, usage=0xb00, size=1536000, width=480, height=800, internalWidth=480, internalHeight=800, stride=480, base=0xacf0b000, writeOwner=0, attr_base=0xffffffff, yuv_info=1, fd=-1, buf_idx=0, offset=0, min_pgsz=4096, phyaddr=0
12-31 11:38:58.743 27813 27861 I gralloc : gralloc_unregister_buffer hnd=0x8261cfc0, share_fd=130, share_attr_fd=-1, magic=51647890, format=1, internal_format=1, byte_stride=1920, flags=4, usage=0xb00, size=1536000, width=480, height=800, internalWidth=480, internalHeight=800, stride=480, base=0x817ae000, writeOwner=0, attr_base=0xffffffff, yuv_info=1, fd=-1, buf_idx=0, offset=0, min_pgsz=4096, phyaddr=0
12-31 11:38:58.743 27813 27861 I gralloc : gralloc_unregister_buffer hnd=0x8401aa40, share_fd=132, share_attr_fd=-1, magic=51647890, format=1, internal_format=1, byte_stride=1920, flags=4, usage=0xb00, size=1536000, width=480, height=800, internalWidth=480, internalHeight=800, stride=480, base=0x81637000, writeOwner=0, attr_base=0xffffffff, yuv_info=1, fd=-1, buf_idx=0, offset=0, min_pgsz=4096, phyaddr=0
12-31 11:38:58.744 27813 27861 I gralloc : gralloc_unregister_buffer hnd=0x8410b900, share_fd=110, share_attr_fd=-1, magic=51647890, format=1, internal_format=1, byte_stride=1920, flags=4, usage=0xb00, size=1536000, width=480, height=800, internalWidth=480, internalHeight=800, stride=480, base=0x81c45000, writeOwner=0, attr_base=0xffffffff, yuv_info=1, fd=-1, buf_idx=0, offset=0, min_pgsz=4096, phyaddr=0
12-31 11:38:58.744   388  1189 E BufferQueueProducer: [com.android.launcher3/com.android.launcher3.Launcher#0] disconnect: not connected (req=1)
12-31 11:38:58.744 27813 27861 W libEGL  : EGLNativeWindowType 0x9795b868 disconnect failed
12-31 11:38:58.755   388   388 I gralloc : gralloc_unregister_buffer hnd=0xad173b80, share_fd=25, share_attr_fd=-1, magic=51647890, format=1, internal_format=1, byte_stride=1920, flags=4, usage=0xb00, size=1536000, width=480, height=800, internalWidth=480, internalHeight=800, stride=480, base=0xad282000, writeOwner=0, attr_base=0xffffffff, yuv_info=1, fd=-1, buf_idx=0, offset=0, min_pgsz=4096, phyaddr=0
12-31 11:38:58.934   482  1083 D GNSSMGT : watchdog: PowerState[CP SLEEP], gps_flag[3], readcount[1684], idle time = 0, HeartCount = 0
12-31 11:38:58.953 32394 32465 I PlayCommon: [62846] Preparing logs for uploading
12-31 11:38:58.996 32394 32465 I PlayCommon: [62846] Connecting to server for timestamp: https://play.googleapis.com/play/log/timestamp
12-31 11:38:59.033 32394 32465 D NetworkSecurityConfig: No Network Security Config specified, using platform default
12-31 11:38:59.059   376   419 D PowerHAL: ##Timing deboost
12-31 11:38:59.059   376   419 D PowerHAL: Enter common_set: enable:0, duration: 0, /sys/devices/system/cpu/cpuhotplug/cluster0_core_min_limit: 
12-31 11:38:59.059   376   419 D PowerHAL: Enter common_clear: 
12-31 11:38:59.059   376   419 D PowerHAL: ##Timing deboost
12-31 11:38:59.059   376   419 D PowerHAL: Enter common_set: enable:0, duration: 0, /sys/devices/system/cpu/cpuhotplug/cluster0_core_max_limit: 
12-31 11:38:59.059   376   419 D PowerHAL: Enter common_clear: 
12-31 11:38:59.059   376   419 D PowerHAL: ##Timing deboost
12-31 11:38:59.059   376   419 D PowerHAL: Enter common_subsys_set: enable:0, duration: 0, subsys:cpufreq: 
12-31 11:38:59.269   347 32510 E ResolverController: No valid NAT64 prefix (470, <unspecified>/0)
12-31 11:38:59.590   734   892 D ConnectivityService: notifyType CALLBACK_CAP_CHANGED for NetworkAgentInfo [WIFI () - 470]
12-31 11:38:59.590   734   892 D ConnectivityService:  sending notification for NetworkRequest [ REQUEST id=1, [ Capabilities: INTERNET&NOT_RESTRICTED&TRUSTED&NOT_VPN] ]
12-31 11:38:59.590   734   892 D ConnectivityService:  sending notification for NetworkRequest [ LISTEN id=4, [ Capabilities: FOREGROUND] ]
12-31 11:38:59.590   734   892 D ConnectivityService: sending notification CALLBACK_CAP_CHANGED for NetworkRequest [ LISTEN id=4, [ Capabilities: FOREGROUND] ]
12-31 11:38:59.590   734   892 D ConnectivityService:  sending notification for NetworkRequest [ LISTEN id=5, [ Capabilities: NOT_RESTRICTED&TRUSTED&NOT_VPN&FOREGROUND Uid: 1000] ]
12-31 11:38:59.590   734   892 D ConnectivityService: sending notification CALLBACK_CAP_CHANGED for NetworkRequest [ LISTEN id=5, [ Capabilities: NOT_RESTRICTED&TRUSTED&NOT_VPN&FOREGROUND Uid: 1000] ]
12-31 11:38:59.590   734   892 D ConnectivityService:  sending notification for NetworkRequest [ LISTEN id=6, [ Capabilities: NOT_RESTRICTED&TRUSTED&NOT_VPN&FOREGROUND Uid: 1000] ]
12-31 11:38:59.590   734   892 D ConnectivityService: sending notification CALLBACK_CAP_CHANGED for NetworkRequest [ LISTEN id=6, [ Capabilities: NOT_RESTRICTED&TRUSTED&NOT_VPN&FOREGROUND Uid: 1000] ]
12-31 11:38:59.590   734   892 D ConnectivityService:  sending notification for NetworkRequest [ REQUEST id=7, [ Capabilities: INTERNET&NOT_RESTRICTED&TRUSTED&NOT_VPN] ]
12-31 11:38:59.591   734   892 D ConnectivityService: sending notification CALLBACK_CAP_CHANGED for NetworkRequest [ REQUEST id=7, [ Capabilities: INTERNET&NOT_RESTRICTED&TRUSTED&NOT_VPN] ]
12-31 11:38:59.591   734   892 D ConnectivityService:  sending notification for NetworkRequest [ LISTEN id=9, [ Transports: WIFI Capabilities: INTERNET&TRUSTED&NOT_VPN Uid: 1001] ]
12-31 11:38:59.591   734   892 D ConnectivityService: sending notification CALLBACK_CAP_CHANGED for NetworkRequest [ LISTEN id=9, [ Transports: WIFI Capabilities: INTERNET&TRUSTED&NOT_VPN Uid: 1001] ]
12-31 11:38:59.592   734   892 D ConnectivityService:  sending notification for NetworkRequest [ LISTEN id=10, [ Transports: WIFI Capabilities: INTERNET&TRUSTED&NOT_VPN Uid: 1001] ]
12-31 11:38:59.592   734   892 D ConnectivityService: sending notification CALLBACK_CAP_CHANGED for NetworkRequest [ LISTEN id=10, [ Transports: WIFI Capabilities: INTERNET&TRUSTED&NOT_VPN Uid: 1001] ]
12-31 11:38:59.593   734   892 D ConnectivityService:  sending notification for NetworkRequest [ TRACK_DEFAULT id=11, [ Capabilities: INTERNET&NOT_RESTRICTED&TRUSTED Uid: 1000] ]
12-31 11:38:59.593   734   892 D ConnectivityService: sending notification CALLBACK_CAP_CHANGED for NetworkRequest [ TRACK_DEFAULT id=11, [ Capabilities: INTERNET&NOT_RESTRICTED&TRUSTED Uid: 1000] ]
12-31 11:38:59.593   734   892 D ConnectivityService:  sending notification for NetworkRequest [ LISTEN id=12, [ Capabilities: INTERNET&NOT_RESTRICTED&TRUSTED&VALIDATED Uid: 1000] ]
