12-29 05:34:22.815   734   763 I chatty  : uid=1000(system) ActivityManager expire 4 lines
12-29 05:34:23.640   734  5673 I chatty  : uid=1000(system) Binder:734_14 expire 4 lines
12-29 05:34:24.521   734   751 I chatty  : uid=1000(system) Binder:734_2 expire 3 lines
12-29 05:34:24.687   734   762 I chatty  : uid=1000(system) ActivityManager expire 9 lines
12-29 05:34:24.745   734  5639 I chatty  : uid=1000(system) Binder:734_13 expire 2 lines
12-29 05:34:24.746   734   892 I chatty  : uid=1000(system) ConnectivitySer expire 213 lines
12-29 05:34:25.386   734  2390 I chatty  : uid=1000(system) Binder:734_B expire 2 lines
12-29 05:34:25.662   734  1898 I chatty  : uid=1000(system) Binder:734_A expire 2 lines
12-29 05:34:25.719   734   848 I chatty  : uid=1000(system) Binder:734_4 expire 2 lines
12-29 05:34:25.738   734   734 I chatty  : uid=1000 system_server expire 1 line
12-29 05:34:26.383   734  6936 I chatty  : uid=1000(system) Binder:734_17 expire 2 lines
12-29 05:34:27.186 13575 13575 W ActivityThread: com.google.android.finsky.packagemonitor.impl.PackageMonitorReceiverImpl$RegisteredReceiver running onReceive took long time
12-29 05:34:27.186 13575 13575 W ActivityThread: Main thread can not be idle for a long time.
12-29 05:34:27.649   734  6945 I chatty  : uid=1000(system) Binder:734_20 expire 2 lines
12-29 05:34:27.784   734  4419 I chatty  : uid=1000(system) Binder:734_F expire 1 line
12-29 05:34:27.785   734   892 I chatty  : uid=1000(system) ConnectivitySer expire 239 lines
12-29 05:34:28.303 13681 13681 W ActivityThread: Main thread can not be idle for a long time.
12-29 05:34:28.355   734  3640 I chatty  : uid=1000(system) Binder:734_C expire 1 line
12-29 05:34:28.363   734  6945 I chatty  : uid=1000(system) Binder:734_20 expire 1 line
12-29 05:34:37.566   734   863 I chatty  : uid=1000(system) AlarmManager expire 2 lines
12-29 05:34:37.576   734   734 I chatty  : uid=1000 system_server expire 1 line
12-29 05:34:39.316   734   899 I chatty  : uid=1000(system) DeviceStorageMo expire 1 line
12-29 05:34:42.067   734  2390 I chatty  : uid=1000(system) Binder:734_B expire 4 lines
12-29 05:34:42.125   734   763 I chatty  : uid=1000(system) ActivityManager expire 1 line
12-29 05:34:42.341   734   925 I chatty  : uid=1000(system) Thread-4 expire 2 lines
12-29 05:34:43.744   734   762 I chatty  : uid=1000(system) ActivityManager expire 1 line
12-29 05:34:43.846   734  6944 I chatty  : uid=1000(system) Binder:734_1F expire 3 lines
12-29 05:34:43.887   734   892 I chatty  : uid=1000(system) ConnectivitySer expire 95 lines
12-29 05:34:44.503   734  4419 I chatty  : uid=1000(system) Binder:734_F expire 2 lines
12-29 05:34:48.065   734   863 I chatty  : uid=1000(system) AlarmManager expire 12 lines
12-29 05:34:48.072   734   734 I chatty  : uid=1000 system_server expire 10 lines
12-29 05:35:17.326   972   972 I PowerUI : [battery]Temperature = 263, health = 2, highTempShutDown = 600, lowTempShutDown = -100, highTempTips = 550, highTempTips = 550, lowTempTips = 0, openTempWarning = true, mPlugType = 2
12-29 05:35:17.326   972   972 D PowerUI : buckets   .....20 .. 15 .. 5
12-29 05:35:17.326   972   972 D PowerUI : level          100 --> 100
12-29 05:35:17.326   972   972 D PowerUI : status         5 --> 5
12-29 05:35:17.326   972   972 D PowerUI : plugType       2 --> 2
12-29 05:35:17.326   972   972 D PowerUI : invalidCharger 0 --> 0
12-29 05:35:17.327   972   972 D PowerUI : bucket         1 --> 1
12-29 05:35:17.327   972   972 D PowerUI : plugged        true --> true
12-29 05:35:17.327   972   972 D PowerUI : health         2 --> 2
12-29 05:35:31.894   734   776 I chatty  : uid=1000(system) PackageManager expire 70 lines
12-29 05:35:32.755 13681 13705 W SystemConfig: No directory /product_services/etc/sysconfig, skipping
12-29 05:35:32.755 13681 13705 W SystemConfig: No directory /product_services/etc/permissions, skipping
12-29 05:35:34.213   734   763 I chatty  : uid=1000(system) ActivityManager expire 1 line
12-29 05:35:38.966   734   925 I chatty  : uid=1000(system) Thread-4 expire 2 lines
12-29 05:35:38.995   734  5673 I chatty  : uid=1000(system) Binder:734_14 expire 8 lines
12-29 05:35:39.418   734   899 I chatty  : uid=1000(system) DeviceStorageMo expire 1 line
12-29 05:35:39.950   734   769 I chatty  : uid=1000(system) batterystats-wo expire 2 lines
12-29 05:35:40.586   734   863 I chatty  : uid=1000(system) AlarmManager expire 2 lines
12-29 05:35:43.805   734   762 I chatty  : uid=1000(system) ActivityManager expire 8 lines
12-29 05:35:43.928   734   752 I chatty  : uid=1000(system) android.fg expire 1 line
12-29 05:35:43.947   734  4418 I chatty  : uid=1000(system) Binder:734_E expire 2 lines
12-29 05:35:44.057   734  6943 I chatty  : uid=1000(system) Binder:734_1E expire 1 line
12-29 05:35:44.058   734   892 I chatty  : uid=1000(system) ConnectivitySer expire 32 lines
12-29 05:35:44.060   734  4057 I chatty  : uid=1000(system) Binder:734_D expire 1 line
12-29 05:35:44.131   734   916 I chatty  : uid=1000(system) SmartSS.bg expire 1 line
12-29 05:35:44.138   734   862 I chatty  : uid=1000(system) PowerGuruServic expire 2 lines
12-29 05:35:45.189   734   761 I chatty  : uid=1000(system) android.bg expire 1 line
12-29 05:35:45.275   734   892 I chatty  : uid=1000(system) ConnectivitySer expire 239 lines
12-29 05:35:45.276   734  5673 I chatty  : uid=1000(system) Binder:734_14 expire 1 line
12-29 05:35:45.332   734   863 I chatty  : uid=1000(system) AlarmManager expire 3 lines
12-29 05:35:45.340   734   734 I chatty  : uid=1000 system_server expire 3 lines
12-29 05:35:45.549   734  4057 I chatty  : uid=1000(system) Binder:734_D expire 2 lines
12-29 05:35:46.045   734   776 I chatty  : uid=1000(system) PackageManager expire 4 lines
12-29 05:35:46.163   734   762 I chatty  : uid=1000(system) ActivityManager expire 1 line
12-29 05:35:46.387   734   763 I chatty  : uid=1000(system) ActivityManager expire 1 line
12-29 05:35:47.292   734  5833 I chatty  : uid=1000(system) Binder:734_16 expire 2 lines
12-29 05:35:47.296   734   892 I chatty  : uid=1000(system) ConnectivitySer expire 114 lines
12-29 05:35:47.314   734  4419 I chatty  : uid=1000(system) Binder:734_F expire 1 line
12-29 05:35:47.485 14090 14090 W ActivityThread: com.google.android.finsky.verifier.impl.PackageVerificationReceiver running onReceive took long time
12-29 05:35:47.485 14090 14090 W ActivityThread: Main thread can not be idle for a long time.
12-29 05:35:47.795 14090 14117 W PackageParser: Unknown element under <manifest>: queries at /data/app/vmdl1181307696.tmp/base.apk Binary XML file line #18
12-29 05:35:47.796 14090 14117 W PackageParser: No actions in intent filter at /data/app/vmdl1181307696.tmp/base.apk Binary XML file line #33
12-29 05:35:47.796 14090 14117 W PackageParser: No actions in intent filter at /data/app/vmdl1181307696.tmp/base.apk Binary XML file line #41
12-29 05:35:47.796 14090 14117 W PackageParser: No actions in intent filter at /data/app/vmdl1181307696.tmp/base.apk Binary XML file line #49
12-29 05:35:48.139 14090 14117 W SystemConfig: No directory /product_services/etc/sysconfig, skipping
12-29 05:35:48.140 14090 14117 W SystemConfig: No directory /product_services/etc/permissions, skipping
12-29 05:35:49.254   734   763 I chatty  : uid=1000(system) ActivityManager expire 2 lines
12-29 05:35:49.476 14090 14152 W PackageParser: Unknown element under <manifest>: queries at /data/app/vmdl1181307696.tmp/base.apk Binary XML file line #18
12-29 05:35:49.476 14090 14152 W PackageParser: No actions in intent filter at /data/app/vmdl1181307696.tmp/base.apk Binary XML file line #33
12-29 05:35:49.477 14090 14152 W PackageParser: No actions in intent filter at /data/app/vmdl1181307696.tmp/base.apk Binary XML file line #41
12-29 05:35:49.477 14090 14152 W PackageParser: No actions in intent filter at /data/app/vmdl1181307696.tmp/base.apk Binary XML file line #49
12-29 05:35:53.520   734  6944 I chatty  : uid=1000(system) Binder:734_1F expire 2 lines
12-29 05:35:53.649   734   776 I chatty  : uid=1000(system) PackageManager expire 70 lines
12-29 05:35:54.679   734   752 I chatty  : uid=1000(system) android.fg expire 6 lines
12-29 05:35:54.696   734   762 I chatty  : uid=1000(system) ActivityManager expire 9 lines
12-29 05:35:54.724   734   862 I chatty  : uid=1000(system) PowerGuruServic expire 2 lines
12-29 05:35:54.726   734   916 I chatty  : uid=1000(system) SmartSS.bg expire 1 line
12-29 05:35:54.736   734  4418 I chatty  : uid=1000(system) Binder:734_E expire 1 line
12-29 05:35:54.900   734   734 I chatty  : uid=1000 system_server expire 15 lines
12-29 05:35:56.222   734   761 I chatty  : uid=1000(system) android.bg expire 3 lines
12-29 05:35:56.738   734  4057 I chatty  : uid=1000(system) Binder:734_D expire 3 lines
12-29 05:35:58.686 14350 14350 W ActivityThread: Package uses different ABI(s) than its instrumentation: package[com.example.smartlist]: armeabi-v7a, null instrumentation[com.example.smartlist.test]: null, null
12-29 05:36:00.000   734   863 I chatty  : uid=1000(system) AlarmManager expire 6 lines
12-29 05:36:05.442   734  5673 I chatty  : uid=1000(system) Binder:734_14 expire 1 line
12-29 05:36:07.347   734  3640 I chatty  : uid=1000(system) Binder:734_C expire 4 lines
12-29 05:36:08.016   734   755 I chatty  : uid=1000(system) android.display expire 2 lines
12-29 05:36:14.418   734   867 I chatty  : uid=1000(system) InputReader expire 5 lines
12-29 05:36:14.561   734   773 I chatty  : uid=1000(system) PowerManagerSer expire 9 lines
12-29 05:36:14.627   734   848 I chatty  : uid=1000(system) Binder:734_4 expire 2 lines
12-29 05:36:14.628   734   753 I chatty  : uid=1000(system) android.ui expire 2 lines
12-29 05:36:14.642   734   755 I chatty  : uid=1000(system) android.display expire 3 lines
12-29 05:36:14.828   734   734 I chatty  : uid=1000 system_server expire 4 lines
12-29 05:36:14.863   734   892 I chatty  : uid=1000(system) ConnectivitySer expire 132 lines
12-29 05:36:17.210   734  4057 I chatty  : uid=1000(system) Binder:734_D expire 5 lines
12-29 05:36:17.289   734   763 I chatty  : uid=1000(system) ActivityManager expire 2 lines
12-29 05:36:17.310   972   972 I PowerUI : [battery]Temperature = 263, health = 2, highTempShutDown = 600, lowTempShutDown = -100, highTempTips = 550, highTempTips = 550, lowTempTips = 0, openTempWarning = true, mPlugType = 2
12-29 05:36:17.310   972   972 D PowerUI : buckets   .....20 .. 15 .. 5
12-29 05:36:17.310   972   972 D PowerUI : level          100 --> 100
12-29 05:36:17.310   972   972 D PowerUI : status         5 --> 5
12-29 05:36:17.310   972   972 D PowerUI : plugType       2 --> 2
12-29 05:36:17.310   972   972 D PowerUI : invalidCharger 0 --> 0
12-29 05:36:17.310   972   972 D PowerUI : bucket         1 --> 1
12-29 05:36:17.310   972   972 D PowerUI : plugged        true --> true
12-29 05:36:17.310   972   972 D PowerUI : health         2 --> 2
12-29 05:36:18.323   734  6943 I chatty  : uid=1000(system) Binder:734_1E expire 4 lines
12-29 05:36:18.844   734   776 I chatty  : uid=1000(system) PackageManager expire 72 lines
12-29 05:36:18.845   734   762 I chatty  : uid=1000(system) ActivityManager expire 11 lines
12-29 05:36:20.037   734   752 I chatty  : uid=1000(system) android.fg expire 1 line
12-29 05:36:20.137   734  4419 I chatty  : uid=1000(system) Binder:734_F expire 1 line
12-29 05:36:20.194   734  6944 I chatty  : uid=1000(system) Binder:734_1F expire 2 lines
12-29 05:36:20.285   734  3640 I chatty  : uid=1000(system) Binder:734_C expire 7 lines
12-29 05:36:20.611   734   916 I chatty  : uid=1000(system) SmartSS.bg expire 2 lines
12-29 05:36:20.844   734  6940 I chatty  : uid=1000(system) Binder:734_1B expire 7 lines
12-29 05:36:20.847   734   734 I chatty  : uid=1000 system_server expire 10 lines
12-29 05:36:20.856   734   752 I chatty  : uid=1000(system) android.fg expire 6 lines
12-29 05:36:20.866   734   755 I chatty  : uid=1000(system) android.display expire 4 lines
12-29 05:36:20.900   734   862 I chatty  : uid=1000(system) PowerGuruServic expire 4 lines
12-29 05:36:20.925   734  6936 I chatty  : uid=1000(system) Binder:734_17 expire 1 line
12-29 05:36:20.941   734   753 I chatty  : uid=1000(system) android.ui expire 8 lines
12-29 05:36:21.034   734  4057 I chatty  : uid=1000(system) Binder:734_D expire 3 lines
12-29 05:36:21.089   734   925 I chatty  : uid=1000(system) Thread-4 expire 4 lines
12-29 05:36:21.627   734   886 I chatty  : uid=1000(system) ClientModeImpl expire 4 lines
12-29 05:36:21.858   734  4419 I chatty  : uid=1000(system) Binder:734_F expire 5 lines
12-29 05:36:22.159   734   763 I chatty  : uid=1000(system) ActivityManager expire 3 lines
12-29 05:36:22.185   734   761 I chatty  : uid=1000(system) android.bg expire 3 lines
12-29 05:36:22.407   734  5639 I chatty  : uid=1000(system) Binder:734_13 expire 9 lines
12-29 05:36:22.998   734   776 I chatty  : uid=1000(system) PackageManager expire 6 lines
12-29 05:36:23.997 14544 14544 W ActivityThread: Main thread can not be idle for a long time.
12-29 05:36:24.512   734  4418 I chatty  : uid=1000(system) Binder:734_E expire 3 lines
12-29 05:36:24.843   734  5673 I chatty  : uid=1000(system) Binder:734_14 expire 3 lines
12-29 05:36:25.361   734   892 I chatty  : uid=1000(system) ConnectivitySer expire 68 lines
12-29 05:36:26.465   734   762 I chatty  : uid=1000(system) ActivityManager expire 9 lines
12-29 05:36:29.566   734  6944 I chatty  : uid=1000(system) Binder:734_1F expire 1 line
12-29 05:36:29.571   734  6938 I chatty  : uid=1000(system) Binder:734_19 expire 15 lines
12-29 05:36:39.559   734   899 I chatty  : uid=1000(system) DeviceStorageMo expire 8 lines
12-29 05:36:39.829   734   863 I chatty  : uid=1000(system) AlarmManager expire 11 lines
12-29 05:37:17.316   972   972 I PowerUI : [battery]Temperature = 264, health = 2, highTempShutDown = 600, lowTempShutDown = -100, highTempTips = 550, highTempTips = 550, lowTempTips = 0, openTempWarning = true, mPlugType = 2
12-29 05:37:17.317   972   972 D PowerUI : buckets   .....20 .. 15 .. 5
12-29 05:37:17.318   972   972 D PowerUI : level          100 --> 100
12-29 05:37:17.318   972   972 D PowerUI : status         5 --> 5
12-29 05:37:17.318   972   972 D PowerUI : plugType       2 --> 2
12-29 05:37:17.318   972   972 D PowerUI : invalidCharger 0 --> 0
12-29 05:37:17.318   972   972 D PowerUI : bucket         1 --> 1
12-29 05:37:17.318   972   972 D PowerUI : plugged        true --> true
12-29 05:37:17.318   972   972 D PowerUI : health         2 --> 2
12-29 05:38:17.277   972   972 I PowerUI : [battery]Temperature = 263, health = 2, highTempShutDown = 600, lowTempShutDown = -100, highTempTips = 550, highTempTips = 550, lowTempTips = 0, openTempWarning = true, mPlugType = 2
12-29 05:38:17.277   972   972 D PowerUI : buckets   .....20 .. 15 .. 5
12-29 05:38:17.277   972   972 D PowerUI : level          100 --> 100
12-29 05:38:17.278   972   972 D PowerUI : status         5 --> 5
12-29 05:38:17.278   972   972 D PowerUI : plugType       2 --> 2
12-29 05:38:17.278   972   972 D PowerUI : invalidCharger 0 --> 0
12-29 05:38:17.278   972   972 D PowerUI : bucket         1 --> 1
12-29 05:38:17.278   972   972 D PowerUI : plugged        true --> true
12-29 05:38:17.278   972   972 D PowerUI : health         2 --> 2
12-29 05:38:20.674   734   863 I chatty  : uid=1000(system) AlarmManager expire 10 lines
12-29 05:38:20.739   734  1044 I chatty  : uid=1000(system) Binder:734_5 expire 6 lines
12-29 05:39:17.278   972   972 I PowerUI : [battery]Temperature = 263, health = 2, highTempShutDown = 600, lowTempShutDown = -100, highTempTips = 550, highTempTips = 550, lowTempTips = 0, openTempWarning = true, mPlugType = 2
12-29 05:39:17.278   972   972 D PowerUI : buckets   .....20 .. 15 .. 5
12-29 05:39:17.278   972   972 D PowerUI : level          100 --> 100
12-29 05:39:17.278   972   972 D PowerUI : status         5 --> 5
12-29 05:39:17.278   972   972 D PowerUI : plugType       2 --> 2
12-29 05:39:17.278   972   972 D PowerUI : invalidCharger 0 --> 0
12-29 05:39:17.278   972   972 D PowerUI : bucket         1 --> 1
12-29 05:39:17.278   972   972 D PowerUI : plugged        true --> true
12-29 05:39:17.278   972   972 D PowerUI : health         2 --> 2
12-29 05:40:13.907 14660 14660 W ContextImpl: Calling a method in the system process without a qualified user: android.app.ContextImpl.startService:1570 android.content.ContextWrapper.startService:669 com.android.cellbroadcastreceiver.CellBroadcastReceiver.startConfigService:231 com.android.cellbroadcastreceiver.CellBroadcastReceiver.onReceiveWithPrivilege:107 com.android.cellbroadcastreceiver.CellBroadcastReceiver.onReceive:82 
12-29 05:40:17.292   972   972 I PowerUI : [battery]Temperature = 264, health = 2, highTempShutDown = 600, lowTempShutDown = -100, highTempTips = 550, highTempTips = 550, lowTempTips = 0, openTempWarning = true, mPlugType = 2
12-29 05:40:17.292   972   972 D PowerUI : buckets   .....20 .. 15 .. 5
12-29 05:40:17.292   972   972 D PowerUI : level          100 --> 100
12-29 05:40:17.292   972   972 D PowerUI : status         5 --> 5
12-29 05:40:17.292   972   972 D PowerUI : plugType       2 --> 2
12-29 05:40:17.292   972   972 D PowerUI : invalidCharger 0 --> 0
12-29 05:40:17.292   972   972 D PowerUI : bucket         1 --> 1
12-29 05:40:17.292   972   972 D PowerUI : plugged        true --> true
12-29 05:40:17.292   972   972 D PowerUI : health         2 --> 2
12-29 05:40:22.397   734  6941 I chatty  : uid=1000(system) Binder:734_1C expire 3 lines
12-29 05:40:30.075   734   756 I chatty  : uid=1000(system) android.anim expire 1 line
12-29 05:40:31.005   734   769 I chatty  : uid=1000(system) batterystats-wo expire 14 lines
12-29 05:41:00.000   734   863 I chatty  : uid=1000(system) AlarmManager expire 12 lines
12-29 05:41:12.771   734   734 I chatty  : uid=1000 system_server expire 1 line
12-29 05:41:14.438   734   867 I chatty  : uid=1000(system) InputReader expire 1 line
12-29 05:41:17.280   972   972 I PowerUI : [battery]Temperature = 263, health = 2, highTempShutDown = 600, lowTempShutDown = -100, highTempTips = 550, highTempTips = 550, lowTempTips = 0, openTempWarning = true, mPlugType = 2
12-29 05:41:17.280   972   972 D PowerUI : buckets   .....20 .. 15 .. 5
12-29 05:41:17.280   972   972 D PowerUI : level          100 --> 100
12-29 05:41:17.280   972   972 D PowerUI : status         5 --> 5
12-29 05:41:17.280   972   972 D PowerUI : plugType       2 --> 2
12-29 05:41:17.280   972   972 D PowerUI : invalidCharger 0 --> 0
12-29 05:41:17.280   972   972 D PowerUI : bucket         1 --> 1
12-29 05:41:17.280   972   972 D PowerUI : plugged        true --> true
12-29 05:41:17.280   972   972 D PowerUI : health         2 --> 2
12-29 05:42:17.277   972   972 I PowerUI : [battery]Temperature = 263, health = 2, highTempShutDown = 600, lowTempShutDown = -100, highTempTips = 550, highTempTips = 550, lowTempTips = 0, openTempWarning = true, mPlugType = 2
12-29 05:42:17.277   972   972 D PowerUI : buckets   .....20 .. 15 .. 5
12-29 05:42:17.277   972   972 D PowerUI : level          100 --> 100
12-29 05:42:17.277   972   972 D PowerUI : status         5 --> 5
12-29 05:42:17.277   972   972 D PowerUI : plugType       2 --> 2
12-29 05:42:17.277   972   972 D PowerUI : invalidCharger 0 --> 0
12-29 05:42:17.277   972   972 D PowerUI : bucket         1 --> 1
12-29 05:42:17.277   972   972 D PowerUI : plugged        true --> true
12-29 05:42:17.277   972   972 D PowerUI : health         2 --> 2
12-29 05:43:17.277   972   972 I PowerUI : [battery]Temperature = 263, health = 2, highTempShutDown = 600, lowTempShutDown = -100, highTempTips = 550, highTempTips = 550, lowTempTips = 0, openTempWarning = true, mPlugType = 2
12-29 05:43:17.277   972   972 D PowerUI : buckets   .....20 .. 15 .. 5
12-29 05:43:17.277   972   972 D PowerUI : level          100 --> 100
12-29 05:43:17.277   972   972 D PowerUI : status         5 --> 5
12-29 05:43:17.277   972   972 D PowerUI : plugType       2 --> 2
12-29 05:43:17.277   972   972 D PowerUI : invalidCharger 0 --> 0
12-29 05:43:17.278   972   972 D PowerUI : bucket         1 --> 1
12-29 05:43:17.278   972   972 D PowerUI : plugged        true --> true
12-29 05:43:17.278   972   972 D PowerUI : health         2 --> 2
12-29 05:43:38.566 14090 14090 W ActivityThread: com.google.android.finsky.verifier.impl.PackageVerificationReceiver running onReceive took long time
12-29 05:43:40.078   734   763 I chatty  : uid=1000(system) ActivityManager expire 4 lines
12-29 05:43:40.801   734   863 I chatty  : uid=1000(system) AlarmManager expire 10 lines
12-29 05:43:40.804   734   734 I chatty  : uid=1000 system_server expire 10 lines
12-29 05:43:40.865   734  4419 I chatty  : uid=1000(system) Binder:734_F expire 2 lines
12-29 05:43:46.541   734  6939 I chatty  : uid=1000(system) Binder:734_1A expire 2 lines
12-29 05:43:46.602   734   769 I chatty  : uid=1000(system) batterystats-wo expire 4 lines
12-29 05:43:49.785   734   776 I chatty  : uid=1000(system) PackageManager expire 140 lines
12-29 05:43:50.440   734   752 I chatty  : uid=1000(system) android.fg expire 7 lines
12-29 05:43:50.442   734  6938 I chatty  : uid=1000(system) Binder:734_19 expire 1 line
12-29 05:43:50.451   734   762 I chatty  : uid=1000(system) ActivityManager expire 16 lines
12-29 05:43:50.517   734  6944 I chatty  : uid=1000(system) Binder:734_1F expire 5 lines
12-29 05:43:50.616   734  1061 I chatty  : uid=1000(system) Binder:734_6 expire 2 lines
12-29 05:43:50.720   734   862 I chatty  : uid=1000(system) PowerGuruServic expire 4 lines
12-29 05:43:50.890   734   916 I chatty  : uid=1000(system) SmartSS.bg expire 2 lines
12-29 05:43:52.123   734   761 I chatty  : uid=1000(system) android.bg expire 4 lines
12-29 05:43:52.906 14090 14801 W PackageParser: Unknown element under <manifest>: queries at /data/app/vmdl514320299.tmp/base.apk Binary XML file line #18
12-29 05:43:52.907 14090 14801 W PackageParser: No actions in intent filter at /data/app/vmdl514320299.tmp/base.apk Binary XML file line #33
12-29 05:43:52.907 14090 14801 W PackageParser: No actions in intent filter at /data/app/vmdl514320299.tmp/base.apk Binary XML file line #41
12-29 05:43:52.907 14090 14801 W PackageParser: No actions in intent filter at /data/app/vmdl514320299.tmp/base.apk Binary XML file line #49
12-29 05:43:53.367 14090 14141 W PackageParser: Unknown element under <manifest>: queries at /data/app/vmdl514320299.tmp/base.apk Binary XML file line #18
12-29 05:43:53.367 14090 14141 W PackageParser: No actions in intent filter at /data/app/vmdl514320299.tmp/base.apk Binary XML file line #33
12-29 05:43:53.367 14090 14141 W PackageParser: No actions in intent filter at /data/app/vmdl514320299.tmp/base.apk Binary XML file line #41
12-29 05:43:53.368 14090 14141 W PackageParser: No actions in intent filter at /data/app/vmdl514320299.tmp/base.apk Binary XML file line #49
12-29 05:43:57.725   734  4057 I chatty  : uid=1000(system) Binder:734_D expire 14 lines
12-29 05:43:58.305   734   734 I chatty  : uid=1000 system_server expire 14 lines
12-29 05:44:01.291 15024 15024 W ActivityThread: Package uses different ABI(s) than its instrumentation: package[com.example.smartlist]: armeabi-v7a, null instrumentation[com.example.smartlist.test]: null, null
12-29 05:44:05.142   734   925 I chatty  : uid=1000(system) Thread-4 expire 2 lines
12-29 05:44:08.520   734  1044 I chatty  : uid=1000(system) Binder:734_5 expire 6 lines
12-29 05:44:09.300   734  4418 I chatty  : uid=1000(system) Binder:734_E expire 1 line
12-29 05:44:14.202   734   756 I chatty  : uid=1000(system) android.anim expire 1 line
12-29 05:44:15.036   734  4057 I chatty  : uid=1000(system) Binder:734_D expire 2 lines
12-29 05:44:15.347   734   755 I chatty  : uid=1000(system) android.display expire 2 lines
12-29 05:44:15.655   734  6943 I chatty  : uid=1000(system) Binder:734_1E expire 5 lines
12-29 05:44:15.658   734   776 I chatty  : uid=1000(system) PackageManager expire 74 lines
12-29 05:44:15.658   734   762 I chatty  : uid=1000(system) ActivityManager expire 17 lines
12-29 05:44:16.035   734  3641 I chatty  : uid=1000(system) LazyTaskWriterT expire 1 line
12-29 05:44:16.806   734   752 I chatty  : uid=1000(system) android.fg expire 8 lines
12-29 05:44:16.896   734  1061 I chatty  : uid=1000(system) Binder:734_6 expire 4 lines
12-29 05:44:16.901   734  1067 I chatty  : uid=1000(system) Binder:734_7 expire 1 line
12-29 05:44:17.385   734   734 I chatty  : uid=1000 system_server expire 6 lines
12-29 05:44:17.404   734   916 I chatty  : uid=1000(system) SmartSS.bg expire 2 lines
12-29 05:44:17.425   734   862 I chatty  : uid=1000(system) PowerGuruServic expire 4 lines
12-29 05:44:17.626   734  5781 I chatty  : uid=1000(system) Binder:734_15 expire 1 line
12-29 05:44:17.747   972   972 I PowerUI : [battery]Temperature = 263, health = 2, highTempShutDown = 600, lowTempShutDown = -100, highTempTips = 550, highTempTips = 550, lowTempTips = 0, openTempWarning = true, mPlugType = 2
12-29 05:44:17.747   972   972 D PowerUI : buckets   .....20 .. 15 .. 5
12-29 05:44:17.747   972   972 D PowerUI : level          100 --> 100
12-29 05:44:17.747   972   972 D PowerUI : status         5 --> 5
12-29 05:44:17.747   972   972 D PowerUI : plugType       2 --> 2
12-29 05:44:17.747   972   972 D PowerUI : invalidCharger 0 --> 0
12-29 05:44:17.747   972   972 D PowerUI : bucket         1 --> 1
12-29 05:44:17.747   972   972 D PowerUI : plugged        true --> true
12-29 05:44:17.747   972   972 D PowerUI : health         2 --> 2
12-29 05:44:18.002   734   886 I chatty  : uid=1000(system) ClientModeImpl expire 4 lines
12-29 05:44:18.811   734   761 I chatty  : uid=1000(system) android.bg expire 2 lines
12-29 05:44:20.187   734   847 I chatty  : uid=1000(system) Binder:734_3 expire 1 line
12-29 05:44:20.578   734  6944 I chatty  : uid=1000(system) Binder:734_1F expire 4 lines
12-29 05:44:20.726   734  1044 I chatty  : uid=1000(system) Binder:734_5 expire 3 lines
12-29 05:44:20.728   734   892 I chatty  : uid=1000(system) ConnectivitySer expire 105 lines
12-29 05:44:32.036   734   863 I chatty  : uid=1000(system) AlarmManager expire 2 lines
12-29 05:44:32.136   734   763 I chatty  : uid=1000(system) ActivityManager expire 2 lines
12-29 05:44:32.529   734   925 I chatty  : uid=1000(system) Thread-4 expire 4 lines
12-29 05:44:33.868   734   892 I chatty  : uid=1000(system) ConnectivitySer expire 7 lines
12-29 05:44:34.321   734   763 I chatty  : uid=1000(system) ActivityManager expire 5 lines
12-29 05:44:40.094   734   899 I chatty  : uid=1000(system) DeviceStorageMo expire 2 lines
12-29 05:45:00.000   734   863 I chatty  : uid=1000(system) AlarmManager expire 6 lines
12-29 05:45:04.211   734   776 I chatty  : uid=1000(system) PackageManager expire 70 lines
12-29 05:45:05.157 15223 15281 W SystemConfig: No directory /product_services/etc/sysconfig, skipping
12-29 05:45:05.157 15223 15281 W SystemConfig: No directory /product_services/etc/permissions, skipping
12-29 05:45:07.036   734   753 I chatty  : uid=1000(system) android.ui expire 1 line
12-29 05:45:13.653   734   847 I chatty  : uid=1000(system) Binder:734_3 expire 3 lines
12-29 05:45:17.300   734   752 I chatty  : uid=1000(system) android.fg expire 7 lines
12-29 05:45:17.322   734  1044 I chatty  : uid=1000(system) Binder:734_5 expire 7 lines
12-29 05:45:17.351   734   762 I chatty  : uid=1000(system) ActivityManager expire 16 lines
12-29 05:45:17.525   734   848 I chatty  : uid=1000(system) Binder:734_4 expire 2 lines
12-29 05:45:17.653   734   734 I chatty  : uid=1000 system_server expire 12 lines
12-29 05:45:17.668   734   916 I chatty  : uid=1000(system) SmartSS.bg expire 2 lines
12-29 05:45:17.680   734   862 I chatty  : uid=1000(system) PowerGuruServic expire 4 lines
12-29 05:45:17.845   972   972 I PowerUI : [battery]Temperature = 264, health = 2, highTempShutDown = 600, lowTempShutDown = -100, highTempTips = 550, highTempTips = 550, lowTempTips = 0, openTempWarning = true, mPlugType = 2
12-29 05:45:17.845   972   972 D PowerUI : buckets   .....20 .. 15 .. 5
12-29 05:45:17.845   972   972 D PowerUI : level          100 --> 100
12-29 05:45:17.845   972   972 D PowerUI : status         5 --> 5
12-29 05:45:17.845   972   972 D PowerUI : plugType       2 --> 2
12-29 05:45:17.848   972   972 D PowerUI : invalidCharger 0 --> 0
12-29 05:45:17.848   972   972 D PowerUI : bucket         1 --> 1
12-29 05:45:17.848   972   972 D PowerUI : plugged        true --> true
12-29 05:45:17.848   972   972 D PowerUI : health         2 --> 2
12-29 05:45:19.363   734   761 I chatty  : uid=1000(system) android.bg expire 4 lines
12-29 05:45:19.486   734  1061 I chatty  : uid=1000(system) Binder:734_6 expire 5 lines
12-29 05:45:19.746   734   776 I chatty  : uid=1000(system) PackageManager expire 74 lines
12-29 05:45:19.936 15223 15281 W PackageParser: Unknown element under <manifest>: queries at /data/app/vmdl513929810.tmp/base.apk Binary XML file line #18
12-29 05:45:19.936 15223 15281 W PackageParser: No actions in intent filter at /data/app/vmdl513929810.tmp/base.apk Binary XML file line #33
12-29 05:45:19.936 15223 15281 W PackageParser: No actions in intent filter at /data/app/vmdl513929810.tmp/base.apk Binary XML file line #41
12-29 05:45:19.936 15223 15281 W PackageParser: No actions in intent filter at /data/app/vmdl513929810.tmp/base.apk Binary XML file line #49
12-29 05:45:20.704 15223 15272 W PackageParser: Unknown element under <manifest>: queries at /data/app/vmdl513929810.tmp/base.apk Binary XML file line #18
12-29 05:45:20.713 15223 15272 W PackageParser: No actions in intent filter at /data/app/vmdl513929810.tmp/base.apk Binary XML file line #33
12-29 05:45:20.713 15223 15272 W PackageParser: No actions in intent filter at /data/app/vmdl513929810.tmp/base.apk Binary XML file line #41
12-29 05:45:20.714 15223 15272 W PackageParser: No actions in intent filter at /data/app/vmdl513929810.tmp/base.apk Binary XML file line #49
12-29 05:45:24.826   734  6944 I chatty  : uid=1000(system) Binder:734_1F expire 1 line
12-29 05:45:28.237 15631 15631 W ActivityThread: Package uses different ABI(s) than its instrumentation: package[com.example.smartlist]: armeabi-v7a, null instrumentation[com.example.smartlist.test]: null, null
12-29 05:45:33.530   734   734 I chatty  : uid=1000 system_server expire 7 lines
12-29 05:45:36.475   734  5553 I chatty  : uid=1000(system) Binder:734_10 expire 2 lines
12-29 05:45:37.611   734  3640 I chatty  : uid=1000(system) Binder:734_C expire 5 lines
12-29 05:45:41.941   734  5627 I chatty  : uid=1000(system) Binder:734_12 expire 6 lines
12-29 05:45:42.081   734  6943 I chatty  : uid=1000(system) Binder:734_1E expire 2 lines
12-29 05:45:42.347   734 15743 I chatty  : uid=1000 system_server expire 1 line
12-29 05:45:42.448   734   755 I chatty  : uid=1000(system) android.display expire 2 lines
12-29 05:45:42.735   734  6940 I chatty  : uid=1000(system) Binder:734_1B expire 5 lines
12-29 05:45:42.737   734   776 I chatty  : uid=1000(system) PackageManager expire 74 lines
12-29 05:45:42.738   734   762 I chatty  : uid=1000(system) ActivityManager expire 17 lines
12-29 05:45:43.127   734  3641 I chatty  : uid=1000(system) LazyTaskWriterT expire 1 line
12-29 05:45:43.886   734   752 I chatty  : uid=1000(system) android.fg expire 13 lines
12-29 05:45:43.980   734  3640 I chatty  : uid=1000(system) Binder:734_C expire 4 lines
12-29 05:45:44.014   734   750 I chatty  : uid=1000(system) Binder:734_1 expire 1 line
12-29 05:45:44.318   734   734 I chatty  : uid=1000 system_server expire 14 lines
12-29 05:45:44.329   734   916 I chatty  : uid=1000(system) SmartSS.bg expire 3 lines
12-29 05:45:44.364   734   862 I chatty  : uid=1000(system) PowerGuruServic expire 6 lines
12-29 05:45:44.431   734   848 I chatty  : uid=1000(system) Binder:734_4 expire 1 line
12-29 05:45:44.785   734   886 I chatty  : uid=1000(system) ClientModeImpl expire 4 lines
12-29 05:45:45.819   734   761 I chatty  : uid=1000(system) android.bg expire 3 lines
12-29 05:45:47.063   734  1165 I chatty  : uid=1000(system) Binder:734_8 expire 3 lines
12-29 05:45:47.493   734  6944 I chatty  : uid=1000(system) Binder:734_1F expire 3 lines
12-29 05:45:50.359   734   925 I chatty  : uid=1000(system) Thread-4 expire 4 lines
12-29 05:45:59.159   734   863 I chatty  : uid=1000(system) AlarmManager expire 6 lines
12-29 05:46:17.307   972   972 I PowerUI : [battery]Temperature = 264, health = 2, highTempShutDown = 600, lowTempShutDown = -100, highTempTips = 550, highTempTips = 550, lowTempTips = 0, openTempWarning = true, mPlugType = 2
12-29 05:46:17.307   972   972 D PowerUI : buckets   .....20 .. 15 .. 5
12-29 05:46:17.307   972   972 D PowerUI : level          100 --> 100
12-29 05:46:17.307   972   972 D PowerUI : status         5 --> 5
12-29 05:46:17.307   972   972 D PowerUI : plugType       2 --> 2
12-29 05:46:17.307   972   972 D PowerUI : invalidCharger 0 --> 0
12-29 05:46:17.307   972   972 D PowerUI : bucket         1 --> 1
12-29 05:46:17.307   972   972 D PowerUI : plugged        true --> true
12-29 05:46:17.307   972   972 D PowerUI : health         2 --> 2
12-29 05:46:33.314   734   776 I chatty  : uid=1000(system) PackageManager expire 74 lines
12-29 05:46:36.445   734   763 I chatty  : uid=1000(system) ActivityManager expire 2 lines
12-29 05:46:40.312   734   899 I chatty  : uid=1000(system) DeviceStorageMo expire 1 line
12-29 05:46:45.778   734  6936 I chatty  : uid=1000(system) Binder:734_17 expire 2 lines
12-29 05:46:45.857   734   762 I chatty  : uid=1000(system) ActivityManager expire 10 lines
12-29 05:46:46.053   734  5625 I chatty  : uid=1000(system) Binder:734_11 expire 1 line
12-29 05:46:47.412   734  6938 I chatty  : uid=1000(system) Binder:734_19 expire 1 line
12-29 05:46:48.495   734  6943 I chatty  : uid=1000(system) Binder:734_1E expire 1 line
12-29 05:46:48.496   734  1044 I chatty  : uid=1000(system) Binder:734_5 expire 7 lines
12-29 05:46:48.497   734   892 I chatty  : uid=1000(system) ConnectivitySer expire 112 lines
12-29 05:46:49.200   734   763 I chatty  : uid=1000(system) ActivityManager expire 5 lines
12-29 05:46:49.650 15942 15942 W ActivityThread: com.google.android.finsky.verifier.impl.PackageVerificationReceiver running onReceive took long time
12-29 05:46:49.650 15942 15942 W ActivityThread: Main thread can not be idle for a long time.
12-29 05:46:49.715 15942 15968 W PackageParser: Unknown element under <manifest>: queries at /data/app/vmdl1651578912.tmp/base.apk Binary XML file line #18
12-29 05:46:49.715 15942 15968 W PackageParser: No actions in intent filter at /data/app/vmdl1651578912.tmp/base.apk Binary XML file line #33
12-29 05:46:49.716 15942 15968 W PackageParser: No actions in intent filter at /data/app/vmdl1651578912.tmp/base.apk Binary XML file line #41
12-29 05:46:49.716 15942 15968 W PackageParser: No actions in intent filter at /data/app/vmdl1651578912.tmp/base.apk Binary XML file line #49
12-29 05:46:49.885 15942 15968 W SystemConfig: No directory /product_services/etc/sysconfig, skipping
12-29 05:46:49.886 15942 15968 W SystemConfig: No directory /product_services/etc/permissions, skipping
12-29 05:46:50.596 15942 16006 W PackageParser: Unknown element under <manifest>: queries at /data/app/vmdl1651578912.tmp/base.apk Binary XML file line #18
12-29 05:46:50.596 15942 16006 W PackageParser: No actions in intent filter at /data/app/vmdl1651578912.tmp/base.apk Binary XML file line #33
12-29 05:46:50.596 15942 16006 W PackageParser: No actions in intent filter at /data/app/vmdl1651578912.tmp/base.apk Binary XML file line #41
12-29 05:46:50.596 15942 16006 W PackageParser: No actions in intent filter at /data/app/vmdl1651578912.tmp/base.apk Binary XML file line #49
12-29 05:46:55.041   734  6938 I chatty  : uid=1000(system) Binder:734_19 expire 3 lines
12-29 05:46:55.096   734  1165 I chatty  : uid=1000(system) Binder:734_8 expire 1 line
12-29 05:46:55.098   734   776 I chatty  : uid=1000(system) PackageManager expire 70 lines
12-29 05:46:55.469   734   752 I chatty  : uid=1000(system) android.fg expire 3 lines
12-29 05:46:55.498   734  6936 I chatty  : uid=1000(system) Binder:734_17 expire 1 line
12-29 05:46:55.500   734   762 I chatty  : uid=1000(system) ActivityManager expire 8 lines
12-29 05:46:55.525   734  6940 I chatty  : uid=1000(system) Binder:734_1B expire 1 line
12-29 05:46:56.233   734   925 I chatty  : uid=1000(system) Thread-4 expire 2 lines
12-29 05:46:56.820   734   734 I chatty  : uid=1000 system_server expire 11 lines
12-29 05:46:56.825   734   862 I chatty  : uid=1000(system) PowerGuruServic expire 2 lines
12-29 05:46:56.826   734   916 I chatty  : uid=1000(system) SmartSS.bg expire 1 line
12-29 05:46:57.184   734   761 I chatty  : uid=1000(system) android.bg expire 1 line
12-29 05:46:58.924 16218 16218 W ActivityThread: Package uses different ABI(s) than its instrumentation: package[com.example.smartlist]: armeabi-v7a, null instrumentation[com.example.smartlist.test]: null, null
12-29 05:47:00.000   734   863 I chatty  : uid=1000(system) AlarmManager expire 6 lines
12-29 05:47:01.767   734  4419 I chatty  : uid=1000(system) Binder:734_F expire 2 lines
12-29 05:47:01.767   734   892 I chatty  : uid=1000(system) ConnectivitySer expire 18 lines
12-29 05:47:03.776   734  3640 I chatty  : uid=1000(system) Binder:734_C expire 5 lines
12-29 05:47:03.779   734   892 I chatty  : uid=1000(system) ConnectivitySer expire 94 lines
12-29 05:47:03.799   734  6940 I chatty  : uid=1000(system) Binder:734_1B expire 5 lines
12-29 05:47:07.093   734  6943 I chatty  : uid=1000(system) Binder:734_1E expire 9 lines
12-29 05:47:07.940   734  4419 I chatty  : uid=1000(system) Binder:734_F expire 1 line
12-29 05:47:07.972   734   752 I chatty  : uid=1000(system) android.fg expire 11 lines
12-29 05:47:08.007   734   734 I chatty  : uid=1000 system_server expire 11 lines
12-29 05:47:08.339   734   761 I chatty  : uid=1000(system) android.bg expire 4 lines
12-29 05:47:09.282   734  6937 I chatty  : uid=1000(system) Binder:734_18 expire 2 lines
12-29 05:47:17.322   972   972 I PowerUI : [battery]Temperature = 264, health = 2, highTempShutDown = 600, lowTempShutDown = -100, highTempTips = 550, highTempTips = 550, lowTempTips = 0, openTempWarning = true, mPlugType = 2
12-29 05:47:17.322   972   972 D PowerUI : buckets   .....20 .. 15 .. 5
12-29 05:47:17.322   972   972 D PowerUI : level          100 --> 100
12-29 05:47:17.322   972   972 D PowerUI : status         5 --> 5
12-29 05:47:17.322   972   972 D PowerUI : plugType       2 --> 2
12-29 05:47:17.322   972   972 D PowerUI : invalidCharger 0 --> 0
12-29 05:47:17.322   972   972 D PowerUI : bucket         1 --> 1
12-29 05:47:17.322   972   972 D PowerUI : plugged        true --> true
12-29 05:47:17.322   972   972 D PowerUI : health         2 --> 2
12-29 05:47:17.357   734   756 I chatty  : uid=1000(system) android.anim expire 1 line
12-29 05:47:17.364   734   763 I chatty  : uid=1000(system) ActivityManager expire 3 lines
12-29 05:47:18.437   734   755 I chatty  : uid=1000(system) android.display expire 2 lines
12-29 05:47:18.718   734  6945 I chatty  : uid=1000(system) Binder:734_20 expire 3 lines
12-29 05:47:18.719   734   776 I chatty  : uid=1000(system) PackageManager expire 74 lines
12-29 05:47:18.720   734   762 I chatty  : uid=1000(system) ActivityManager expire 13 lines
12-29 05:47:19.106   734  3641 I chatty  : uid=1000(system) LazyTaskWriterT expire 1 line
12-29 05:47:20.020   734  5627 I chatty  : uid=1000(system) Binder:734_12 expire 1 line
12-29 05:47:20.743   734  6938 I chatty  : uid=1000(system) Binder:734_19 expire 2 lines
12-29 05:47:20.857   734   925 I chatty  : uid=1000(system) Thread-4 expire 2 lines
12-29 05:47:21.033   734  1044 I chatty  : uid=1000(system) Binder:734_5 expire 2 lines
12-29 05:47:21.192   734   916 I chatty  : uid=1000(system) SmartSS.bg expire 2 lines
12-29 05:47:21.220   734   862 I chatty  : uid=1000(system) PowerGuruServic expire 4 lines
12-29 05:47:21.537   734   886 I chatty  : uid=1000(system) ClientModeImpl expire 4 lines
12-29 05:47:21.617   734   750 I chatty  : uid=1000(system) Binder:734_1 expire 5 lines
12-29 05:47:24.309   734   762 I chatty  : uid=1000(system) ActivityManager expire 5 lines
12-29 05:47:24.343   734  6938 I chatty  : uid=1000(system) Binder:734_19 expire 2 lines
12-29 05:47:24.723   734  5627 I chatty  : uid=1000(system) Binder:734_12 expire 1 line
12-29 05:47:35.095   734   863 I chatty  : uid=1000(system) AlarmManager expire 14 lines
12-29 05:47:35.114   734   734 I chatty  : uid=1000 system_server expire 3 lines
12-29 05:47:40.419   734   899 I chatty  : uid=1000(system) DeviceStorageMo expire 3 lines
12-29 05:47:41.411   734   769 I chatty  : uid=1000(system) batterystats-wo expire 2 lines
12-29 05:48:17.286   972   972 I PowerUI : [battery]Temperature = 263, health = 2, highTempShutDown = 600, lowTempShutDown = -100, highTempTips = 550, highTempTips = 550, lowTempTips = 0, openTempWarning = true, mPlugType = 2
12-29 05:48:17.287   972   972 D PowerUI : buckets   .....20 .. 15 .. 5
12-29 05:48:17.287   972   972 D PowerUI : level          100 --> 100
12-29 05:48:17.287   972   972 D PowerUI : status         5 --> 5
12-29 05:48:17.287   972   972 D PowerUI : plugType       2 --> 2
12-29 05:48:17.287   972   972 D PowerUI : invalidCharger 0 --> 0
12-29 05:48:17.287   972   972 D PowerUI : bucket         1 --> 1
12-29 05:48:17.287   972   972 D PowerUI : plugged        true --> true
12-29 05:48:17.287   972   972 D PowerUI : health         2 --> 2
12-29 05:48:28.742   734   891 I chatty  : uid=1000(system) WifiScanningSer expire 1 line
12-29 05:48:29.862   734  6943 I chatty  : uid=1000(system) Binder:734_1E expire 1 line
12-29 05:49:01.140   734   763 I chatty  : uid=1000(system) ActivityManager expire 2 lines
12-29 05:49:06.216   734  6945 I chatty  : uid=1000(system) Binder:734_20 expire 1 line
12-29 05:49:08.629   734   892 I chatty  : uid=1000(system) ConnectivitySer expire 210 lines
12-29 05:49:17.300   972   972 I PowerUI : [battery]Temperature = 263, health = 2, highTempShutDown = 600, lowTempShutDown = -100, highTempTips = 550, highTempTips = 550, lowTempTips = 0, openTempWarning = true, mPlugType = 2
12-29 05:49:17.300   972   972 D PowerUI : buckets   .....20 .. 15 .. 5
12-29 05:49:17.300   972   972 D PowerUI : level          100 --> 100
12-29 05:49:17.300   972   972 D PowerUI : status         5 --> 5
12-29 05:49:17.300   972   972 D PowerUI : plugType       2 --> 2
12-29 05:49:17.300   972   972 D PowerUI : invalidCharger 0 --> 0
12-29 05:49:17.301   972   972 D PowerUI : bucket         1 --> 1
12-29 05:49:17.301   972   972 D PowerUI : plugged        true --> true
12-29 05:49:17.301   972   972 D PowerUI : health         2 --> 2
12-29 05:49:44.875   734   863 I chatty  : uid=1000(system) AlarmManager expire 2 lines
12-29 05:49:45.057   734   925 I chatty  : uid=1000(system) Thread-4 expire 2 lines
12-29 05:49:46.545   734  3640 I chatty  : uid=1000(system) Binder:734_C expire 2 lines
12-29 05:49:46.559   734   892 I chatty  : uid=1000(system) ConnectivitySer expire 243 lines
12-29 05:49:47.113   734   750 I chatty  : uid=1000(system) Binder:734_1 expire 2 lines
12-29 05:50:00.000   734   863 I chatty  : uid=1000(system) AlarmManager expire 6 lines
12-29 05:50:08.182   734   734 I chatty  : uid=1000 system_server expire 1 line
12-29 05:50:08.225   734   763 I chatty  : uid=1000(system) ActivityManager expire 1 line
12-29 05:50:09.794   734  5627 I chatty  : uid=1000(system) Binder:734_12 expire 1 line
12-29 05:50:10.026   734  1165 I chatty  : uid=1000(system) Binder:734_8 expire 2 lines
12-29 05:50:10.028   734   892 I chatty  : uid=1000(system) ConnectivitySer expire 251 lines
12-29 05:50:10.311   734  5627 I chatty  : uid=1000(system) Binder:734_12 expire 2 lines
12-29 05:50:10.985   734   762 I chatty  : uid=1000(system) ActivityManager expire 1 line
12-29 05:50:11.297   734   892 I chatty  : uid=1000(system) ConnectivitySer expire 252 lines
12-29 05:50:11.837   734  6938 I chatty  : uid=1000(system) Binder:734_19 expire 1 line
12-29 05:50:16.803   734  3640 I chatty  : uid=1000(system) Binder:734_C expire 1 line
12-29 05:50:16.812   734   750 I chatty  : uid=1000(system) Binder:734_1 expire 2 lines
12-29 05:50:16.832   734   892 I chatty  : uid=1000(system) ConnectivitySer expire 242 lines
12-29 05:50:17.396   972   972 I PowerUI : [battery]Temperature = 263, health = 2, highTempShutDown = 600, lowTempShutDown = -100, highTempTips = 550, highTempTips = 550, lowTempTips = 0, openTempWarning = true, mPlugType = 2
12-29 05:50:17.397   972   972 D PowerUI : buckets   .....20 .. 15 .. 5
12-29 05:50:17.397   972   972 D PowerUI : level          100 --> 100
12-29 05:50:17.397   972   972 D PowerUI : status         5 --> 5
12-29 05:50:17.397   972   972 D PowerUI : plugType       2 --> 2
12-29 05:50:17.397   972   972 D PowerUI : invalidCharger 0 --> 0
12-29 05:50:17.397   972   972 D PowerUI : bucket         1 --> 1
12-29 05:50:17.397   972   972 D PowerUI : plugged        true --> true
12-29 05:50:17.397   972   972 D PowerUI : health         2 --> 2
12-29 05:50:27.695   734  6938 I chatty  : uid=1000(system) Binder:734_19 expire 2 lines
12-29 05:50:33.095   734   863 I chatty  : uid=1000(system) AlarmManager expire 2 lines
12-29 05:50:33.119   734   734 I chatty  : uid=1000 system_server expire 1 line
12-29 05:50:33.187   734   763 I chatty  : uid=1000(system) ActivityManager expire 1 line
12-29 05:50:33.897   734   867 I chatty  : uid=1000(system) InputReader expire 1 line
12-29 05:50:34.149   734   753 I chatty  : uid=1000(system) android.ui expire 3 lines
12-29 05:50:34.844   734  3640 I chatty  : uid=1000(system) Binder:734_C expire 3 lines
12-29 05:50:39.335   734   892 I chatty  : uid=1000(system) ConnectivitySer expire 183 lines
12-29 05:50:40.385   734   867 I chatty  : uid=1000(system) InputReader expire 1 line
12-29 05:50:40.490   734   753 I chatty  : uid=1000(system) android.ui expire 2 lines
12-29 05:50:40.716   734   899 I chatty  : uid=1000(system) DeviceStorageMo expire 1 line
12-29 05:50:47.709   734   863 I chatty  : uid=1000(system) AlarmManager expire 4 lines
12-29 05:50:47.713   734   734 I chatty  : uid=1000 system_server expire 3 lines
12-29 05:50:47.847   734  6945 I chatty  : uid=1000(system) Binder:734_20 expire 3 lines
12-29 05:50:52.958   734   763 I chatty  : uid=1000(system) ActivityManager expire 2 lines
12-29 05:50:53.132   734   925 I chatty  : uid=1000(system) Thread-4 expire 2 lines
12-29 05:50:55.240 17091 17091 D ActivityThread: Loading provider contacts;com.android.contacts: com.android.providers.contacts.ContactsProvider2
12-29 05:50:56.141   734   892 I chatty  : uid=1000(system) ConnectivitySer expire 50 lines
12-29 05:50:56.161   734   892 D ConnectivityService:   checking if request is satisfied: NetworkRequest [ TRACK_DEFAULT id=13633, [ Capabilities: INTERNET&NOT_RESTRICTED&TRUSTED Uid: 10139] ]
12-29 05:50:56.161   734   892 D ConnectivityService: currentScore = 60, newScore = 50
12-29 05:50:56.162   734   892 D ConnectivityService:   checking if request is satisfied: NetworkRequest [ TRACK_DEFAULT id=13631, [ Capabilities: INTERNET&NOT_RESTRICTED&TRUSTED Uid: 10133] ]
12-29 05:50:56.162   734   892 D ConnectivityService: currentScore = 60, newScore = 50
12-29 05:50:56.163   734   892 D ConnectivityService:   checking if request is satisfied: NetworkRequest [ TRACK_DEFAULT id=13590, [ Capabilities: INTERNET&NOT_RESTRICTED&TRUSTED Uid: 10131] ]
12-29 05:50:56.163   734   892 D ConnectivityService: currentScore = 60, newScore = 50
12-29 05:50:56.163   734   892 D ConnectivityService:   checking if request is satisfied: NetworkRequest [ REQUEST id=7, [ Capabilities: INTERNET&NOT_RESTRICTED&TRUSTED&NOT_VPN] ]
12-29 05:50:56.163   734   892 D ConnectivityService: currentScore = 60, newScore = 50
12-29 05:50:56.163   734   892 D ConnectivityService:   checking if request is satisfied: NetworkRequest [ TRACK_DEFAULT id=13587, [ Capabilities: INTERNET&NOT_RESTRICTED&TRUSTED Uid: 10108] ]
12-29 05:50:56.163   734   892 D ConnectivityService: currentScore = 60, newScore = 50
12-29 05:50:56.163   734   892 D ConnectivityService:   checking if request is satisfied: NetworkRequest [ TRACK_DEFAULT id=13636, [ Capabilities: INTERNET&NOT_RESTRICTED&TRUSTED Uid: 10139] ]
12-29 05:50:56.163   734   892 D ConnectivityService: currentScore = 60, newScore = 50
12-29 05:50:56.163   734   892 D ConnectivityService:   checking if request is satisfied: NetworkRequest [ TRACK_DEFAULT id=13640, [ Capabilities: INTERNET&NOT_RESTRICTED&TRUSTED Uid: 10127] ]
12-29 05:50:56.163   734   892 D ConnectivityService: currentScore = 60, newScore = 50
12-29 05:50:56.163   734   892 D ConnectivityService:   checking if request is satisfied: NetworkRequest [ TRACK_DEFAULT id=13584, [ Capabilities: INTERNET&NOT_RESTRICTED&TRUSTED Uid: 10089] ]
12-29 05:50:56.163   734   892 D ConnectivityService: currentScore = 60, newScore = 50
12-29 05:50:56.163   734   892 D ConnectivityService:   checking if request is satisfied: NetworkRequest [ TRACK_DEFAULT id=13632, [ Capabilities: INTERNET&NOT_RESTRICTED&TRUSTED Uid: 10139] ]
12-29 05:50:56.163   734   892 D ConnectivityService: currentScore = 60, newScore = 50
12-29 05:50:56.163   734   892 D ConnectivityService:   checking if request is satisfied: NetworkRequest [ TRACK_DEFAULT id=13615, [ Capabilities: INTERNET&NOT_RESTRICTED&TRUSTED Uid: 10179] ]
12-29 05:50:56.163   734   892 D ConnectivityService: currentScore = 60, newScore = 50
12-29 05:50:56.163   734   892 D ConnectivityService:   checking if request is satisfied: NetworkRequest [ TRACK_DEFAULT id=13592, [ Capabilities: INTERNET&NOT_RESTRICTED&TRUSTED Uid: 10108] ]
12-29 05:50:56.163   734   892 D ConnectivityService: currentScore = 60, newScore = 50
