12-29 05:54:40.920   972   972 D StatusBarSignalPolicy: updateWifiIconWithState state : WifiIconState(resId=17302852, visible=true)
12-29 05:54:41.016   734   899 D DeviceStorageMonitorService: updateStateEx oldLevel = 0, newLevel = 0
12-29 05:54:41.978   482  1083 I chatty  : uid=1000(system) watchdog expire 10 lines
12-29 05:54:43.946   972   972 E PANCHENG: mWifiVisible true
12-29 05:54:43.946   972   972 D StatusBarSignalPolicy: updateWifiIconWithState state : WifiIconState(resId=17302852, visible=true)
12-29 05:54:45.962 17505 17505 I chatty  : uid=0(root) expire 1 line
12-29 05:54:46.294 17506 17506 I chatty  : uid=0(root) expire 1 line
12-29 05:54:46.966   972   972 E PANCHENG: mWifiVisible true
12-29 05:54:46.966   972   972 D StatusBarSignalPolicy: updateWifiIconWithState state : WifiIconState(resId=17302852, visible=true)
12-29 05:54:47.888   734  5625 I chatty  : uid=1000(system) Binder:734_11 expire 9 lines
12-29 05:54:47.918 17451 17483 I chatty  : uid=10126(com.google.android.apps.messaging) expire 25 lines
12-29 05:54:47.923 17451 17451 I chatty  : uid=10126(com.google.android.apps.messaging) expire 19 lines
12-29 05:54:47.926   734  5639 W ActivityManager: Background start not allowed: service Intent { cmp=com.google.android.apps.messaging/.shared.datamodel.action.execution.ActionExecutorImpl$EmptyService } to com.google.android.apps.messaging/.shared.datamodel.action.execution.ActionExecutorImpl$EmptyService from pid=17451 uid=10126 pkg=com.google.android.apps.messaging startFg?=false
12-29 05:54:47.932   734  5625 V AlarmManager: set(null) : type=2 listener=android.app.AlarmManager$ListenerWrapper@22656a7 listenerTag=*job.deadline* triggerAtTime=1223670136 win=0 tElapsed=1223675135 maxElapsed=1223675135 interval=0 flags=0x0
12-29 05:54:47.939 17451 17507 I chatty  : uid=10126(com.google.android.apps.messaging) expire 7 lines
12-29 05:54:47.964 17451 17499 I chatty  : uid=10126(com.google.android.apps.messaging) expire 14 lines
12-29 05:54:47.979   734  6942 W ActivityManager: Background start not allowed: service Intent { cmp=com.google.android.apps.messaging/.shared.datamodel.action.execution.ActionExecutorImpl$EmptyService } to com.google.android.apps.messaging/.shared.datamodel.action.execution.ActionExecutorImpl$EmptyService from pid=17451 uid=10126 pkg=com.google.android.apps.messaging startFg?=false
12-29 05:54:48.007   734  5639 V AlarmManager: set(null) : type=2 listener=android.app.AlarmManager$ListenerWrapper@22656a7 listenerTag=*job.deadline* triggerAtTime=1223682228 win=9013 tElapsed=1223682228 maxElapsed=1223691241 interval=0 flags=0x0
12-29 05:54:48.039 17451 17493 I chatty  : uid=10126(com.google.android.apps.messaging) expire 43 lines
12-29 05:54:48.119   734  6936 I chatty  : uid=1000(system) Binder:734_17 expire 11 lines
12-29 05:54:48.184 17451 17482 I chatty  : uid=10126(com.google.android.apps.messaging) expire 14 lines
12-29 05:54:48.253 10508 10508 D BoundBrokerSvc: onRebind: Intent { act=com.google.android.gms.common.telemetry.service.START dat=chimera-action: cmp=com.google.android.gms/.chimera.PersistentApiService }
12-29 05:54:48.294 17451 17485 I chatty  : uid=10126(com.google.android.apps.messaging) expire 7 lines
12-29 05:54:48.300 17451 17479 I chatty  : uid=10126(com.google.android.apps.messaging) expire 12 lines
12-29 05:54:48.356 17451 17494 I chatty  : uid=10126(com.google.android.apps.messaging) expire 7 lines
12-29 05:54:48.361 17451 17492 I chatty  : uid=10126(com.google.android.apps.messaging) expire 26 lines
12-29 05:54:48.366 17451 17486 I chatty  : uid=10126(com.google.android.apps.messaging) expire 6 lines
12-29 05:54:48.409   734  5625 W ActivityManager: Unable to start service Intent { act=com.google.android.gms.wearable.BIND pkg=com.google.android.gms } U=0: not found
12-29 05:54:48.410   734  5625 W ActivityManager: Unbind failed: could not find connection for android.os.BinderProxy@7d031e9
12-29 05:54:48.412 17451 17480 I chatty  : uid=10126(com.google.android.apps.messaging) expire 1 line
12-29 05:54:48.661 17451 17481 I chatty  : uid=10126(com.google.android.apps.messaging) expire 6 lines
12-29 05:54:48.691 17451 17484 I chatty  : uid=10126(com.google.android.apps.messaging) expire 3 lines
12-29 05:54:48.700 17451 17500 I chatty  : uid=10126(com.google.android.apps.messaging) expire 14 lines
12-29 05:54:48.702 10508 10508 D BoundBrokerSvc: onUnbind: Intent { act=com.google.android.gms.time.trustedtime.singleuserapi.service.START dat=chimera-action: cmp=com.google.android.gms/.chimera.PersistentSingleUserInternalApiService }
12-29 05:54:48.709 10508 10508 D BoundBrokerSvc: onUnbind: Intent { act=com.google.android.gms.time.trustedtime.service.START dat=chimera-action: cmp=com.google.android.gms/.chimera.PersistentApiService }
12-29 05:54:48.820 17451 17495 I chatty  : uid=10126(com.google.android.apps.messaging) expire 15 lines
12-29 05:54:48.976   734   746 I chatty  : uid=1000(system) HeapTaskDaemon expire 3 lines
12-29 05:54:49.012   734   748 I chatty  : uid=1000(system) FinalizerDaemon expire 8 lines
12-29 05:54:49.034   388   388 I chatty  : uid=1000(system) /system/bin/surfaceflinger expire 6 lines
12-29 05:54:50.025   734   863 D AlarmManager: waitForAlarm result:4currentTime=1767002090025, elapsedRealtime=1223672228
12-29 05:54:50.026   734   863 D AlarmManager: sending alarm.type = 2, action = null, cn = null, operation = null
12-29 05:54:50.030   734   734 V AlarmManager: set(null) : type=2 listener=android.app.AlarmManager$ListenerWrapper@ed9037a listenerTag=*job.delay* triggerAtTime=1223760298 win=66048 tElapsed=1223760298 maxElapsed=1223826346 interval=0 flags=0x0
12-29 05:54:50.030   734   734 I chatty  : uid=1000 system_server expire 10 lines
12-29 05:54:50.056   734  5639 W ActivityManager: Background start not allowed: service Intent { cmp=com.google.android.apps.messaging/.shared.datamodel.action.execution.ActionExecutorImpl$EmptyService } to com.google.android.apps.messaging/.shared.datamodel.action.execution.ActionExecutorImpl$EmptyService from pid=17451 uid=10126 pkg=com.google.android.apps.messaging startFg?=false
12-29 05:54:50.076   734  5639 V AlarmManager: set(null) : type=2 listener=android.app.AlarmManager$ListenerWrapper@22656a7 listenerTag=*job.deadline* triggerAtTime=1224679810 win=755648 tElapsed=1224679810 maxElapsed=1225435458 interval=0 flags=0x0
12-29 05:54:50.085   734  5639 I chatty  : uid=1000(system) Binder:734_13 expire 11 lines
12-29 05:54:50.087   734  5639 V AlarmManager: set(null) : type=2 listener=android.app.AlarmManager$ListenerWrapper@22656a7 listenerTag=*job.deadline* triggerAtTime=1223712274 win=29988 tElapsed=1223712274 maxElapsed=1223742262 interval=0 flags=0x0
12-29 05:54:50.100   734  5639 V AlarmManager: set(null) : type=2 listener=android.app.AlarmManager$ListenerWrapper@ed9037a listenerTag=*job.delay* triggerAtTime=1223692274 win=14978 tElapsed=1223692274 maxElapsed=1223707252 interval=0 flags=0x0
12-29 05:54:53.012   972   972 E PANCHENG: mWifiVisible true
12-29 05:54:53.012   972   972 D StatusBarSignalPolicy: updateWifiIconWithState state : WifiIconState(resId=17302852, visible=true)
12-29 05:54:53.286 10508 10508 D BoundBrokerSvc: onUnbind: Intent { act=com.google.android.gms.common.telemetry.service.START dat=chimera-action: cmp=com.google.android.gms/.chimera.PersistentApiService }
12-29 05:54:53.559   504   546 I chatty  : uid=1000(system) /vendor/bin/connmgr expire 9 lines
12-29 05:54:53.929   734  5625 W ActivityManager: Background start not allowed: service Intent { cmp=com.google.android.apps.messaging/.shared.datamodel.action.execution.ActionExecutorImpl$EmptyService } to com.google.android.apps.messaging/.shared.datamodel.action.execution.ActionExecutorImpl$EmptyService from pid=17451 uid=10126 pkg=com.google.android.apps.messaging startFg?=false
12-29 05:54:54.004   734  5625 I chatty  : uid=1000(system) Binder:734_11 identical 2 lines
12-29 05:54:54.104   734  5625 W ActivityManager: Background start not allowed: service Intent { cmp=com.google.android.apps.messaging/.shared.datamodel.action.execution.ActionExecutorImpl$EmptyService } to com.google.android.apps.messaging/.shared.datamodel.action.execution.ActionExecutorImpl$EmptyService from pid=17451 uid=10126 pkg=com.google.android.apps.messaging startFg?=false
12-29 05:54:54.661 10402 10402 I adbd    : Tianyuan Current sh name:getprop
12-29 05:54:54.704 17526 17526 W getprop : type=1400 audit(0.0:34359): avc: denied { map } for path="/dev/__properties__/u:object_r:ylog_prop:s0" dev="tmpfs" ino=7887 scontext=u:r:shell:s0 tcontext=u:object_r:ylog_prop:s0 tclass=file permissive=0
12-29 05:54:54.832 17528 17528 I chatty  : uid=0(root) expire 1 line
12-29 05:54:59.057   972   972 E PANCHENG: mWifiVisible true
12-29 05:54:59.058   972   972 D StatusBarSignalPolicy: updateWifiIconWithState state : WifiIconState(resId=17302852, visible=true)
12-29 05:55:00.000   734   863 D AlarmManager: waitForAlarm result:8currentTime=1767002100000, elapsedRealtime=1223682203
12-29 05:55:00.000   734   863 V AlarmManager: Received TIME_TICK alarm; rescheduling
12-29 05:55:00.000   734   863 V AlarmManager: set(null) : type=3 listener=com.android.server.AlarmManagerService$2@5750b8b listenerTag=TIME_TICK triggerAtTime=1223742203 win=0 tElapsed=1223742203 maxElapsed=1223742203 interval=0 flags=0x1
12-29 05:55:00.002   734   863 D AlarmManager: sending alarm.type = 3, action = null, cn = null, operation = null
12-29 05:55:00.025   972   972 D KeyguardStatusView: refeshFormat mClockView.getText() = 5:54AM
12-29 05:55:00.032   972   972 D KeyguardStatusView: refreshTime mClockView.getText() = 5:55AM
12-29 05:55:01.981   482  1083 I chatty  : uid=1000(system) watchdog expire 10 lines
12-29 05:55:02.068   734   890 I chatty  : uid=1000(system) WifiRssiLinkSpe expire 10 lines
12-29 05:55:02.079   972   972 E PANCHENG: mWifiVisible true
12-29 05:55:02.079   972   972 D StatusBarSignalPolicy: updateWifiIconWithState state : WifiIconState(resId=17302852, visible=true)
12-29 05:55:02.445 17529 17529 I chatty  : uid=0(root) expire 1 line
12-29 05:55:05.099   972   972 E PANCHENG: mWifiVisible true
12-29 05:55:05.099   972   972 D StatusBarSignalPolicy: updateWifiIconWithState state : WifiIconState(resId=17302852, visible=true)
12-29 05:55:05.491 17530 17530 I chatty  : uid=0(root) expire 1 line
12-29 05:55:08.108   734   889 I chatty  : uid=1000(system) WifiNetworkMoni expire 11 lines
12-29 05:55:10.071   734   863 D AlarmManager: waitForAlarm result:4currentTime=1767002110071, elapsedRealtime=1223692274
12-29 05:55:10.072   734   863 D AlarmManager: sending alarm.type = 2, action = null, cn = null, operation = null
12-29 05:55:10.075   734   734 V AlarmManager: set(null) : type=2 listener=android.app.AlarmManager$ListenerWrapper@b3395cc listenerTag=*job.delay* triggerAtTime=1223760298 win=51015 tElapsed=1223760298 maxElapsed=1223811313 interval=0 flags=0x0
12-29 05:55:10.092   734  6936 W ActivityManager: Background start not allowed: service Intent { cmp=com.google.android.apps.messaging/.shared.datamodel.action.execution.ActionExecutorImpl$EmptyService } to com.google.android.apps.messaging/.shared.datamodel.action.execution.ActionExecutorImpl$EmptyService from pid=17451 uid=10126 pkg=com.google.android.apps.messaging startFg?=false
12-29 05:55:10.104   734  6936 V AlarmManager: set(null) : type=2 listener=android.app.AlarmManager$ListenerWrapper@22656a7 listenerTag=*job.deadline* triggerAtTime=1224679810 win=740627 tElapsed=1224679810 maxElapsed=1225420437 interval=0 flags=0x0
12-29 05:55:10.112   734  6936 V AlarmManager: set(null) : type=2 listener=android.app.AlarmManager$ListenerWrapper@22656a7 listenerTag=*job.deadline* triggerAtTime=1223772301 win=59989 tElapsed=1223772301 maxElapsed=1223832290 interval=0 flags=0x0
12-29 05:55:10.124   734  6936 V AlarmManager: set(null) : type=2 listener=android.app.AlarmManager$ListenerWrapper@b3395cc listenerTag=*job.delay* triggerAtTime=1223732301 win=29980 tElapsed=1223732301 maxElapsed=1223762281 interval=0 flags=0x0
12-29 05:55:11.145   972   972 E PANCHENG: mWifiVisible true
12-29 05:55:11.145   972   972 D StatusBarSignalPolicy: updateWifiIconWithState state : WifiIconState(resId=17302852, visible=true)
12-29 05:55:12.683 17531 17531 I chatty  : uid=0(root) expire 1 line
12-29 05:55:12.990 17532 17532 I chatty  : uid=0(root) expire 1 line
12-29 05:55:14.083   504   546 D WCND    : is_cp2_alive_ok: loop: /proc/mdbg/loopcheck is OK
12-29 05:55:14.163   972   972 E PANCHENG: mWifiVisible true
12-29 05:55:14.163   972   972 D StatusBarSignalPolicy: updateWifiIconWithState state : WifiIconState(resId=17302852, visible=true)
12-29 05:55:17.185   972   972 E PANCHENG: mWifiVisible true
12-29 05:55:17.185   972   972 D StatusBarSignalPolicy: updateWifiIconWithState state : WifiIconState(resId=17302852, visible=true)
12-29 05:55:17.298   972   972 D BatteryMeterDrawable: onBatteryLevelChanged level=100,pluggedIn=true,charging=true
12-29 05:55:17.299   972   972 D BatteryMeterDrawable: onBatteryLevelChanged level=100,pluggedIn=true,charging=true
12-29 05:55:17.300   972   972 I PowerUI : [battery]Temperature = 263, health = 2, highTempShutDown = 600, lowTempShutDown = -100, highTempTips = 550, highTempTips = 550, lowTempTips = 0, openTempWarning = true, mPlugType = 2
12-29 05:55:17.300   972   972 D PowerUI : buckets   .....20 .. 15 .. 5
12-29 05:55:17.300   972   972 D PowerUI : level          100 --> 100
12-29 05:55:17.300   972   972 D PowerUI : status         5 --> 5
12-29 05:55:17.300   972   972 D PowerUI : plugType       2 --> 2
12-29 05:55:17.300   972   972 D PowerUI : invalidCharger 0 --> 0
12-29 05:55:17.300   972   972 D PowerUI : bucket         1 --> 1
12-29 05:55:17.300   972   972 D PowerUI : plugged        true --> true
12-29 05:55:17.300   972   972 D PowerUI : health         2 --> 2
12-29 05:55:17.301   972   972 D BatteryMeterDrawable: onReceive action=android.intent.action.BATTERY_CHANGED
12-29 05:55:17.301   972   972 D BatteryMeterDrawable: onReceive level=100,plugType=2,status=5
12-29 05:55:17.301   972   972 D BatteryMeterDrawable: BatteryMeterViewAnimationShow level should be =100
12-29 05:55:17.301   972   972 D BatteryMeterDrawable: onReceive action=android.intent.action.BATTERY_CHANGED
12-29 05:55:17.301   972   972 D BatteryMeterDrawable: onReceive level=100,plugType=2,status=5
12-29 05:55:17.301   972   972 D BatteryMeterDrawable: BatteryMeterViewAnimationShow level should be =100
12-29 05:55:17.311   972   972 D BatteryMeterDrawable: onReceive action=android.intent.action.BATTERY_CHANGED
12-29 05:55:17.311   972   972 D BatteryMeterDrawable: onReceive level=100,plugType=2,status=5
12-29 05:55:17.312   972   972 D BatteryMeterDrawable: BatteryMeterViewAnimationShow level should be =100
12-29 05:55:19.088   504   546 D WCND    : is_cp2_alive_ok: open polling interface: /proc/mdbg/loopcheck, fd = 13
12-29 05:55:19.188   504   546 D WCND    : is_cp2_alive_ok: loop: /proc/mdbg/loopcheck is OK
12-29 05:55:20.194   734   890 I chatty  : uid=1000(system) WifiRssiLinkSpe expire 11 lines
12-29 05:55:20.204   972   972 E PANCHENG: mWifiVisible true
12-29 05:55:20.204   972   972 D StatusBarSignalPolicy: updateWifiIconWithState state : WifiIconState(resId=17302852, visible=true)
12-29 05:55:21.083 17533 17533 I chatty  : uid=0(root) expire 1 line
12-29 05:55:21.984   482  1083 I chatty  : uid=1000(system) watchdog expire 10 lines
12-29 05:55:23.223   972   972 E PANCHENG: mWifiVisible true
12-29 05:55:23.223   972   972 D StatusBarSignalPolicy: updateWifiIconWithState state : WifiIconState(resId=17302852, visible=true)
12-29 05:55:24.194   504   546 D WCND    : is_cp2_alive_ok: open polling interface: /proc/mdbg/loopcheck, fd = 13
12-29 05:55:24.294   504   546 D WCND    : is_cp2_alive_ok: loop: /proc/mdbg/loopcheck is OK
12-29 05:55:29.258   972   972 E PANCHENG: mWifiVisible true
12-29 05:55:29.258   972   972 D StatusBarSignalPolicy: updateWifiIconWithState state : WifiIconState(resId=17302852, visible=true)
12-29 05:55:29.300   504   546 D WCND    : is_cp2_alive_ok: open polling interface: /proc/mdbg/loopcheck, fd = 13
12-29 05:55:29.400   504   546 D WCND    : is_cp2_alive_ok: loop: /proc/mdbg/loopcheck is OK
12-29 05:55:32.279   972   972 E PANCHENG: mWifiVisible true
12-29 05:55:32.279   972   972 D StatusBarSignalPolicy: updateWifiIconWithState state : WifiIconState(resId=17302852, visible=true)
12-29 05:55:33.173 17534 17534 I chatty  : uid=0(root) expire 1 line
12-29 05:55:33.355 17535 17535 I chatty  : uid=0(root) expire 1 line
12-29 05:55:34.403   504   546 D WCND    : is_cp2_alive_ok: open polling interface: /proc/mdbg/loopcheck, fd = 13
12-29 05:55:34.504   504   546 D WCND    : is_cp2_alive_ok: loop: /proc/mdbg/loopcheck is OK
12-29 05:55:35.298   972   972 E PANCHENG: mWifiVisible true
12-29 05:55:35.298   972   972 D StatusBarSignalPolicy: updateWifiIconWithState state : WifiIconState(resId=17302852, visible=true)
12-29 05:55:39.509   504   546 D WCND    : is_cp2_alive_ok: open polling interface: /proc/mdbg/loopcheck, fd = 13
12-29 05:55:39.609   504   546 D WCND    : is_cp2_alive_ok: loop: /proc/mdbg/loopcheck is OK
12-29 05:55:41.114   734   899 D DeviceStorageMonitorService: updateStateEx oldLevel = 0, newLevel = 0
12-29 05:55:41.987   482  1083 I chatty  : uid=1000(system) watchdog expire 10 lines
12-29 05:55:43.728 17536 17536 I chatty  : uid=0(root) expire 1 line
12-29 05:55:44.353   972   972 E PANCHENG: mWifiVisible true
12-29 05:55:44.353   972   972 D StatusBarSignalPolicy: updateWifiIconWithState state : WifiIconState(resId=17302852, visible=true)
12-29 05:55:44.615   504   546 D WCND    : is_cp2_alive_ok: open polling interface: /proc/mdbg/loopcheck, fd = 13
12-29 05:55:44.715   504   546 D WCND    : is_cp2_alive_ok: loop: /proc/mdbg/loopcheck is OK
12-29 05:55:47.369   972   972 E PANCHENG: mWifiVisible true
12-29 05:55:47.369   972   972 D StatusBarSignalPolicy: updateWifiIconWithState state : WifiIconState(resId=17302852, visible=true)
12-29 05:55:49.721   504   546 D WCND    : is_cp2_alive_ok: open polling interface: /proc/mdbg/loopcheck, fd = 13
12-29 05:55:49.821   504   546 D WCND    : is_cp2_alive_ok: loop: /proc/mdbg/loopcheck is OK
12-29 05:55:50.098   734   863 D AlarmManager: waitForAlarm result:4currentTime=1767002150098, elapsedRealtime=1223732301
12-29 05:55:50.100   734   863 D AlarmManager: sending alarm.type = 2, action = null, cn = null, operation = null
12-29 05:55:50.103   734   734 V AlarmManager: set(null) : type=2 listener=android.app.AlarmManager$ListenerWrapper@77c73f7 listenerTag=*job.delay* triggerAtTime=1223760298 win=20994 tElapsed=1223760298 maxElapsed=1223781292 interval=0 flags=0x0
12-29 05:55:50.119   734  6936 W ActivityManager: Background start not allowed: service Intent { cmp=com.google.android.apps.messaging/.shared.datamodel.action.execution.ActionExecutorImpl$EmptyService } to com.google.android.apps.messaging/.shared.datamodel.action.execution.ActionExecutorImpl$EmptyService from pid=17451 uid=10126 pkg=com.google.android.apps.messaging startFg?=false
12-29 05:55:50.131   734  6936 V AlarmManager: set(null) : type=2 listener=android.app.AlarmManager$ListenerWrapper@22656a7 listenerTag=*job.deadline* triggerAtTime=1224679810 win=710607 tElapsed=1224679810 maxElapsed=1225390417 interval=0 flags=0x0
12-29 05:55:50.137   734  6936 I chatty  : uid=1000(system) Binder:734_17 expire 3 lines
12-29 05:55:50.139   734  6936 V AlarmManager: set(null) : type=2 listener=android.app.AlarmManager$ListenerWrapper@22656a7 listenerTag=*job.deadline* triggerAtTime=1223892329 win=119990 tElapsed=1223892329 maxElapsed=1224012319 interval=0 flags=0x0
12-29 05:55:50.380   734   890 I chatty  : uid=1000(system) WifiRssiLinkSpe expire 12 lines
12-29 05:55:50.390   972   972 E PANCHENG: mWifiVisible true
12-29 05:55:50.391   972   972 D StatusBarSignalPolicy: updateWifiIconWithState state : WifiIconState(resId=17302852, visible=true)
12-29 05:55:50.526 17538 17538 I chatty  : uid=0(root) expire 1 line
12-29 05:55:50.667 17539 17539 I chatty  : uid=0(root) expire 1 line
12-29 05:55:53.400   734   889 I chatty  : uid=1000(system) WifiNetworkMoni expire 10 lines
12-29 05:55:53.412   972   972 E PANCHENG: mWifiVisible true
12-29 05:55:53.412   972   972 D StatusBarSignalPolicy: updateWifiIconWithState state : WifiIconState(resId=17302852, visible=true)
12-29 05:55:54.731 10402 10402 I adbd    : Tianyuan Current sh name:getprop
12-29 05:55:54.774 17540 17540 W getprop : type=1400 audit(0.0:34360): avc: denied { map } for path="/dev/__properties__/u:object_r:ylog_prop:s0" dev="tmpfs" ino=7887 scontext=u:r:shell:s0 tcontext=u:object_r:ylog_prop:s0 tclass=file permissive=0
12-29 05:55:54.823   504   546 D WCND    : is_cp2_alive_ok: open polling interface: /proc/mdbg/loopcheck, fd = 13
12-29 05:55:54.923   504   546 D WCND    : is_cp2_alive_ok: loop: /proc/mdbg/loopcheck is OK
12-29 05:55:59.929   504   546 D WCND    : is_cp2_alive_ok: open polling interface: /proc/mdbg/loopcheck, fd = 13
12-29 05:56:00.000   734   863 D AlarmManager: waitForAlarm result:8currentTime=1767002160000, elapsedRealtime=1223742203
12-29 05:56:00.000   734   863 V AlarmManager: Received TIME_TICK alarm; rescheduling
12-29 05:56:00.000   734   863 V AlarmManager: set(null) : type=3 listener=com.android.server.AlarmManagerService$2@5750b8b listenerTag=TIME_TICK triggerAtTime=1223802203 win=0 tElapsed=1223802203 maxElapsed=1223802203 interval=0 flags=0x1
12-29 05:56:00.003   972   972 D KeyguardStatusView: refeshFormat mClockView.getText() = 5:55AM
12-29 05:56:00.005   734   863 D AlarmManager: sending alarm.type = 3, action = null, cn = null, operation = null
12-29 05:56:00.007   972   972 D KeyguardStatusView: refreshTime mClockView.getText() = 5:56AM
12-29 05:56:00.029   504   546 D WCND    : is_cp2_alive_ok: loop: /proc/mdbg/loopcheck is OK
12-29 05:56:01.990   482  1083 I chatty  : uid=1000(system) watchdog expire 10 lines
12-29 05:56:05.033   504   546 D WCND    : is_cp2_alive_ok: open polling interface: /proc/mdbg/loopcheck, fd = 13
12-29 05:56:05.134   504   546 D WCND    : is_cp2_alive_ok: loop: /proc/mdbg/loopcheck is OK
12-29 05:56:05.492   972   972 E PANCHENG: mWifiVisible true
12-29 05:56:05.492   972   972 D StatusBarSignalPolicy: updateWifiIconWithState state : WifiIconState(resId=17302852, visible=true)
12-29 05:56:05.886 17544 17544 I chatty  : uid=0(root) expire 1 line
12-29 05:56:10.139   504   546 D WCND    : is_cp2_alive_ok: open polling interface: /proc/mdbg/loopcheck, fd = 13
12-29 05:56:10.240   504   546 D WCND    : is_cp2_alive_ok: loop: /proc/mdbg/loopcheck is OK
12-29 05:56:11.529   972   972 E PANCHENG: mWifiVisible true
12-29 05:56:11.529   972   972 D StatusBarSignalPolicy: updateWifiIconWithState state : WifiIconState(resId=17302852, visible=true)
12-29 05:56:11.989   734   867 I chatty  : uid=1000(system) InputReader expire 182 lines
12-29 05:56:11.990   365   440 I chatty  : uid=1000(system) HwBinder:365_1 expire 777 lines
12-29 05:56:11.993   734   867 D VibratorService: TigoCmasStatus = 0
12-29 05:56:12.130 10515 10515 D UNISOC-LAUNCHER3: StateManager, goToState:[AllApps -> Overview] animated:true
12-29 05:56:12.158   972   972 V StatusBar: mStatusBarWindow: com.android.systemui.statusbar.phone.StatusBarWindowView{84c0cc1 V.E...... ........ 0,0-480,36} canPanelBeCollapsed(): false expandheight: 0.0
12-29 05:56:12.164   734   750 I chatty  : uid=1000(system) Binder:734_1 expire 8 lines
12-29 05:56:12.174 10515 10550 I gralloc : gralloc_register_buffer hnd=0x8422c7c0, share_fd=141, share_attr_fd=-1, magic=51647890, format=1, internal_format=1, byte_stride=1152, flags=4, usage=0x366, size=552960, width=288, height=480, internalWidth=288, internalHeight=480, stride=288, base=0x7e5a8000, writeOwner=0, attr_base=0xffffffff, yuv_info=1, fd=-1, buf_idx=0, offset=0, min_pgsz=4096, phyaddr=0
12-29 05:56:12.175 10515 10550 I gralloc : mali_gralloc_select_format, AFBC is disabled now
12-29 05:56:12.175 10515 10550 I gralloc : mali_gralloc_select_format: req_format=0x00000001 req_fmt_mapped=0x0 internal_format=0x1 usage=0x366
12-29 05:56:12.179 10515 10550 I gralloc : gralloc_register_buffer hnd=0x8422c940, share_fd=139, share_attr_fd=-1, magic=51647890, format=1, internal_format=1, byte_stride=1152, flags=4, usage=0x366, size=552960, width=288, height=480, internalWidth=288, internalHeight=480, stride=288, base=0x7e521000, writeOwner=0, attr_base=0xffffffff, yuv_info=1, fd=-1, buf_idx=0, offset=0, min_pgsz=4096, phyaddr=0
12-29 05:56:12.179 10515 10550 I gralloc : mali_gralloc_select_format, AFBC is disabled now
12-29 05:56:12.179 10515 10550 I gralloc : mali_gralloc_select_format: req_format=0x00000001 req_fmt_mapped=0x0 internal_format=0x1 usage=0x366
12-29 05:56:12.206 10515 10774 E         : Shared attribute region not available to be mapped
12-29 05:56:12.234   358   358 I chatty  : uid=1000(system) allocator@2.0-s expire 9 lines
12-29 05:56:12.247   358   413 I chatty  : uid=1000(system) HwBinder:358_2 expire 12 lines
12-29 05:56:12.266   385   385 I lowmemorykiller: Kill 'com.android.vending' (16260), uid 10108, oom_adj 995 to free 30860kB; reason: low watermark is breached and thrashing (25%)
12-29 05:56:12.267   385   385 D lowmemorykiller: handle notify_lmfs_process_killed done for 16260
12-29 05:56:12.267   734   925 D LmKillerTracker: doLmkForceStop pid=16260
12-29 05:56:12.267   734   925 I LmKillerTracker: Skipped process pkgName:com.android.vending, pid:16260, is system app !
12-29 05:56:12.283 10515 10550 I gralloc : gralloc_register_buffer hnd=0x82662300, share_fd=120, share_attr_fd=-1, magic=51647890, format=1, internal_format=1, byte_stride=1152, flags=4, usage=0x100, size=552960, width=288, height=480, internalWidth=288, internalHeight=480, stride=288, base=0x7e49a000, writeOwner=0, attr_base=0xffffffff, yuv_info=1, fd=-1, buf_idx=0, offset=0, min_pgsz=4096, phyaddr=0
12-29 05:56:12.283 10515 10550 I gralloc : mali_gralloc_select_format, AFBC is disabled now
12-29 05:56:12.283 10515 10550 I gralloc : mali_gralloc_select_format: req_format=0x00000001 req_fmt_mapped=0x0 internal_format=0x1 usage=0x100
12-29 05:56:12.290 10515 10774 E         : Shared attribute region not available to be mapped
12-29 05:56:12.327 10515 10538 I droid.launcher: Background concurrent copying GC freed 42656(1472KB) AllocSpace objects, 0(0B) LOS objects, 49% free, 3028KB/6057KB, paused 179us total 129.643ms
12-29 05:56:12.330 10515 10540 I gralloc : gralloc_unregister_buffer hnd=0x8422c7c0, share_fd=141, share_attr_fd=-1, magic=51647890, format=1, internal_format=1, byte_stride=1152, flags=4, usage=0x366, size=552960, width=288, height=480, internalWidth=288, internalHeight=480, stride=288, base=0x7e5a8000, writeOwner=0, attr_base=0xffffffff, yuv_info=1, fd=-1, buf_idx=0, offset=0, min_pgsz=4096, phyaddr=0
12-29 05:56:12.331 10515 10540 I gralloc : gralloc_unregister_buffer hnd=0x83f64dc0, share_fd=124, share_attr_fd=-1, magic=51647890, format=1, internal_format=1, byte_stride=1152, flags=4, usage=0x366, size=552960, width=288, height=480, internalWidth=288, internalHeight=480, stride=288, base=0x8381d000, writeOwner=0, attr_base=0xffffffff, yuv_info=1, fd=-1, buf_idx=0, offset=0, min_pgsz=4096, phyaddr=0
12-29 05:56:12.331 10515 10540 I gralloc : gralloc_unregister_buffer hnd=0x826629c0, share_fd=140, share_attr_fd=-1, magic=51647890, format=1, internal_format=1, byte_stride=3200, flags=4, usage=0x100, size=1536000, width=800, height=480, internalWidth=800, internalHeight=480, stride=800, base=0x7ea8f000, writeOwner=0, attr_base=0xffffffff, yuv_info=1, fd=-1, buf_idx=0, offset=0, min_pgsz=4096, phyaddr=0
12-29 05:56:12.332 10515 10540 I gralloc : gralloc_unregister_buffer hnd=0x8433b5c0, share_fd=135, share_attr_fd=-1, magic=51647890, format=1, internal_format=1, byte_stride=1152, flags=4, usage=0x100, size=552960, width=288, height=480, internalWidth=288, internalHeight=480, stride=288, base=0x7ee84000, writeOwner=0, attr_base=0xffffffff, yuv_info=1, fd=-1, buf_idx=0, offset=0, min_pgsz=4096, phyaddr=0
12-29 05:56:12.334 10515 10540 I gralloc : gralloc_unregister_buffer hnd=0x83f62780, share_fd=118, share_attr_fd=-1, magic=51647890, format=1, internal_format=1, byte_stride=1152, flags=4, usage=0x366, size=552960, width=288, height=480, internalWidth=288, internalHeight=480, stride=288, base=0x93e64000, writeOwner=0, attr_base=0xffffffff, yuv_info=1, fd=-1, buf_idx=0, offset=0, min_pgsz=4096, phyaddr=0
12-29 05:56:12.344 10515 10550 I gralloc : gralloc_register_buffer hnd=0x97868d40, share_fd=124, share_attr_fd=-1, magic=51647890, format=1, internal_format=1, byte_stride=3200, flags=4, usage=0x100, size=1536000, width=800, height=480, internalWidth=800, internalHeight=480, stride=800, base=0x81644000, writeOwner=0, attr_base=0xffffffff, yuv_info=1, fd=-1, buf_idx=0, offset=0, min_pgsz=4096, phyaddr=0
12-29 05:56:12.344 10515 10550 I gralloc : mali_gralloc_select_format, AFBC is disabled now
12-29 05:56:12.344 10515 10550 I gralloc : mali_gralloc_select_format: req_format=0x00000001 req_fmt_mapped=0x0 internal_format=0x1 usage=0x100
12-29 05:56:12.354   734   750 D ConnectivityService: ConnectivityService NetworkRequestInfo binderDied(NetworkRequest [ TRACK_DEFAULT id=13626, [ Capabilities: INTERNET&NOT_RESTRICTED&TRUSTED Uid: 10108] ], android.os.BinderProxy@3ae09fc)
12-29 05:56:12.354   734  6936 D ConnectivityService: ConnectivityService NetworkRequestInfo binderDied(NetworkRequest [ LISTEN id=13627, [ Capabilities: INTERNET&NOT_RESTRICTED&TRUSTED Uid: 10108] ], android.os.BinderProxy@d0d3885)
12-29 05:56:12.354   734  6942 I ActivityManager: Process com.android.vending (pid 16260) has died: cch+95 CEM 
12-29 05:56:12.355   734  6942 V ActivityManager: Clean up application record for ProcessRecord{c4cf48b 16260:com.android.vending/u0a108} restarting=false allowRestart=true index=-1 replacingPid=false
12-29 05:56:12.355   734   892 D ConnectivityService: releasing NetworkRequest [ TRACK_DEFAULT id=13626, [ Capabilities: INTERNET&NOT_RESTRICTED&TRUSTED Uid: 10108] ] (release request)
12-29 05:56:12.355   734   892 D ConnectivityService:  Removing from current network NetworkAgentInfo [WIFI () - 432], leaving 29 requests.
12-29 05:56:12.358   734   892 D ConnectivityService: releasing NetworkRequest [ LISTEN id=13627, [ Capabilities: INTERNET&NOT_RESTRICTED&TRUSTED Uid: 10108] ] (release request)
12-29 05:56:12.396 10871 10871 I AppBase : AppBase.onTrimMemory():285 onTrimMemory(): 5
12-29 05:56:12.396 10871 10871 I KeyboardDefCache: MemoryFileCache$1.onTrimMemory():124 clearMemory() for trim memory: 5
12-29 05:56:12.397 10871 10871 I KeyboardDefCache: MemoryFileCache.clearMemory():408 evictAll()
12-29 05:56:12.399 10871 10871 I GoogleInputMethodService: GoogleInputMethodService.onTrimMemory():2802 onTrimMemory(): 5
12-29 05:56:12.424 10515 10515 D UNISOC-LAUNCHER3: RotationHelper, notifyChange, activityFlags:-1 mLastActivityFlags:5
12-29 05:56:12.425 10515 10515 D UNISOC-LAUNCHER3: MeminfoController, showOrHide show: true
12-29 05:56:12.615   376   419 I chatty  : uid=0(root) power_hint expire 9 lines
12-29 05:56:14.134   734   867 D VibratorService: TigoCmasStatus = 0
12-29 05:56:14.137   376   376 I chatty  : uid=0(root) power@4.0-servi expire 26 lines
12-29 05:56:14.263   972   972 V StatusBar: mStatusBarWindow: com.android.systemui.statusbar.phone.StatusBarWindowView{84c0cc1 V.E...... ........ 0,0-480,36} canPanelBeCollapsed(): false expandheight: 0.0
12-29 05:56:14.265   734   753 I ActivityTaskManager: START u0 {act=android.intent.action.MAIN cat=[android.intent.category.HOME] flg=0x10000100 cmp=com.android.launcher3/.Launcher (has extras)} from uid 0, pid 0
12-29 05:56:14.267   734   753 I ActivityTaskManager: ->startActivity for ActivityRecord{72470b u0 com.android.launcher3/.Launcher t9954} result:START_DELIVERED_TO_TOP
12-29 05:56:14.272 10515 10515 D UNISOC-LAUNCHER3: LauncherAppMonitor, onReceiveHomeIntent
12-29 05:56:14.272 10515 10515 D UNISOC-LAUNCHER3: StateManager, goToState:[Overview -> Normal] animated:true
12-29 05:56:14.289 10515 10515 D UNISOC-LAUNCHER3: MeminfoController, showOrHide show: false
12-29 05:56:14.486 10515 10515 D UNISOC-LAUNCHER3: RotationHelper, notifyChange, activityFlags:5 mLastActivityFlags:-1
12-29 05:56:14.486 10515 10515 D UNISOC-LAUNCHER3: MeminfoController, showOrHide show: false
12-29 05:56:14.534   734   889 I chatty  : uid=1000(system) WifiNetworkMoni expire 11 lines
12-29 05:56:14.534   734   890 I chatty  : uid=1000(system) WifiRssiLinkSpe expire 16 lines
12-29 05:56:14.543   972   972 E PANCHENG: mWifiVisible true
12-29 05:56:14.543   972   972 D StatusBarSignalPolicy: updateWifiIconWithState state : WifiIconState(resId=17302852, visible=true)
12-29 05:56:14.763   376   419 I chatty  : uid=0(root) power_hint expire 5 lines
12-29 05:56:14.764   376   419 D PowerHAL: Enter common_clear: 
12-29 05:56:14.764   376   419 D PowerHAL: ##Timing deboost
12-29 05:56:14.764   376   419 D PowerHAL: Enter common_subsys_set: enable:0, duration: 0, subsys:cpufreq: 
12-29 05:56:14.764   376   419 D PowerHAL: Enter common_subsys_clear: cpufreq
12-29 05:56:15.094   972  1159 D NetworkController.MobileSignalController(1): refreshImsIcons phoneId = 0
12-29 05:56:15.102   972   972 D StatusBarMobileView:  mobileCardId gone mSubId = 1
12-29 05:56:15.102   972   972 D StatusBarMobileView:  mMobileVolte gone mSubId = 1
12-29 05:56:15.107   972   972 D StatusBarMobileView:  mobileCardId gone mSubId = 1
12-29 05:56:15.108   972   972 D StatusBarMobileView:  mMobileVolte gone mSubId = 1
12-29 05:56:15.109   972   972 D StatusBarMobileView:  mobileCardId gone mSubId = 1
12-29 05:56:15.109   972   972 D StatusBarMobileView:  mMobileVolte gone mSubId = 1
12-29 05:56:15.109   972   972 E PANCHENG: mWifiVisible true
12-29 05:56:15.110   972   972 D StatusBarSignalPolicy: state.show = falsestate.mMobileVolteId = 0 subId = 1
12-29 05:56:15.245   504   546 D WCND    : is_cp2_alive_ok: open polling interface: /proc/mdbg/loopcheck, fd = 13
12-29 05:56:15.345   504   546 D WCND    : is_cp2_alive_ok: loop: /proc/mdbg/loopcheck is OK
12-29 05:56:15.410 17551 17551 D ip_monitor-438: 192.168.19.1 dev wlan0 lladdr c4:41:1e:37:37:30 PROBE
12-29 05:56:15.445 17552 17552 D ip_monitor-438: 192.168.19.1 dev wlan0 lladdr c4:41:1e:37:37:30 REACHABLE
12-29 05:56:15.781   376   376 D PowerHAL: ###Enter interaction_other scene bgn###
12-29 05:56:15.782   376   376 D PowerHAL: Enter common_set: enable:1, duration: 500, /sys/devices/system/cpu/cpuhotplug/cluster0_core_min_limit: 4
12-29 05:56:15.782   376   376 D PowerHAL: Enter common_set: enable:1, duration: 500, /sys/devices/system/cpu/cpuhotplug/cluster0_core_max_limit: 4
12-29 05:56:15.782   376   376 D PowerHAL: Enter common_subsys_set: enable:1, duration: 500, subsys:cpufreq: conf_2:5
12-29 05:56:15.783   376   376 D PowerHAL: Enter common_subsys_set_current_config: 
12-29 05:56:15.784   376   376 D PowerHAL: ###Enter interaction_other scene end###
12-29 05:56:15.784   376   376 D PowerHAL: ###Enter interaction_other scene bgn###
12-29 05:56:15.784   376   376 D PowerHAL: Enter common_set: enable:1, duration: 500, /sys/devices/system/cpu/cpuhotplug/cluster0_core_min_limit: 4
12-29 05:56:15.784   376   376 D PowerHAL: Enter common_set: enable:1, duration: 500, /sys/devices/system/cpu/cpuhotplug/cluster0_core_max_limit: 4
12-29 05:56:15.784   376   376 D PowerHAL: Enter common_subsys_set: enable:1, duration: 500, subsys:cpufreq: conf_2:5
12-29 05:56:15.784   376   376 D PowerHAL: ###Enter interaction_other scene end###
12-29 05:56:15.854 10515 10515 D UNISOC-LAUNCHER3: MeminfoController, showOrHide show: false
12-29 05:56:15.854 10515 10515 D UNISOC-LAUNCHER3: ASCTouchController, onDragStart,state change with anim: Normal -> AllApps
12-29 05:56:15.881   376   376 D PowerHAL: ###Enter interaction_other scene bgn###
12-29 05:56:15.881   376   376 D PowerHAL: Enter common_set: enable:1, duration: 500, /sys/devices/system/cpu/cpuhotplug/cluster0_core_min_limit: 4
12-29 05:56:15.881   376   376 D PowerHAL: Enter common_set: enable:1, duration: 500, /sys/devices/system/cpu/cpuhotplug/cluster0_core_max_limit: 4
12-29 05:56:15.881   376   376 D PowerHAL: Enter common_subsys_set: enable:1, duration: 500, subsys:cpufreq: conf_2:5
12-29 05:56:15.881   376   376 D PowerHAL: ###Enter interaction_other scene end###
12-29 05:56:15.881   376   376 D PowerHAL: ###Enter interaction_other scene bgn###
12-29 05:56:15.881   376   376 D PowerHAL: Enter common_set: enable:1, duration: 500, /sys/devices/system/cpu/cpuhotplug/cluster0_core_min_limit: 4
12-29 05:56:15.882   376   376 D PowerHAL: Enter common_set: enable:1, duration: 500, /sys/devices/system/cpu/cpuhotplug/cluster0_core_max_limit: 4
12-29 05:56:15.882   376   376 D PowerHAL: Enter common_subsys_set: enable:1, duration: 500, subsys:cpufreq: conf_2:5
12-29 05:56:15.882   376   376 D PowerHAL: ###Enter interaction_other scene end###
12-29 05:56:15.985   376   376 D PowerHAL: ###Enter interaction_other scene bgn###
12-29 05:56:15.985   376   376 D PowerHAL: Enter common_set: enable:1, duration: 500, /sys/devices/system/cpu/cpuhotplug/cluster0_core_min_limit: 4
12-29 05:56:15.985   376   376 D PowerHAL: Enter common_set: enable:1, duration: 500, /sys/devices/system/cpu/cpuhotplug/cluster0_core_max_limit: 4
12-29 05:56:15.985   376   376 D PowerHAL: Enter common_subsys_set: enable:1, duration: 500, subsys:cpufreq: conf_2:5
12-29 05:56:15.985   376   376 D PowerHAL: ###Enter interaction_other scene end###
12-29 05:56:15.985   376   376 D PowerHAL: ###Enter interaction_other scene bgn###
12-29 05:56:15.985   376   376 D PowerHAL: Enter common_set: enable:1, duration: 500, /sys/devices/system/cpu/cpuhotplug/cluster0_core_min_limit: 4
12-29 05:56:15.985   376   376 D PowerHAL: Enter common_set: enable:1, duration: 500, /sys/devices/system/cpu/cpuhotplug/cluster0_core_max_limit: 4
12-29 05:56:15.985   376   376 D PowerHAL: Enter common_subsys_set: enable:1, duration: 500, subsys:cpufreq: conf_2:5
12-29 05:56:15.985   376   376 D PowerHAL: ###Enter interaction_other scene end###
12-29 05:56:15.985   376   376 D PowerHAL: ###Enter interaction_other scene bgn###
12-29 05:56:15.985   376   376 D PowerHAL: Enter common_set: enable:1, duration: 653, /sys/devices/system/cpu/cpuhotplug/cluster0_core_min_limit: 4
12-29 05:56:15.985   376   376 D PowerHAL: Enter common_set: enable:1, duration: 653, /sys/devices/system/cpu/cpuhotplug/cluster0_core_max_limit: 4
12-29 05:56:15.985   376   376 D PowerHAL: Enter common_subsys_set: enable:1, duration: 653, subsys:cpufreq: conf_2:5
12-29 05:56:15.985   376   376 D PowerHAL: ###Enter interaction_other scene end###
12-29 05:56:15.985 10515 10515 D UNISOC-LAUNCHER3: MeminfoController, showOrHide show: false
12-29 05:56:16.053 10515 10515 D UNISOC-LAUNCHER3: MeminfoController, showOrHide show: false
12-29 05:56:16.637   376   419 D PowerHAL: ##Timing deboost
12-29 05:56:16.637   376   419 D PowerHAL: Enter common_set: enable:0, duration: 0, /sys/devices/system/cpu/cpuhotplug/cluster0_core_min_limit: 
12-29 05:56:16.637   376   419 D PowerHAL: Enter common_clear: 
12-29 05:56:16.638   376   419 D PowerHAL: ##Timing deboost
12-29 05:56:16.638   376   419 D PowerHAL: Enter common_set: enable:0, duration: 0, /sys/devices/system/cpu/cpuhotplug/cluster0_core_max_limit: 
12-29 05:56:16.638   376   419 D PowerHAL: Enter common_clear: 
12-29 05:56:16.638   376   419 D PowerHAL: ##Timing deboost
12-29 05:56:16.638   376   419 D PowerHAL: Enter common_subsys_set: enable:0, duration: 0, subsys:cpufreq: 
12-29 05:56:16.638   376   419 D PowerHAL: Enter common_subsys_clear: cpufreq
12-29 05:56:16.888   376   376 D PowerHAL: ###Enter interaction_other scene bgn###
12-29 05:56:16.889   376   376 D PowerHAL: Enter common_set: enable:1, duration: 500, /sys/devices/system/cpu/cpuhotplug/cluster0_core_min_limit: 4
12-29 05:56:16.889   376   376 D PowerHAL: Enter common_set: enable:1, duration: 500, /sys/devices/system/cpu/cpuhotplug/cluster0_core_max_limit: 4
12-29 05:56:16.889   376   376 D PowerHAL: Enter common_subsys_set: enable:1, duration: 500, subsys:cpufreq: conf_2:5
12-29 05:56:16.889   376   376 D PowerHAL: Enter common_subsys_set_current_config: 
12-29 05:56:16.890   376   376 D PowerHAL: ###Enter interaction_other scene end###
12-29 05:56:16.890   376   376 D PowerHAL: ###Enter interaction_other scene bgn###
12-29 05:56:16.890   376   376 D PowerHAL: Enter common_set: enable:1, duration: 500, /sys/devices/system/cpu/cpuhotplug/cluster0_core_min_limit: 4
12-29 05:56:16.890   376   376 D PowerHAL: Enter common_set: enable:1, duration: 500, /sys/devices/system/cpu/cpuhotplug/cluster0_core_max_limit: 4
12-29 05:56:16.890   376   376 D PowerHAL: Enter common_subsys_set: enable:1, duration: 500, subsys:cpufreq: conf_2:5
12-29 05:56:16.890   376   376 D PowerHAL: ###Enter interaction_other scene end###
12-29 05:56:16.991   376   376 D PowerHAL: ###Enter interaction_other scene bgn###
12-29 05:56:16.991   376   376 D PowerHAL: Enter common_set: enable:1, duration: 500, /sys/devices/system/cpu/cpuhotplug/cluster0_core_min_limit: 4
12-29 05:56:16.991   376   376 D PowerHAL: Enter common_set: enable:1, duration: 500, /sys/devices/system/cpu/cpuhotplug/cluster0_core_max_limit: 4
12-29 05:56:16.991   376   376 D PowerHAL: Enter common_subsys_set: enable:1, duration: 500, subsys:cpufreq: conf_2:5
12-29 05:56:16.991   376   376 D PowerHAL: ###Enter interaction_other scene end###
12-29 05:56:16.991   376   376 D PowerHAL: ###Enter interaction_other scene bgn###
12-29 05:56:16.991   376   376 D PowerHAL: Enter common_set: enable:1, duration: 500, /sys/devices/system/cpu/cpuhotplug/cluster0_core_min_limit: 4
12-29 05:56:16.991   376   376 D PowerHAL: Enter common_set: enable:1, duration: 500, /sys/devices/system/cpu/cpuhotplug/cluster0_core_max_limit: 4
12-29 05:56:16.992   376   376 D PowerHAL: Enter common_subsys_set: enable:1, duration: 500, subsys:cpufreq: conf_2:5
12-29 05:56:16.992   376   376 D PowerHAL: ###Enter interaction_other scene end###
12-29 05:56:17.093   376   376 D PowerHAL: ###Enter interaction_other scene bgn###
12-29 05:56:17.093   376   376 D PowerHAL: Enter common_set: enable:1, duration: 500, /sys/devices/system/cpu/cpuhotplug/cluster0_core_min_limit: 4
12-29 05:56:17.093   376   376 D PowerHAL: Enter common_set: enable:1, duration: 500, /sys/devices/system/cpu/cpuhotplug/cluster0_core_max_limit: 4
12-29 05:56:17.093   376   376 D PowerHAL: Enter common_subsys_set: enable:1, duration: 500, subsys:cpufreq: conf_2:5
12-29 05:56:17.093   376   376 D PowerHAL: ###Enter interaction_other scene end###
12-29 05:56:17.093   376   376 D PowerHAL: ###Enter interaction_other scene bgn###
12-29 05:56:17.093   376   376 D PowerHAL: Enter common_set: enable:1, duration: 500, /sys/devices/system/cpu/cpuhotplug/cluster0_core_min_limit: 4
12-29 05:56:17.093   376   376 D PowerHAL: Enter common_set: enable:1, duration: 500, /sys/devices/system/cpu/cpuhotplug/cluster0_core_max_limit: 4
12-29 05:56:17.093   376   376 D PowerHAL: Enter common_subsys_set: enable:1, duration: 500, subsys:cpufreq: conf_2:5
12-29 05:56:17.093   376   376 D PowerHAL: ###Enter interaction_other scene end###
12-29 05:56:17.106   376   376 D PowerHAL: ###Enter interaction_other scene bgn###
12-29 05:56:17.106   376   376 D PowerHAL: Enter common_set: enable:1, duration: 505, /sys/devices/system/cpu/cpuhotplug/cluster0_core_min_limit: 4
12-29 05:56:17.106   376   376 D PowerHAL: Enter common_set: enable:1, duration: 505, /sys/devices/system/cpu/cpuhotplug/cluster0_core_max_limit: 4
12-29 05:56:17.106   376   376 D PowerHAL: Enter common_subsys_set: enable:1, duration: 505, subsys:cpufreq: conf_2:5
12-29 05:56:17.106   376   376 D PowerHAL: ###Enter interaction_other scene end###
12-29 05:56:17.272   376   376 D Power-HealthInfoCallback: Update charge status to: 1
12-29 05:56:17.277   972   972 D BatteryMeterDrawable: onBatteryLevelChanged level=100,pluggedIn=true,charging=true
12-29 05:56:17.278   972   972 I chatty  : uid=10111(com.android.systemui) identical 2 lines
12-29 05:56:17.278   972   972 D BatteryMeterDrawable: onBatteryLevelChanged level=100,pluggedIn=true,charging=true
12-29 05:56:17.295   972   972 I PowerUI : [battery]Temperature = 263, health = 2, highTempShutDown = 600, lowTempShutDown = -100, highTempTips = 550, highTempTips = 550, lowTempTips = 0, openTempWarning = true, mPlugType = 2
12-29 05:56:17.295   972   972 D PowerUI : buckets   .....20 .. 15 .. 5
12-29 05:56:17.295   972   972 D PowerUI : level          100 --> 100
12-29 05:56:17.295   972   972 D PowerUI : status         5 --> 5
12-29 05:56:17.295   972   972 D PowerUI : plugType       2 --> 2
12-29 05:56:17.295   972   972 D PowerUI : invalidCharger 0 --> 0
12-29 05:56:17.295   972   972 D PowerUI : bucket         1 --> 1
12-29 05:56:17.295   972   972 D PowerUI : plugged        true --> true
12-29 05:56:17.295   972   972 D PowerUI : health         2 --> 2
12-29 05:56:17.295   972   972 D BatteryMeterDrawable: onReceive action=android.intent.action.BATTERY_CHANGED
12-29 05:56:17.296   972   972 D BatteryMeterDrawable: onReceive level=100,plugType=2,status=5
12-29 05:56:17.296   972   972 D BatteryMeterDrawable: BatteryMeterViewAnimationShow level should be =100
12-29 05:56:17.296   972   972 D BatteryMeterDrawable: onReceive action=android.intent.action.BATTERY_CHANGED
12-29 05:56:17.296   972   972 D BatteryMeterDrawable: onReceive level=100,plugType=2,status=5
12-29 05:56:17.296   972   972 D BatteryMeterDrawable: BatteryMeterViewAnimationShow level should be =100
12-29 05:56:17.296   972   972 D BatteryMeterDrawable: onReceive action=android.intent.action.BATTERY_CHANGED
12-29 05:56:17.296   972   972 D BatteryMeterDrawable: onReceive level=100,plugType=2,status=5
12-29 05:56:17.296   972   972 D BatteryMeterDrawable: BatteryMeterViewAnimationShow level should be =100
12-29 05:56:17.558   972   972 E PANCHENG: mWifiVisible true
12-29 05:56:17.558   972   972 D StatusBarSignalPolicy: updateWifiIconWithState state : WifiIconState(resId=17302852, visible=true)
12-29 05:56:17.610   376   419 D PowerHAL: ##Timing deboost
12-29 05:56:17.610   376   419 D PowerHAL: Enter common_set: enable:0, duration: 0, /sys/devices/system/cpu/cpuhotplug/cluster0_core_min_limit: 
12-29 05:56:17.610   376   419 D PowerHAL: Enter common_clear: 
12-29 05:56:17.611   376   419 D PowerHAL: ##Timing deboost
12-29 05:56:17.611   376   419 D PowerHAL: Enter common_set: enable:0, duration: 0, /sys/devices/system/cpu/cpuhotplug/cluster0_core_max_limit: 
12-29 05:56:17.611   376   419 D PowerHAL: Enter common_clear: 
12-29 05:56:17.611   376   419 D PowerHAL: ##Timing deboost
12-29 05:56:17.611   376   419 D PowerHAL: Enter common_subsys_set: enable:0, duration: 0, subsys:cpufreq: 
12-29 05:56:17.611   376   419 D PowerHAL: Enter common_subsys_clear: cpufreq
12-29 05:56:18.095   734   863 D AlarmManager: waitForAlarm result:4currentTime=1767002178095, elapsedRealtime=1223760298
12-29 05:56:18.101   734   863 D AlarmManager: sending alarm.type = 3, action = null, cn = null, operation = null
12-29 05:56:18.101   734   863 D AlarmManager: sending alarm.type = 2, action = null, cn = null, operation = null
12-29 05:56:18.110   734   863 D AlarmManager: sending alarm.type = 3, action = com.google.android.gms.stats.eastworld.action.EASTWORLD_ALARM, cn = ComponentInfo{com.google.android.gms/com.google.android.gms.chimera.PersistentIntentOperationService}, operation = PendingIntent{8112b8f: PendingIntentRecord{f057dbf com.google.android.gms startService}}
12-29 05:56:18.118   734   863 D AlarmManager: sending alarm.type = 3, action = com.whatsapp.alarm.CLIENT_PING_PERIODIC, cn = null, operation = PendingIntent{66b9147: PendingIntentRecord{5faad74 com.whatsapp.w4b broadcastIntent}}
12-29 05:56:18.124   734   734 V AlarmManager: set(null) : type=3 listener=android.app.AlarmManager$ListenerWrapper@e4c8639 listenerTag=*job.cleanup* triggerAtTime=1224601773 win=631085 tElapsed=1224601773 maxElapsed=1225232858 interval=0 flags=0x8
12-29 05:56:18.127   734  1061 V AlarmManager: set(PendingIntent{c0f6ddf: PendingIntentRecord{f85ea2c com.google.android.gms startService}}) : type=3 listener=null listenerTag=null triggerAtTime=316583760326 win=236519999999 tElapsed=316583760326 maxElapsed=553103760325 interval=0 flags=0x0
12-29 05:56:18.128   734  1061 I chatty  : uid=1000(system) Binder:734_6 expire 5 lines
12-29 05:56:18.136   734   734 V AlarmManager: set(null) : type=2 listener=android.app.AlarmManager$ListenerWrapper@3664cf5 listenerTag=*job.delay* triggerAtTime=1223812329 win=38992 tElapsed=1223812329 maxElapsed=1223851321 interval=0 flags=0x0
12-29 05:56:18.138   734  6942 V AlarmManager: set(PendingIntent{2708fb: PendingIntentRecord{27d7d18 com.whatsapp.w4b broadcastIntent}}) : type=2 listener=null listenerTag=null triggerAtTime=1223792339 win=0 tElapsed=1223792339 maxElapsed=1223792339 interval=0 flags=0x5
12-29 05:56:18.154   376   376 D PowerHAL: ###Enter interaction_other scene bgn###
12-29 05:56:18.154   376   376 D PowerHAL: Enter common_set: enable:1, duration: 500, /sys/devices/system/cpu/cpuhotplug/cluster0_core_min_limit: 4
12-29 05:56:18.155   376   376 D PowerHAL: Enter common_set: enable:1, duration: 500, /sys/devices/system/cpu/cpuhotplug/cluster0_core_max_limit: 4
12-29 05:56:18.155   376   376 D PowerHAL: Enter common_subsys_set: enable:1, duration: 500, subsys:cpufreq: conf_2:5
12-29 05:56:18.155   376   376 D PowerHAL: Enter common_subsys_set_current_config: 
12-29 05:56:18.155   376   376 D PowerHAL: ###Enter interaction_other scene end###
12-29 05:56:18.156   376   376 D PowerHAL: ###Enter interaction_other scene bgn###
12-29 05:56:18.156   376   376 D PowerHAL: Enter common_set: enable:1, duration: 500, /sys/devices/system/cpu/cpuhotplug/cluster0_core_min_limit: 4
