--------- beginning of system
12-29 04:10:30.118   972   972 D PowerUI : level          100 --> 100
12-29 04:10:30.118   972   972 D PowerUI : status         5 --> 5
12-29 04:10:30.118   972   972 D PowerUI : plugType       2 --> 2
12-29 04:10:30.118   972   972 D PowerUI : invalidCharger 0 --> 0
12-29 04:10:30.118   972   972 D PowerUI : bucket         1 --> 1
12-29 04:10:30.118   972   972 D PowerUI : plugged        true --> true
12-29 04:10:30.118   972   972 D PowerUI : health         2 --> 2
12-29 04:10:33.204   734   899 I chatty  : uid=1000(system) DeviceStorageMo expire 10 lines
12-29 04:11:00.182   734   761 I chatty  : uid=1000(system) android.bg expire 1 line
12-29 04:11:30.116   972   972 I PowerUI : [battery]Temperature = 262, health = 2, highTempShutDown = 600, lowTempShutDown = -100, highTempTips = 550, highTempTips = 550, lowTempTips = 0, openTempWarning = true, mPlugType = 2
12-29 04:11:30.116   972   972 D PowerUI : buckets   .....20 .. 15 .. 5
12-29 04:11:30.116   972   972 D PowerUI : level          100 --> 100
12-29 04:11:30.116   972   972 D PowerUI : status         5 --> 5
12-29 04:11:30.116   972   972 D PowerUI : plugType       2 --> 2
12-29 04:11:30.116   972   972 D PowerUI : invalidCharger 0 --> 0
12-29 04:11:30.116   972   972 D PowerUI : bucket         1 --> 1
12-29 04:11:30.117   972   972 D PowerUI : plugged        true --> true
12-29 04:11:30.117   972   972 D PowerUI : health         2 --> 2
12-29 04:11:36.516   734   863 I chatty  : uid=1000(system) AlarmManager expire 22 lines
12-29 04:11:36.535   734  4418 I chatty  : uid=1000(system) Binder:734_E expire 7 lines
12-29 04:11:36.540   734   734 I chatty  : uid=1000 system_server expire 9 lines
12-29 04:11:36.587   734   763 I chatty  : uid=1000(system) ActivityManager expire 2 lines
12-29 04:11:42.169   734  5639 I chatty  : uid=1000(system) Binder:734_13 expire 2 lines
12-29 04:12:30.119   972   972 I PowerUI : [battery]Temperature = 262, health = 2, highTempShutDown = 600, lowTempShutDown = -100, highTempTips = 550, highTempTips = 550, lowTempTips = 0, openTempWarning = true, mPlugType = 2
12-29 04:12:30.119   972   972 D PowerUI : buckets   .....20 .. 15 .. 5
12-29 04:12:30.119   972   972 D PowerUI : level          100 --> 100
12-29 04:12:30.119   972   972 D PowerUI : status         5 --> 5
12-29 04:12:30.119   972   972 D PowerUI : plugType       2 --> 2
12-29 04:12:30.119   972   972 D PowerUI : invalidCharger 0 --> 0
12-29 04:12:30.119   972   972 D PowerUI : bucket         1 --> 1
12-29 04:12:30.119   972   972 D PowerUI : plugged        true --> true
12-29 04:12:30.120   972   972 D PowerUI : health         2 --> 2
12-29 04:15:00.353   734   863 I chatty  : uid=1000(system) AlarmManager expire 10 lines
12-29 04:15:00.553   734  6944 I chatty  : uid=1000(system) Binder:734_1F expire 3 lines
12-29 04:15:00.577   734  6937 I chatty  : uid=1000(system) Binder:734_18 expire 7 lines
12-29 04:16:30.118   972   972 I PowerUI : [battery]Temperature = 262, health = 2, highTempShutDown = 600, lowTempShutDown = -100, highTempTips = 550, highTempTips = 550, lowTempTips = 0, openTempWarning = true, mPlugType = 2
12-29 04:16:30.118   972   972 D PowerUI : buckets   .....20 .. 15 .. 5
12-29 04:16:30.118   972   972 D PowerUI : level          100 --> 100
12-29 04:16:30.119   972   972 D PowerUI : status         5 --> 5
12-29 04:16:30.119   972   972 D PowerUI : plugType       2 --> 2
12-29 04:16:30.119   972   972 D PowerUI : invalidCharger 0 --> 0
12-29 04:16:30.119   972   972 D PowerUI : bucket         1 --> 1
12-29 04:16:30.119   972   972 D PowerUI : plugged        true --> true
12-29 04:16:30.119   972   972 D PowerUI : health         2 --> 2
12-29 04:16:44.641   734   892 I chatty  : uid=1000(system) ConnectivitySer expire 64 lines
12-29 04:17:30.118   972   972 I PowerUI : [battery]Temperature = 262, health = 2, highTempShutDown = 600, lowTempShutDown = -100, highTempTips = 550, highTempTips = 550, lowTempTips = 0, openTempWarning = true, mPlugType = 2
12-29 04:17:30.118   972   972 D PowerUI : buckets   .....20 .. 15 .. 5
12-29 04:17:30.118   972   972 D PowerUI : level          100 --> 100
12-29 04:17:30.119   972   972 D PowerUI : status         5 --> 5
12-29 04:17:30.119   972   972 D PowerUI : plugType       2 --> 2
12-29 04:17:30.119   972   972 D PowerUI : invalidCharger 0 --> 0
12-29 04:17:30.119   972   972 D PowerUI : bucket         1 --> 1
12-29 04:17:30.119   972   972 D PowerUI : plugged        true --> true
12-29 04:17:30.119   972   972 D PowerUI : health         2 --> 2
12-29 04:17:41.358   734   769 I chatty  : uid=1000(system) batterystats-wo expire 2 lines
12-29 04:17:47.342   734   762 I chatty  : uid=1000(system) ActivityManager expire 1 line
12-29 04:18:17.367   734   892 I chatty  : uid=1000(system) ConnectivitySer expire 64 lines
12-29 04:20:30.118   972   972 I PowerUI : [battery]Temperature = 262, health = 2, highTempShutDown = 600, lowTempShutDown = -100, highTempTips = 550, highTempTips = 550, lowTempTips = 0, openTempWarning = true, mPlugType = 2
12-29 04:20:30.118   972   972 D PowerUI : buckets   .....20 .. 15 .. 5
12-29 04:20:30.118   972   972 D PowerUI : level          100 --> 100
12-29 04:20:30.118   972   972 D PowerUI : status         5 --> 5
12-29 04:20:30.119   972   972 D PowerUI : plugType       2 --> 2
12-29 04:20:30.119   972   972 D PowerUI : invalidCharger 0 --> 0
12-29 04:20:30.119   972   972 D PowerUI : bucket         1 --> 1
12-29 04:20:30.119   972   972 D PowerUI : plugged        true --> true
12-29 04:20:30.119   972   972 D PowerUI : health         2 --> 2
12-29 04:20:33.854   734   899 I chatty  : uid=1000(system) DeviceStorageMo expire 4 lines
12-29 04:21:45.356   734   863 I chatty  : uid=1000(system) AlarmManager expire 14 lines
12-29 04:22:30.118   972   972 I PowerUI : [battery]Temperature = 262, health = 2, highTempShutDown = 600, lowTempShutDown = -100, highTempTips = 550, highTempTips = 550, lowTempTips = 0, openTempWarning = true, mPlugType = 2
12-29 04:22:30.118   972   972 D PowerUI : buckets   .....20 .. 15 .. 5
12-29 04:22:30.118   972   972 D PowerUI : level          100 --> 100
12-29 04:22:30.118   972   972 D PowerUI : status         5 --> 5
12-29 04:22:30.118   972   972 D PowerUI : plugType       2 --> 2
12-29 04:22:30.118   972   972 D PowerUI : invalidCharger 0 --> 0
12-29 04:22:30.118   972   972 D PowerUI : bucket         1 --> 1
12-29 04:22:30.118   972   972 D PowerUI : plugged        true --> true
12-29 04:22:30.119   972   972 D PowerUI : health         2 --> 2
12-29 04:23:30.116   972   972 I PowerUI : [battery]Temperature = 262, health = 2, highTempShutDown = 600, lowTempShutDown = -100, highTempTips = 550, highTempTips = 550, lowTempTips = 0, openTempWarning = true, mPlugType = 2
12-29 04:23:30.117   972   972 D PowerUI : buckets   .....20 .. 15 .. 5
12-29 04:23:30.117   972   972 D PowerUI : level          100 --> 100
12-29 04:23:30.117   972   972 D PowerUI : status         5 --> 5
12-29 04:23:30.117   972   972 D PowerUI : plugType       2 --> 2
12-29 04:23:30.117   972   972 D PowerUI : invalidCharger 0 --> 0
12-29 04:23:30.117   972   972 D PowerUI : bucket         1 --> 1
12-29 04:23:30.117   972   972 D PowerUI : plugged        true --> true
12-29 04:23:30.117   972   972 D PowerUI : health         2 --> 2
12-29 04:23:42.461   734  1172 I chatty  : uid=1000(system) Binder:734_9 expire 13 lines
12-29 04:23:42.502   734  6944 I chatty  : uid=1000(system) Binder:734_1F expire 6 lines
12-29 04:23:42.519   734   763 I chatty  : uid=1000(system) ActivityManager expire 2 lines
12-29 04:23:42.620   734  5673 I chatty  : uid=1000(system) Binder:734_14 expire 1 line
12-29 04:23:43.056   734  4418 I chatty  : uid=1000(system) Binder:734_E expire 8 lines
12-29 04:23:44.247  3652  3652 W ActivityThread: Main thread can not be idle for a long time.
12-29 04:23:44.420   734  6937 I chatty  : uid=1000(system) Binder:734_18 expire 4 lines
12-29 04:23:44.836   734  5639 I chatty  : uid=1000(system) Binder:734_13 expire 2 lines
12-29 04:23:45.464   734   892 I chatty  : uid=1000(system) ConnectivitySer expire 184 lines
12-29 04:23:49.601   734   925 I chatty  : uid=1000(system) Thread-4 expire 8 lines
12-29 04:23:53.786   734   762 I chatty  : uid=1000(system) ActivityManager expire 1 line
12-29 04:23:55.121   734  6941 I chatty  : uid=1000(system) Binder:734_1C expire 4 lines
12-29 04:24:30.165   972   972 I PowerUI : [battery]Temperature = 262, health = 2, highTempShutDown = 600, lowTempShutDown = -100, highTempTips = 550, highTempTips = 550, lowTempTips = 0, openTempWarning = true, mPlugType = 2
12-29 04:24:30.165   972   972 D PowerUI : buckets   .....20 .. 15 .. 5
12-29 04:24:30.165   972   972 D PowerUI : level          100 --> 100
12-29 04:24:30.165   972   972 D PowerUI : status         5 --> 5
12-29 04:24:30.165   972   972 D PowerUI : plugType       2 --> 2
12-29 04:24:30.165   972   972 D PowerUI : invalidCharger 0 --> 0
12-29 04:24:30.165   972   972 D PowerUI : bucket         1 --> 1
12-29 04:24:30.165   972   972 D PowerUI : plugged        true --> true
12-29 04:24:30.165   972   972 D PowerUI : health         2 --> 2
12-29 04:24:34.249   734   899 I chatty  : uid=1000(system) DeviceStorageMo expire 2 lines
12-29 04:25:30.118   972   972 I PowerUI : [battery]Temperature = 261, health = 2, highTempShutDown = 600, lowTempShutDown = -100, highTempTips = 550, highTempTips = 550, lowTempTips = 0, openTempWarning = true, mPlugType = 2
12-29 04:25:30.119   972   972 D PowerUI : buckets   .....20 .. 15 .. 5
12-29 04:25:30.119   972   972 D PowerUI : level          100 --> 100
12-29 04:25:30.119   972   972 D PowerUI : status         5 --> 5
12-29 04:25:30.119   972   972 D PowerUI : plugType       2 --> 2
12-29 04:25:30.119   972   972 D PowerUI : invalidCharger 0 --> 0
12-29 04:25:30.119   972   972 D PowerUI : bucket         1 --> 1
12-29 04:25:30.119   972   972 D PowerUI : plugged        true --> true
12-29 04:25:30.119   972   972 D PowerUI : health         2 --> 2
12-29 04:26:22.301   734   734 I chatty  : uid=1000 system_server expire 2 lines
12-29 04:26:22.366   734  3640 I chatty  : uid=1000(system) Binder:734_C expire 1 line
12-29 04:26:22.366   734   892 I chatty  : uid=1000(system) ConnectivitySer expire 67 lines
12-29 04:26:30.119   972   972 I PowerUI : [battery]Temperature = 262, health = 2, highTempShutDown = 600, lowTempShutDown = -100, highTempTips = 550, highTempTips = 550, lowTempTips = 0, openTempWarning = true, mPlugType = 2
12-29 04:26:30.119   972   972 D PowerUI : buckets   .....20 .. 15 .. 5
12-29 04:26:30.119   972   972 D PowerUI : level          100 --> 100
12-29 04:26:30.119   972   972 D PowerUI : status         5 --> 5
12-29 04:26:30.119   972   972 D PowerUI : plugType       2 --> 2
12-29 04:26:30.119   972   972 D PowerUI : invalidCharger 0 --> 0
12-29 04:26:30.119   972   972 D PowerUI : bucket         1 --> 1
12-29 04:26:30.119   972   972 D PowerUI : plugged        true --> true
12-29 04:26:30.119   972   972 D PowerUI : health         2 --> 2
12-29 04:26:34.451   734   899 I chatty  : uid=1000(system) DeviceStorageMo expire 6 lines
12-29 04:27:00.000   734   863 I chatty  : uid=1000(system) AlarmManager expire 18 lines
12-29 04:27:30.118   972   972 I PowerUI : [battery]Temperature = 262, health = 2, highTempShutDown = 600, lowTempShutDown = -100, highTempTips = 550, highTempTips = 550, lowTempTips = 0, openTempWarning = true, mPlugType = 2
12-29 04:27:30.118   972   972 D PowerUI : buckets   .....20 .. 15 .. 5
12-29 04:27:30.118   972   972 D PowerUI : level          100 --> 100
12-29 04:27:30.118   972   972 D PowerUI : status         5 --> 5
12-29 04:27:30.118   972   972 D PowerUI : plugType       2 --> 2
12-29 04:27:30.118   972   972 D PowerUI : invalidCharger 0 --> 0
12-29 04:27:30.118   972   972 D PowerUI : bucket         1 --> 1
12-29 04:27:30.118   972   972 D PowerUI : plugged        true --> true
12-29 04:27:30.118   972   972 D PowerUI : health         2 --> 2
12-29 04:28:56.221   734   734 I chatty  : uid=1000 system_server expire 19 lines
12-29 04:28:56.268   734   763 I chatty  : uid=1000(system) ActivityManager expire 2 lines
12-29 04:28:57.525   734   925 I chatty  : uid=1000(system) Thread-4 expire 10 lines
12-29 04:28:57.555   734  5625 I chatty  : uid=1000(system) Binder:734_11 expire 7 lines
12-29 04:28:57.826   734  4057 I chatty  : uid=1000(system) Binder:734_D expire 3 lines
12-29 04:28:58.355   734  4418 I chatty  : uid=1000(system) Binder:734_E expire 5 lines
12-29 04:28:58.356   734   892 I chatty  : uid=1000(system) ConnectivitySer expire 10 lines
12-29 04:28:58.356   734  6941 I chatty  : uid=1000(system) Binder:734_1C expire 1 line
12-29 04:28:58.359   734   750 I chatty  : uid=1000(system) Binder:734_1 expire 5 lines
12-29 04:29:00.600   734  5781 I chatty  : uid=1000(system) Binder:734_15 expire 12 lines
12-29 04:29:05.643   734  6940 I chatty  : uid=1000(system) Binder:734_1B expire 9 lines
12-29 04:29:19.087  4087  4087 D ActivityThread: Loading provider contacts;com.android.contacts: com.android.providers.contacts.ContactsProvider2
12-29 04:29:20.117   734  6939 I chatty  : uid=1000(system) Binder:734_1A expire 7 lines
12-29 04:29:30.123   972   972 I PowerUI : [battery]Temperature = 262, health = 2, highTempShutDown = 600, lowTempShutDown = -100, highTempTips = 550, highTempTips = 550, lowTempTips = 0, openTempWarning = true, mPlugType = 2
12-29 04:29:30.123   972   972 D PowerUI : buckets   .....20 .. 15 .. 5
12-29 04:29:30.123   972   972 D PowerUI : level          100 --> 100
12-29 04:29:30.123   972   972 D PowerUI : status         5 --> 5
12-29 04:29:30.123   972   972 D PowerUI : plugType       2 --> 2
12-29 04:29:30.123   972   972 D PowerUI : invalidCharger 0 --> 0
12-29 04:29:30.123   972   972 D PowerUI : bucket         1 --> 1
12-29 04:29:30.124   972   972 D PowerUI : plugged        true --> true
12-29 04:29:30.124   972   972 D PowerUI : health         2 --> 2
12-29 04:29:35.678   734   863 I chatty  : uid=1000(system) AlarmManager expire 15 lines
12-29 04:29:35.706   734  1067 I chatty  : uid=1000(system) Binder:734_7 expire 5 lines
12-29 04:30:30.116   972   972 I PowerUI : [battery]Temperature = 262, health = 2, highTempShutDown = 600, lowTempShutDown = -100, highTempTips = 550, highTempTips = 550, lowTempTips = 0, openTempWarning = true, mPlugType = 2
12-29 04:30:30.116   972   972 D PowerUI : buckets   .....20 .. 15 .. 5
12-29 04:30:30.116   972   972 D PowerUI : level          100 --> 100
12-29 04:30:30.116   972   972 D PowerUI : status         5 --> 5
12-29 04:30:30.116   972   972 D PowerUI : plugType       2 --> 2
12-29 04:30:30.116   972   972 D PowerUI : invalidCharger 0 --> 0
12-29 04:30:30.116   972   972 D PowerUI : bucket         1 --> 1
12-29 04:30:30.116   972   972 D PowerUI : plugged        true --> true
12-29 04:30:30.116   972   972 D PowerUI : health         2 --> 2
12-29 04:31:30.116   972   972 I PowerUI : [battery]Temperature = 261, health = 2, highTempShutDown = 600, lowTempShutDown = -100, highTempTips = 550, highTempTips = 550, lowTempTips = 0, openTempWarning = true, mPlugType = 2
12-29 04:31:30.116   972   972 D PowerUI : buckets   .....20 .. 15 .. 5
12-29 04:31:30.116   972   972 D PowerUI : level          100 --> 100
12-29 04:31:30.116   972   972 D PowerUI : status         5 --> 5
12-29 04:31:30.116   972   972 D PowerUI : plugType       2 --> 2
12-29 04:31:30.116   972   972 D PowerUI : invalidCharger 0 --> 0
12-29 04:31:30.116   972   972 D PowerUI : bucket         1 --> 1
12-29 04:31:30.116   972   972 D PowerUI : plugged        true --> true
12-29 04:31:30.116   972   972 D PowerUI : health         2 --> 2
12-29 04:32:15.689   734   762 I chatty  : uid=1000(system) ActivityManager expire 2 lines
12-29 04:32:15.692   734   907 I chatty  : uid=1000(system) UEventObserver expire 1 line
12-29 04:32:15.712   734 29129 I chatty  : uid=1000(system) AdbDebuggingMan expire 3 lines
12-29 04:32:15.743   972   972 I PowerUI : [battery]Temperature = 262, health = 2, highTempShutDown = 600, lowTempShutDown = -100, highTempTips = 550, highTempTips = 550, lowTempTips = 0, openTempWarning = true, mPlugType = 0
12-29 04:32:15.743   972   972 D PowerUI : buckets   .....20 .. 15 .. 5
12-29 04:32:15.743   972   972 D PowerUI : level          100 --> 100
12-29 04:32:15.743   972   972 D PowerUI : status         5 --> 3
12-29 04:32:15.743   972   972 D PowerUI : plugType       2 --> 0
12-29 04:32:15.743   972   972 D PowerUI : invalidCharger 0 --> 0
12-29 04:32:15.743   972   972 D PowerUI : bucket         1 --> 1
12-29 04:32:15.743   972   972 D PowerUI : plugged        true --> false
12-29 04:32:15.743   972   972 D PowerUI : health         2 --> 2
12-29 04:32:15.762   734   752 I chatty  : uid=1000(system) android.fg expire 10 lines
12-29 04:32:15.801   734   773 I chatty  : uid=1000(system) PowerManagerSer expire 9 lines
12-29 04:32:15.807   734   862 I chatty  : uid=1000(system) PowerGuruServic expire 3 lines
12-29 04:32:15.813   734   769 I chatty  : uid=1000(system) batterystats-wo expire 3 lines
12-29 04:32:15.861   734   751 I chatty  : uid=1000(system) Binder:734_2 expire 1 line
12-29 04:32:15.891   734   753 I chatty  : uid=1000(system) android.ui expire 2 lines
12-29 04:32:15.905   734   755 I chatty  : uid=1000(system) android.display expire 2 lines
12-29 04:32:16.138   734   761 I chatty  : uid=1000(system) android.bg expire 1 line
12-29 04:32:16.273   734   892 I chatty  : uid=1000(system) ConnectivitySer expire 262 lines
12-29 04:32:16.328   734   773 I chatty  : uid=1000(system) PowerManagerSer expire 1 line
12-29 04:32:17.119   734   863 I chatty  : uid=1000(system) AlarmManager expire 4 lines
12-29 04:32:17.127   734   734 I chatty  : uid=1000 system_server expire 1 line
12-29 04:32:17.158   734   763 I chatty  : uid=1000(system) ActivityManager expire 1 line
12-29 04:32:17.412   734  1044 I chatty  : uid=1000(system) Binder:734_5 expire 4 lines
12-29 04:32:18.445   734  5673 I chatty  : uid=1000(system) Binder:734_14 expire 4 lines
12-29 04:32:18.559   734   762 I chatty  : uid=1000(system) ActivityManager expire 1 line
12-29 04:32:19.105   734  1067 I chatty  : uid=1000(system) Binder:734_7 expire 6 lines
12-29 04:32:19.360   734   892 I chatty  : uid=1000(system) ConnectivitySer expire 203 lines
12-29 04:32:19.544   734   734 I chatty  : uid=1000 system_server expire 9 lines
12-29 04:32:19.585   734  5673 I chatty  : uid=1000(system) Binder:734_14 expire 3 lines
12-29 04:32:19.787   734   751 I chatty  : uid=1000(system) Binder:734_2 expire 7 lines
12-29 04:32:20.102   734  6939 I chatty  : uid=1000(system) Binder:734_1A expire 9 lines
12-29 04:32:20.674   734   755 I chatty  : uid=1000(system) android.display expire 3 lines
12-29 04:32:20.761   734   762 I chatty  : uid=1000(system) ActivityManager expire 2 lines
12-29 04:32:21.120   734  6940 I chatty  : uid=1000(system) Binder:734_1B expire 6 lines
12-29 04:32:22.999   734   763 I chatty  : uid=1000(system) ActivityManager expire 1 line
12-29 04:32:34.917   734   899 I chatty  : uid=1000(system) DeviceStorageMo expire 1 line
12-29 04:32:36.092   734   863 I chatty  : uid=1000(system) AlarmManager expire 22 lines
12-29 04:33:20.163   734   892 I chatty  : uid=1000(system) ConnectivitySer expire 227 lines
12-29 04:33:20.207   734   751 I chatty  : uid=1000(system) Binder:734_2 expire 4 lines
12-29 04:33:25.211   734   734 I chatty  : uid=1000 system_server expire 2 lines
12-29 04:33:25.246   734   763 I chatty  : uid=1000(system) ActivityManager expire 1 line
12-29 04:33:34.944   734   899 I chatty  : uid=1000(system) DeviceStorageMo expire 3 lines
12-29 04:34:15.859   734  1044 I chatty  : uid=1000(system) Binder:734_5 expire 3 lines
12-29 04:35:00.570   734  2390 I chatty  : uid=1000(system) Binder:734_B expire 1 line
12-29 04:35:53.666   734   892 I chatty  : uid=1000(system) ConnectivitySer expire 243 lines
12-29 04:36:00.000   734   863 I chatty  : uid=1000(system) AlarmManager expire 8 lines
12-29 04:36:07.658   734  1044 I chatty  : uid=1000(system) Binder:734_5 expire 1 line
12-29 04:36:35.244   734   899 I chatty  : uid=1000(system) DeviceStorageMo expire 2 lines
12-29 04:36:44.669   734   761 I chatty  : uid=1000(system) android.bg expire 1 line
12-29 04:37:39.325   734   892 I chatty  : uid=1000(system) ConnectivitySer expire 69 lines
12-29 04:38:00.000   734   863 I chatty  : uid=1000(system) AlarmManager expire 11 lines
12-29 04:38:35.384   734   899 I chatty  : uid=1000(system) DeviceStorageMo expire 2 lines
12-29 04:39:29.515   734   734 I chatty  : uid=1000 system_server expire 3 lines
12-29 04:39:29.575   734   763 I chatty  : uid=1000(system) ActivityManager expire 1 line
12-29 04:39:30.555  4745  4745 W ActivityThread: Main thread can not be idle for a long time.
12-29 04:39:31.432   734   751 I chatty  : uid=1000(system) Binder:734_2 expire 1 line
12-29 04:39:31.433   734   892 I chatty  : uid=1000(system) ConnectivitySer expire 142 lines
12-29 04:39:31.437   734  1067 I chatty  : uid=1000(system) Binder:734_7 expire 2 lines
12-29 04:39:35.946   734   863 I chatty  : uid=1000(system) AlarmManager expire 2 lines
12-29 04:39:35.988   734  2390 I chatty  : uid=1000(system) Binder:734_B expire 2 lines
12-29 04:39:49.080   734   753 I chatty  : uid=1000(system) android.ui expire 1 line
12-29 04:39:49.115   734   755 I chatty  : uid=1000(system) android.display expire 3 lines
12-29 04:39:49.177   734   925 I chatty  : uid=1000(system) Thread-4 expire 6 lines
12-29 04:39:49.214   734  6939 I chatty  : uid=1000(system) Binder:734_1A expire 2 lines
12-29 04:39:49.446   734  5553 I chatty  : uid=1000(system) Binder:734_10 expire 2 lines
12-29 04:39:49.446   734   870 I chatty  : uid=1000(system) performance expire 1 line
12-29 04:39:49.478   734  1044 I chatty  : uid=1000(system) Binder:734_5 expire 2 lines
12-29 04:39:49.508   734  5781 I chatty  : uid=1000(system) Binder:734_15 expire 1 line
12-29 04:39:49.625   734  6945 I chatty  : uid=1000(system) Binder:734_20 expire 1 line
12-29 04:39:49.630   734  4418 I chatty  : uid=1000(system) Binder:734_E expire 12 lines
12-29 04:39:49.647   734   925 I chatty  : uid=1000(system) Thread-4 expire 8 lines
12-29 04:39:49.901   734   755 I chatty  : uid=1000(system) android.display expire 2 lines
12-29 04:39:49.924   734  1044 I chatty  : uid=1000(system) Binder:734_5 expire 12 lines
12-29 04:39:49.938   734  6938 I chatty  : uid=1000(system) Binder:734_19 expire 2 lines
12-29 04:39:49.969   734  1172 I chatty  : uid=1000(system) Binder:734_9 expire 10 lines
12-29 04:39:49.983   734   753 I chatty  : uid=1000(system) android.ui expire 1 line
12-29 04:39:49.990   734   734 I chatty  : uid=1000 system_server expire 5 lines
12-29 04:39:50.236   734   892 I chatty  : uid=1000(system) ConnectivitySer expire 140 lines
12-29 04:39:50.271   734   870 I chatty  : uid=1000(system) performance expire 1 line
12-29 04:39:51.480   734   756 I chatty  : uid=1000(system) android.anim expire 1 line
12-29 04:39:51.525   734   762 I chatty  : uid=1000(system) ActivityManager expire 4 lines
12-29 04:39:51.527   734   754 I chatty  : uid=1000(system) android.io expire 1 line
12-29 04:39:51.562   734   769 I chatty  : uid=1000(system) batterystats-wo expire 2 lines
12-29 04:39:51.565   972   972 I PowerUI : [battery]Temperature = 262, health = 2, highTempShutDown = 600, lowTempShutDown = -100, highTempTips = 550, highTempTips = 550, lowTempTips = 0, openTempWarning = true, mPlugType = 2
12-29 04:39:51.568   972   972 D PowerUI : buckets   .....20 .. 15 .. 5
12-29 04:39:51.569   972   972 D PowerUI : level          100 --> 100
12-29 04:39:51.569   972   972 D PowerUI : status         3 --> 2
12-29 04:39:51.569   972   972 D PowerUI : plugType       0 --> 2
12-29 04:39:51.569   972   972 D PowerUI : invalidCharger 0 --> 0
12-29 04:39:51.569   972   972 D PowerUI : bucket         1 --> 1
12-29 04:39:51.569   972   972 D PowerUI : plugged        false --> true
12-29 04:39:51.569   972   972 D PowerUI : health         2 --> 2
12-29 04:39:51.817   734   907 I chatty  : uid=1000(system) UEventObserver expire 9 lines
12-29 04:39:52.036   734   752 I chatty  : uid=1000(system) android.fg expire 17 lines
12-29 04:39:52.236   734   763 I chatty  : uid=1000(system) ActivityManager expire 3 lines
12-29 04:39:52.374   734  5833 I chatty  : uid=1000(system) Binder:734_16 expire 2 lines
12-29 04:39:52.375   734  6940 I chatty  : uid=1000(system) Binder:734_1B expire 3 lines
12-29 04:39:52.651   734  5625 I chatty  : uid=1000(system) Binder:734_11 expire 9 lines
12-29 04:39:55.982   734   848 I chatty  : uid=1000(system) Binder:734_4 expire 3 lines
12-29 04:40:00.000   734   863 I chatty  : uid=1000(system) AlarmManager expire 6 lines
12-29 04:40:03.028   734 29129 I chatty  : uid=1000(system) AdbDebuggingMan expire 3 lines
12-29 04:40:30.865   734   892 I chatty  : uid=1000(system) ConnectivitySer expire 249 lines
12-29 04:40:30.873   734   763 I chatty  : uid=1000(system) ActivityManager expire 1 line
12-29 04:40:31.083   734  4418 I chatty  : uid=1000(system) Binder:734_E expire 3 lines
12-29 04:40:32.330   734   762 I chatty  : uid=1000(system) ActivityManager expire 1 line
12-29 04:40:32.409   734  4419 I chatty  : uid=1000(system) Binder:734_F expire 1 line
12-29 04:40:32.413   734   892 I chatty  : uid=1000(system) ConnectivitySer expire 238 lines
12-29 04:40:32.793   734   734 I chatty  : uid=1000 system_server expire 1 line
12-29 04:40:32.856   734  5625 I chatty  : uid=1000(system) Binder:734_11 expire 6 lines
12-29 04:40:33.673   734   763 I chatty  : uid=1000(system) ActivityManager expire 3 lines
12-29 04:40:35.634   734   899 I chatty  : uid=1000(system) DeviceStorageMo expire 1 line
12-29 04:40:36.337   734  4418 I chatty  : uid=1000(system) Binder:734_E expire 2 lines
12-29 04:40:36.686   734   925 I chatty  : uid=1000(system) Thread-4 expire 2 lines
12-29 04:40:36.888   734  5833 I chatty  : uid=1000(system) Binder:734_16 expire 1 line
12-29 04:40:37.571   734  3640 I chatty  : uid=1000(system) Binder:734_C expire 2 lines
12-29 04:40:37.573   734   892 I chatty  : uid=1000(system) ConnectivitySer expire 242 lines
12-29 04:40:39.247   734   763 I chatty  : uid=1000(system) ActivityManager expire 1 line
12-29 04:40:39.371   734   925 I chatty  : uid=1000(system) Thread-4 expire 2 lines
12-29 04:40:39.467   734  5553 I chatty  : uid=1000(system) Binder:734_10 expire 1 line
12-29 04:40:39.467   734  1061 I chatty  : uid=1000(system) Binder:734_6 expire 1 line
12-29 04:40:39.467   734   848 I chatty  : uid=1000(system) Binder:734_4 expire 1 line
12-29 04:40:39.468   734  6945 I chatty  : uid=1000(system) Binder:734_20 expire 1 line
12-29 04:40:39.469   734  4057 I chatty  : uid=1000(system) Binder:734_D expire 3 lines
12-29 04:40:39.470   734  5639 I chatty  : uid=1000(system) Binder:734_13 expire 1 line
12-29 04:40:39.746   734  6937 I chatty  : uid=1000(system) Binder:734_18 expire 1 line
12-29 04:40:39.804   734   892 I chatty  : uid=1000(system) ConnectivitySer expire 136 lines
12-29 04:40:39.806   734  4057 I chatty  : uid=1000(system) Binder:734_D expire 3 lines
12-29 04:40:51.575   972   972 I PowerUI : [battery]Temperature = 262, health = 2, highTempShutDown = 600, lowTempShutDown = -100, highTempTips = 550, highTempTips = 550, lowTempTips = 0, openTempWarning = true, mPlugType = 2
12-29 04:40:51.575   972   972 D PowerUI : buckets   .....20 .. 15 .. 5
12-29 04:40:51.575   972   972 D PowerUI : level          100 --> 100
12-29 04:40:51.575   972   972 D PowerUI : status         2 --> 2
12-29 04:40:51.575   972   972 D PowerUI : plugType       2 --> 2
12-29 04:40:51.575   972   972 D PowerUI : invalidCharger 0 --> 0
12-29 04:40:51.575   972   972 D PowerUI : bucket         1 --> 1
12-29 04:40:51.575   972   972 D PowerUI : plugged        true --> true
12-29 04:40:51.575   972   972 D PowerUI : health         2 --> 2
12-29 04:41:00.000   734   863 I chatty  : uid=1000(system) AlarmManager expire 4 lines
12-29 04:41:02.264   734 29129 I chatty  : uid=1000(system) AdbDebuggingMan expire 2 lines
12-29 04:41:02.266   734   752 I chatty  : uid=1000(system) android.fg expire 3 lines
12-29 04:41:08.550   734   776 I chatty  : uid=1000(system) PackageManager expire 70 lines
12-29 04:41:08.979  5180  5219 W SystemConfig: No directory /product_services/etc/sysconfig, skipping
12-29 04:41:08.979  5180  5219 W SystemConfig: No directory /product_services/etc/permissions, skipping
12-29 04:41:10.249   734   763 I chatty  : uid=1000(system) ActivityManager expire 1 line
12-29 04:41:14.432   734   925 I chatty  : uid=1000(system) Thread-4 expire 11 lines
12-29 04:41:14.466   734  5639 I chatty  : uid=1000(system) Binder:734_13 expire 4 lines
12-29 04:41:14.904   734   755 I chatty  : uid=1000(system) android.display expire 2 lines
12-29 04:41:15.686   734   753 I chatty  : uid=1000(system) android.ui expire 1 line
12-29 04:41:15.707   734   848 I chatty  : uid=1000(system) Binder:734_4 expire 1 line
12-29 04:41:15.707   734  6942 I chatty  : uid=1000(system) Binder:734_1D expire 1 line
12-29 04:41:15.709   734   892 I chatty  : uid=1000(system) ConnectivitySer expire 5 lines
12-29 04:41:15.792   734  1044 I chatty  : uid=1000(system) Binder:734_5 expire 3 lines
12-29 04:41:19.343   734  6944 I chatty  : uid=1000(system) Binder:734_1F expire 1 line
12-29 04:41:19.387   734   762 I chatty  : uid=1000(system) ActivityManager expire 11 lines
12-29 04:41:19.560   734   763 I chatty  : uid=1000(system) ActivityManager expire 8 lines
12-29 04:41:19.575   734  1044 I chatty  : uid=1000(system) Binder:734_5 expire 9 lines
12-29 04:41:19.586   734  5639 I chatty  : uid=1000(system) Binder:734_13 expire 3 lines
12-29 04:41:19.745   734   752 I chatty  : uid=1000(system) android.fg expire 13 lines
12-29 04:41:20.612   734   925 I chatty  : uid=1000(system) Thread-4 expire 20 lines
12-29 04:41:20.716   734  6936 I chatty  : uid=1000(system) Binder:734_17 expire 4 lines
12-29 04:41:20.716   734   892 I chatty  : uid=1000(system) ConnectivitySer expire 70 lines
12-29 04:41:20.716   734  6945 I chatty  : uid=1000(system) Binder:734_20 expire 9 lines
12-29 04:41:20.865  5463  5520 W SystemConfig: No directory /product_services/etc/sysconfig, skipping
12-29 04:41:20.866  5463  5520 W SystemConfig: No directory /product_services/etc/permissions, skipping
12-29 04:41:21.434   734   734 I chatty  : uid=1000 system_server expire 13 lines
12-29 04:41:21.450   734   862 I chatty  : uid=1000(system) PowerGuruServic expire 2 lines
12-29 04:41:21.452   734   916 I chatty  : uid=1000(system) SmartSS.bg expire 1 line
12-29 04:41:21.850   734   761 I chatty  : uid=1000(system) android.bg expire 3 lines
12-29 04:41:35.737   734   899 I chatty  : uid=1000(system) DeviceStorageMo expire 3 lines
12-29 04:41:51.551   972   972 I PowerUI : [battery]Temperature = 262, health = 2, highTempShutDown = 600, lowTempShutDown = -100, highTempTips = 550, highTempTips = 550, lowTempTips = 0, openTempWarning = true, mPlugType = 2
12-29 04:41:51.551   972   972 D PowerUI : buckets   .....20 .. 15 .. 5
12-29 04:41:51.551   972   972 D PowerUI : level          100 --> 100
12-29 04:41:51.551   972   972 D PowerUI : status         2 --> 2
12-29 04:41:51.552   972   972 D PowerUI : plugType       2 --> 2
12-29 04:41:51.552   972   972 D PowerUI : invalidCharger 0 --> 0
12-29 04:41:51.552   972   972 D PowerUI : bucket         1 --> 1
12-29 04:41:51.552   972   972 D PowerUI : plugged        true --> true
12-29 04:41:51.552   972   972 D PowerUI : health         2 --> 2
12-29 04:42:00.000   734   863 I chatty  : uid=1000(system) AlarmManager expire 10 lines
12-29 04:42:37.301   734  6940 I chatty  : uid=1000(system) Binder:734_1B expire 19 lines
12-29 04:42:43.742   734   847 I chatty  : uid=1000(system) Binder:734_3 expire 3 lines
12-29 04:42:45.315   734  6941 I chatty  : uid=1000(system) Binder:734_1C expire 1 line
12-29 04:42:45.318   734  1067 I chatty  : uid=1000(system) Binder:734_7 expire 1 line
12-29 04:42:45.318   734  1061 I chatty  : uid=1000(system) Binder:734_6 expire 5 lines
12-29 04:42:51.533   972   972 I PowerUI : [battery]Temperature = 262, health = 2, highTempShutDown = 600, lowTempShutDown = -100, highTempTips = 550, highTempTips = 550, lowTempTips = 0, openTempWarning = true, mPlugType = 2
12-29 04:42:51.533   972   972 D PowerUI : buckets   .....20 .. 15 .. 5
12-29 04:42:51.533   972   972 D PowerUI : level          100 --> 100
12-29 04:42:51.533   972   972 D PowerUI : status         2 --> 2
12-29 04:42:51.533   972   972 D PowerUI : plugType       2 --> 2
12-29 04:42:51.533   972   972 D PowerUI : invalidCharger 0 --> 0
12-29 04:42:51.533   972   972 D PowerUI : bucket         1 --> 1
12-29 04:42:51.533   972   972 D PowerUI : plugged        true --> true
12-29 04:42:51.533   972   972 D PowerUI : health         2 --> 2
12-29 04:43:01.131   734  1898 I chatty  : uid=1000(system) Binder:734_A expire 2 lines
12-29 04:43:48.207   734   907 I chatty  : uid=1000(system) UEventObserver expire 1 line
12-29 04:43:48.207   734 29129 I chatty  : uid=1000(system) AdbDebuggingMan expire 3 lines
12-29 04:43:48.237   734   769 I chatty  : uid=1000(system) batterystats-wo expire 3 lines
12-29 04:43:48.246   972   972 I PowerUI : [battery]Temperature = 261, health = 2, highTempShutDown = 600, lowTempShutDown = -100, highTempTips = 550, highTempTips = 550, lowTempTips = 0, openTempWarning = true, mPlugType = 0
12-29 04:43:48.246   972   972 D PowerUI : buckets   .....20 .. 15 .. 5
12-29 04:43:48.246   972   972 D PowerUI : level          100 --> 100
12-29 04:43:48.246   972   972 D PowerUI : status         2 --> 3
12-29 04:43:48.246   972   972 D PowerUI : plugType       2 --> 0
12-29 04:43:48.246   972   972 D PowerUI : invalidCharger 0 --> 0
12-29 04:43:48.246   972   972 D PowerUI : bucket         1 --> 1
12-29 04:43:48.246   972   972 D PowerUI : plugged        true --> false
12-29 04:43:48.246   972   972 D PowerUI : health         2 --> 2
12-29 04:43:50.795   734   755 I chatty  : uid=1000(system) android.display expire 4 lines
12-29 04:43:51.231   734  4057 I chatty  : uid=1000(system) Binder:734_D expire 11 lines
12-29 04:43:51.231   734   870 I chatty  : uid=1000(system) performance expire 2 lines
12-29 04:43:51.579   734   892 I chatty  : uid=1000(system) ConnectivitySer expire 5 lines
12-29 04:43:51.582   734   750 I chatty  : uid=1000(system) Binder:734_1 expire 1 line
12-29 04:43:51.660   734   867 I chatty  : uid=1000(system) InputReader expire 1 line
12-29 04:43:52.301   734   756 I chatty  : uid=1000(system) android.anim expire 2 lines
12-29 04:43:52.345   734  6944 I chatty  : uid=1000(system) Binder:734_1F expire 4 lines
12-29 04:43:52.422   734   753 I chatty  : uid=1000(system) android.ui expire 6 lines
12-29 04:44:00.000   734   863 I chatty  : uid=1000(system) AlarmManager expire 4 lines
12-29 04:44:31.264   734  5625 I chatty  : uid=1000(system) Binder:734_11 expire 2 lines
12-29 04:44:32.167   734  5833 I chatty  : uid=1000(system) Binder:734_16 expire 1 line
12-29 04:44:32.829   734  5673 I chatty  : uid=1000(system) Binder:734_14 expire 2 lines
12-29 04:44:32.917   734   925 I chatty  : uid=1000(system) Thread-4 expire 7 lines
12-29 04:44:33.050   734   755 I chatty  : uid=1000(system) android.display expire 2 lines
12-29 04:44:33.054   734   753 I chatty  : uid=1000(system) android.ui expire 1 line
12-29 04:44:33.367   734   892 I chatty  : uid=1000(system) ConnectivitySer expire 216 lines
12-29 04:44:33.608   734  6943 I chatty  : uid=1000(system) Binder:734_1E expire 3 lines
12-29 04:44:33.611   734   752 I chatty  : uid=1000(system) android.fg expire 4 lines
12-29 04:44:33.820   734   763 I chatty  : uid=1000(system) ActivityManager expire 4 lines
12-29 04:44:34.194   734  6945 I chatty  : uid=1000(system) Binder:734_20 expire 6 lines
12-29 04:44:34.390   734   734 I chatty  : uid=1000 system_server expire 5 lines
12-29 04:44:34.676  5876  5906 W SystemConfig: No directory /product_services/etc/sysconfig, skipping
12-29 04:44:34.677  5876  5906 W SystemConfig: No directory /product_services/etc/permissions, skipping
12-29 04:44:35.980   734   899 I chatty  : uid=1000(system) DeviceStorageMo expire 1 line
12-29 04:44:36.279   734   761 I chatty  : uid=1000(system) android.bg expire 2 lines
12-29 04:44:36.859   734  4057 I chatty  : uid=1000(system) Binder:734_D expire 1 line
12-29 04:44:38.323   734   848 I chatty  : uid=1000(system) Binder:734_4 expire 4 lines
12-29 04:44:39.157   734   892 I chatty  : uid=1000(system) ConnectivitySer expire 252 lines
12-29 04:44:39.602   734  4057 I chatty  : uid=1000(system) Binder:734_D expire 4 lines
12-29 04:44:40.530   734   892 I chatty  : uid=1000(system) ConnectivitySer expire 239 lines
12-29 04:44:40.534   734   848 I chatty  : uid=1000(system) Binder:734_4 expire 5 lines
12-29 04:44:40.734   734   863 I chatty  : uid=1000(system) AlarmManager expire 2 lines
12-29 04:44:40.890   734  6938 I chatty  : uid=1000(system) Binder:734_19 expire 3 lines
12-29 04:44:42.173   734  5673 I chatty  : uid=1000(system) Binder:734_14 expire 2 lines
12-29 04:44:44.312   734   763 I chatty  : uid=1000(system) ActivityManager expire 1 line
12-29 04:44:44.538  6141  6141 W ContextImpl: Calling a method in the system process without a qualified user: android.app.ContextImpl.startService:1570 android.content.ContextWrapper.startService:669 com.android.cellbroadcastreceiver.CellBroadcastReceiver.startConfigService:231 com.android.cellbroadcastreceiver.CellBroadcastReceiver.onReceiveWithPrivilege:107 com.android.cellbroadcastreceiver.CellBroadcastReceiver.onReceive:82 
12-29 04:44:49.745   734  6945 I chatty  : uid=1000(system) Binder:734_20 expire 3 lines
12-29 04:44:49.747   734   892 I chatty  : uid=1000(system) ConnectivitySer expire 119 lines
12-29 04:44:55.925   734   867 I chatty  : uid=1000(system) InputReader expire 1 line
12-29 04:44:56.066   734   753 I chatty  : uid=1000(system) android.ui expire 6 lines
12-29 04:44:56.250   734  6938 I chatty  : uid=1000(system) Binder:734_19 expire 3 lines
12-29 04:45:00.000   734   863 I chatty  : uid=1000(system) AlarmManager expire 6 lines
12-29 04:45:13.407   734   762 I chatty  : uid=1000(system) ActivityManager expire 4 lines
12-29 04:45:13.409   734   754 I chatty  : uid=1000(system) android.io expire 1 line
12-29 04:45:13.422   972   972 I PowerUI : [battery]Temperature = 262, health = 2, highTempShutDown = 600, lowTempShutDown = -100, highTempTips = 550, highTempTips = 550, lowTempTips = 0, openTempWarning = true, mPlugType = 2
12-29 04:45:13.422   972   972 D PowerUI : buckets   .....20 .. 15 .. 5
12-29 04:45:13.422   972   972 D PowerUI : level          100 --> 100
12-29 04:45:13.422   972   972 D PowerUI : status         3 --> 2
12-29 04:45:13.422   972   972 D PowerUI : plugType       0 --> 2
12-29 04:45:13.422   972   972 D PowerUI : invalidCharger 0 --> 0
12-29 04:45:13.422   972   972 D PowerUI : bucket         1 --> 1
12-29 04:45:13.422   972   972 D PowerUI : plugged        false --> true
12-29 04:45:13.422   972   972 D PowerUI : health         2 --> 2
12-29 04:45:13.426   734   769 I chatty  : uid=1000(system) batterystats-wo expire 2 lines
12-29 04:45:13.463   734  4057 I chatty  : uid=1000(system) Binder:734_D expire 2 lines
12-29 04:45:13.472   734  6943 I chatty  : uid=1000(system) Binder:734_1E expire 3 lines
12-29 04:45:13.473   734   734 I chatty  : uid=1000 system_server expire 1 line
12-29 04:45:13.704   734   907 I chatty  : uid=1000(system) UEventObserver expire 4 lines
12-29 04:45:13.719   734   752 I chatty  : uid=1000(system) android.fg expire 4 lines
12-29 04:45:15.936   734   892 I chatty  : uid=1000(system) ConnectivitySer expire 186 lines
12-29 04:45:19.441   734  4057 I chatty  : uid=1000(system) Binder:734_D expire 5 lines
12-29 04:45:19.514   734   763 I chatty  : uid=1000(system) ActivityManager expire 3 lines
12-29 04:45:20.296   734   848 I chatty  : uid=1000(system) Binder:734_4 expire 1 line
12-29 04:45:20.575   734  5673 I chatty  : uid=1000(system) Binder:734_14 expire 2 lines
12-29 04:45:21.846   734  6945 I chatty  : uid=1000(system) Binder:734_20 expire 5 lines
12-29 04:45:21.846   734   752 I chatty  : uid=1000(system) android.fg expire 14 lines
12-29 04:45:21.864   734   907 I chatty  : uid=1000(system) UEventObserver expire 5 lines
12-29 04:45:21.945   734 29129 I chatty  : uid=1000(system) AdbDebuggingMan expire 3 lines
12-29 04:45:36.026   734   899 I chatty  : uid=1000(system) DeviceStorageMo expire 4 lines
12-29 04:46:00.000   734   863 I chatty  : uid=1000(system) AlarmManager expire 14 lines
12-29 04:46:13.416   972   972 I PowerUI : [battery]Temperature = 262, health = 2, highTempShutDown = 600, lowTempShutDown = -100, highTempTips = 550, highTempTips = 550, lowTempTips = 0, openTempWarning = true, mPlugType = 2
12-29 04:46:13.416   972   972 D PowerUI : buckets   .....20 .. 15 .. 5
12-29 04:46:13.416   972   972 D PowerUI : level          100 --> 100
12-29 04:46:13.416   972   972 D PowerUI : status         2 --> 2
12-29 04:46:13.416   972   972 D PowerUI : plugType       2 --> 2
12-29 04:46:13.416   972   972 D PowerUI : invalidCharger 0 --> 0
12-29 04:46:13.416   972   972 D PowerUI : bucket         1 --> 1
12-29 04:46:13.416   972   972 D PowerUI : plugged        true --> true
12-29 04:46:13.416   972   972 D PowerUI : health         2 --> 2
12-29 04:47:13.413   972   972 I PowerUI : [battery]Temperature = 261, health = 2, highTempShutDown = 600, lowTempShutDown = -100, highTempTips = 550, highTempTips = 550, lowTempTips = 0, openTempWarning = true, mPlugType = 2
12-29 04:47:13.413   972   972 D PowerUI : buckets   .....20 .. 15 .. 5
12-29 04:47:13.413   972   972 D PowerUI : level          100 --> 100
12-29 04:47:13.413   972   972 D PowerUI : status         2 --> 2
12-29 04:47:13.413   972   972 D PowerUI : plugType       2 --> 2
12-29 04:47:13.413   972   972 D PowerUI : invalidCharger 0 --> 0
12-29 04:47:13.413   972   972 D PowerUI : bucket         1 --> 1
12-29 04:47:13.413   972   972 D PowerUI : plugged        true --> true
12-29 04:47:13.413   972   972 D PowerUI : health         2 --> 2
12-29 04:47:41.336   734   769 I chatty  : uid=1000(system) batterystats-wo expire 3 lines
12-29 04:48:13.413   972   972 I PowerUI : [battery]Temperature = 261, health = 2, highTempShutDown = 600, lowTempShutDown = -100, highTempTips = 550, highTempTips = 550, lowTempTips = 0, openTempWarning = true, mPlugType = 2
12-29 04:48:13.413   972   972 D PowerUI : buckets   .....20 .. 15 .. 5
12-29 04:48:13.413   972   972 D PowerUI : level          100 --> 100
12-29 04:48:13.413   972   972 D PowerUI : status         2 --> 2
12-29 04:48:13.413   972   972 D PowerUI : plugType       2 --> 2
12-29 04:48:13.413   972   972 D PowerUI : invalidCharger 0 --> 0
12-29 04:48:13.413   972   972 D PowerUI : bucket         1 --> 1
12-29 04:48:13.413   972   972 D PowerUI : plugged        true --> true
12-29 04:48:13.413   972   972 D PowerUI : health         2 --> 2
12-29 04:49:00.000   734   863 I chatty  : uid=1000(system) AlarmManager expire 8 lines
12-29 04:49:13.413   972   972 I PowerUI : [battery]Temperature = 261, health = 2, highTempShutDown = 600, lowTempShutDown = -100, highTempTips = 550, highTempTips = 550, lowTempTips = 0, openTempWarning = true, mPlugType = 2
12-29 04:49:13.413   972   972 D PowerUI : buckets   .....20 .. 15 .. 5
12-29 04:49:13.413   972   972 D PowerUI : level          100 --> 100
12-29 04:49:13.413   972   972 D PowerUI : status         2 --> 2
12-29 04:49:13.413   972   972 D PowerUI : plugType       2 --> 2
12-29 04:49:13.413   972   972 D PowerUI : invalidCharger 0 --> 0
12-29 04:49:13.413   972   972 D PowerUI : bucket         1 --> 1
12-29 04:49:13.413   972   972 D PowerUI : plugged        true --> true
12-29 04:49:13.413   972   972 D PowerUI : health         2 --> 2
12-29 04:49:29.638   734   734 I chatty  : uid=1000 system_server expire 2 lines
12-29 04:49:31.359   734   762 I chatty  : uid=1000(system) ActivityManager expire 1 line
12-29 04:49:31.515   734   892 I chatty  : uid=1000(system) ConnectivitySer expire 347 lines
12-29 04:49:31.684   734  5781 I chatty  : uid=1000(system) Binder:734_15 expire 3 lines
12-29 04:49:31.905   734  6938 I chatty  : uid=1000(system) Binder:734_19 expire 1 line
12-29 04:49:31.959   734   892 I chatty  : uid=1000(system) ConnectivitySer expire 243 lines
12-29 04:49:32.492   734  5781 I chatty  : uid=1000(system) Binder:734_15 expire 1 line
12-29 04:49:32.775   734  6943 I chatty  : uid=1000(system) Binder:734_1E expire 3 lines
12-29 04:49:33.133   734   734 I chatty  : uid=1000 system_server expire 1 line
12-29 04:49:33.157   734   925 I chatty  : uid=1000(system) Thread-4 expire 2 lines
12-29 04:49:33.533   734  6945 I chatty  : uid=1000(system) Binder:734_20 expire 2 lines
12-29 04:49:33.557   734   762 I chatty  : uid=1000(system) ActivityManager expire 4 lines
12-29 04:49:34.330   734   892 I chatty  : uid=1000(system) ConnectivitySer expire 213 lines
12-29 04:49:36.032   734   763 I chatty  : uid=1000(system) ActivityManager expire 1 line
12-29 04:49:36.074   734   925 I chatty  : uid=1000(system) Thread-4 expire 4 lines
12-29 04:49:36.138   734  4057 I chatty  : uid=1000(system) Binder:734_D expire 2 lines
12-29 04:49:36.139   734  6944 I chatty  : uid=1000(system) Binder:734_1F expire 4 lines
12-29 04:49:36.143   734  6945 I chatty  : uid=1000(system) Binder:734_20 expire 1 line
12-29 04:49:36.143   734   751 I chatty  : uid=1000(system) Binder:734_2 expire 5 lines
12-29 04:49:36.278   734   899 I chatty  : uid=1000(system) DeviceStorageMo expire 1 line
12-29 04:49:37.244   734   734 I chatty  : uid=1000 system_server expire 1 line
12-29 04:49:38.242 16951  6621 D TextClassifierService: No configured system TextClassifierService
--------- beginning of crash
12-29 04:49:41.052   483  6622 F DEBUG   : *** *** *** *** *** *** *** *** *** *** *** *** *** *** *** ***
12-29 04:49:41.052   483  6622 F DEBUG   : Native Crash TIME: 214322889
12-29 04:49:41.052   483  6622 F DEBUG   : *** *** *** *** *** *** *** *** *** *** *** *** *** *** *** ***
12-29 04:49:41.052   483  6622 F DEBUG   : Build fingerprint: 'BLU/A5L/A0050LL:10/QP1A.190711.020/12210:user/release-keys'
12-29 04:49:41.052   483  6622 F DEBUG   : Revision: '0'
12-29 04:49:41.052   483  6622 F DEBUG   : ABI: 'arm'
12-29 04:49:41.067   483  6622 F DEBUG   : Timestamp: 2025-12-29 04:49:41-0400
12-29 04:49:41.067   483  6622 F DEBUG   : pid: 483, tid: 6622, name: mediaswcodec  >>> media.swcodec <<<
12-29 04:49:41.067   483  6622 F DEBUG   : uid: 1046
12-29 04:49:41.067   483  6622 F DEBUG   : signal 6 (SIGABRT), code -1 (SI_QUEUE), fault addr --------
12-29 04:49:41.068   483  6622 F DEBUG   : Abort message: 'ubsan: mul-overflow'
12-29 04:49:41.068   483  6622 F DEBUG   :     r0  00000000  r1  000019de  r2  00000006  r3  afccc8f8
12-29 04:49:41.068   483  6622 F DEBUG   :     r4  afccc90c  r5  afccc8f0  r6  000001e3  r7  0000016b
12-29 04:49:41.068   483  6622 F DEBUG   :     r8  afccc908  r9  afccc8f8  r10 afccc928  r11 afccc918
12-29 04:49:41.068   483  6622 F DEBUG   :     ip  000019de  sp  afccc8c8  lr  b3b21c33  pc  b3b21c46
12-29 04:49:41.132   483  6622 F DEBUG   : 
12-29 04:49:41.132   483  6622 F DEBUG   : backtrace:
12-29 04:49:41.132   483  6622 F DEBUG   :       #00 pc 0005ec46  /apex/com.android.runtime/lib/bionic/libc.so (abort+166) (BuildId: 00be8c4fc1e3ff439b7de04fef5dc81b)
12-29 04:49:41.132   483  6622 F DEBUG   :       #01 pc 001d3f34  /apex/com.android.media.swcodec/lib/libvpx.so (abort_with_message(char const*)+24) (BuildId: 0efdd7fc7cb32ee8ca9f4b0d1db4755e)
12-29 04:49:41.132   483  6622 F DEBUG   :       #02 pc 001d3f9c  /apex/com.android.media.swcodec/lib/libvpx.so (__ubsan_handle_mul_overflow_minimal_abort+24) (BuildId: 0efdd7fc7cb32ee8ca9f4b0d1db4755e)
12-29 04:49:41.132   483  6622 F DEBUG   :       #03 pc 0005ff50  /apex/com.android.media.swcodec/lib/libvpx.so (vp8_pick_frame_size+4296) (BuildId: 0efdd7fc7cb32ee8ca9f4b0d1db4755e)
12-29 04:49:41.132   483  6622 F DEBUG   :       #04 pc 00055654  /apex/com.android.media.swcodec/lib/libvpx.so (encode_frame_to_data_rate+2596) (BuildId: 0efdd7fc7cb32ee8ca9f4b0d1db4755e)
12-29 04:49:41.133   483  6622 F DEBUG   :       #05 pc 000545f4  /apex/com.android.media.swcodec/lib/libvpx.so (vp8_get_compressed_data+2716) (BuildId: 0efdd7fc7cb32ee8ca9f4b0d1db4755e)
12-29 04:49:41.133   483  6622 F DEBUG   :       #06 pc 0006b8b4  /apex/com.android.media.swcodec/lib/libvpx.so (vp8e_encode+1372) (BuildId: 0efdd7fc7cb32ee8ca9f4b0d1db4755e)
12-29 04:49:41.133   483  6622 F DEBUG   :       #07 pc 00141160  /apex/com.android.media.swcodec/lib/libvpx.so (vpx_codec_encode+152) (BuildId: 0efdd7fc7cb32ee8ca9f4b0d1db4755e)
12-29 04:49:41.133   483  6622 F DEBUG   :       #08 pc 0000daf7  /apex/com.android.media.swcodec/lib/libcodec2_soft_vp8enc.so (android::C2SoftVpxEnc::process(std::__1::unique_ptr<C2Work, std::__1::default_delete<C2Work>> const&, std::__1::shared_ptr<C2BlockPool> const&)+2566) (BuildId: 712fc119a0ad2f27d7c54989d8e5f526)
12-29 04:49:41.133   483  6622 F DEBUG   :       #09 pc 00006adf  /apex/com.android.media.swcodec/lib/libcodec2_soft_common.so (android::SimpleC2Component::processQueue()+1922) (BuildId: bb34df4e6d545a47959100cf6c971fb8)
12-29 04:49:41.133   483  6622 F DEBUG   :       #10 pc 000061ef  /apex/com.android.media.swcodec/lib/libcodec2_soft_common.so (android::SimpleC2Component::WorkHandler::onMessageReceived(android::sp<android::AMessage> const&)+78) (BuildId: bb34df4e6d545a47959100cf6c971fb8)
12-29 04:49:41.133   483  6622 F DEBUG   :       #11 pc 0000ff79  /apex/com.android.media.swcodec/lib/libstagefright_foundation.so (android::AHandler::deliverMessage(android::sp<android::AMessage> const&)+24) (BuildId: 98edd303d4b5a8a56ad3e92a8936aac9)
