12-29 05:52:59.291   734   892 D ConnectivityService: Network NetworkAgentInfo [WIFI () - 432] was already satisfying request 13644. No change.
12-29 05:52:59.291   734   892 D ConnectivityService:   checking if request is satisfied: NetworkRequest [ BACKGROUND_REQUEST id=2, [ Transports: CELLULAR Capabilities: INTERNET&NOT_RESTRICTED&TRUSTED&NOT_VPN] ]
12-29 05:52:59.291   734   892 D ConnectivityService: Network NetworkAgentInfo [WIFI () - 432] was already satisfying request 13595. No change.
12-29 05:52:59.292   734   892 D ConnectivityService: Network NetworkAgentInfo [WIFI () - 432] was already satisfying request 13583. No change.
12-29 05:52:59.292   734   892 D ConnectivityService: Network NetworkAgentInfo [WIFI () - 432] was already satisfying request 13626. No change.
12-29 05:52:59.292   734   892 D ConnectivityService: Network NetworkAgentInfo [WIFI () - 432] was already satisfying request 13633. No change.
12-29 05:52:59.292   734   892 D ConnectivityService: Network NetworkAgentInfo [WIFI () - 432] was already satisfying request 13631. No change.
12-29 05:52:59.292   734   892 D ConnectivityService: Network NetworkAgentInfo [WIFI () - 432] was already satisfying request 13590. No change.
12-29 05:52:59.292   734   892 D ConnectivityService: Network NetworkAgentInfo [WIFI () - 432] was already satisfying request 7. No change.
12-29 05:52:59.293   734   892 D ConnectivityService: Network NetworkAgentInfo [WIFI () - 432] was already satisfying request 13636. No change.
12-29 05:52:59.293   734   892 D ConnectivityService: Network NetworkAgentInfo [WIFI () - 432] was already satisfying request 13584. No change.
12-29 05:52:59.293   734   892 D ConnectivityService: Network NetworkAgentInfo [WIFI () - 432] was already satisfying request 13632. No change.
12-29 05:52:59.293   734   892 D ConnectivityService: Network NetworkAgentInfo [WIFI () - 432] was already satisfying request 13629. No change.
12-29 05:52:59.294   734   892 D ConnectivityService: Network NetworkAgentInfo [WIFI () - 432] was already satisfying request 11. No change.
12-29 05:52:59.294   734   892 D ConnectivityService: Network NetworkAgentInfo [WIFI () - 432] was already satisfying request 14. No change.
12-29 05:52:59.294   734   892 D ConnectivityService: Network NetworkAgentInfo [WIFI () - 432] was already satisfying request 13635. No change.
12-29 05:52:59.294   734   892 D ConnectivityService: Network NetworkAgentInfo [WIFI () - 432] was already satisfying request 13593. No change.
12-29 05:52:59.306   734   892 D ConnectivityService: sending notification CALLBACK_AVAILABLE for NetworkRequest [ TRACK_DEFAULT id=13646, [ Capabilities: INTERNET&NOT_RESTRICTED&TRUSTED Uid: 10201] ]
12-29 05:52:59.312   734   892 D ConnectivityService: rematching NetworkAgentInfo [MOBILE (LTE) - 431]
12-29 05:52:59.312   734   892 D ConnectivityService:  network has: [ Transports: CELLULAR Capabilities: INTERNET&NOT_RESTRICTED&TRUSTED&NOT_VPN&VALIDATED&NOT_ROAMING&NOT_CONGESTED&NOT_SUSPENDED LinkUpBandwidth>=51200Kbps LinkDnBandwidth>=102400Kbps Specifier: <1>]
12-29 05:52:59.312   734   892 D ConnectivityService:   checking if request is satisfied: NetworkRequest [ TRACK_DEFAULT id=13628, [ Capabilities: INTERNET&NOT_RESTRICTED&TRUSTED Uid: 10133] ]
12-29 05:52:59.312   734   892 D ConnectivityService: currentScore = 60, newScore = 50
12-29 05:52:59.312   734   892 D ConnectivityService:   checking if request is satisfied: NetworkRequest [ TRACK_DEFAULT id=13646, [ Capabilities: INTERNET&NOT_RESTRICTED&TRUSTED Uid: 10201] ]
12-29 05:52:59.313   734   892 D ConnectivityService: currentScore = 60, newScore = 50
12-29 05:52:59.313   734   892 D ConnectivityService:   checking if request is satisfied: NetworkRequest [ REQUEST id=1, [ Capabilities: INTERNET&NOT_RESTRICTED&TRUSTED&NOT_VPN] ]
12-29 05:52:59.313   734   892 D ConnectivityService: currentScore = 60, newScore = 50
12-29 05:52:59.313   734   892 D ConnectivityService:   checking if request is satisfied: NetworkRequest [ TRACK_DEFAULT id=13643, [ Capabilities: INTERNET&NOT_RESTRICTED&TRUSTED Uid: 10201] ]
12-29 05:52:59.313   734   892 D ConnectivityService: currentScore = 60, newScore = 50
12-29 05:52:59.313   734   892 D ConnectivityService:   checking if request is satisfied: NetworkRequest [ TRACK_DEFAULT id=13644, [ Capabilities: INTERNET&NOT_RESTRICTED&TRUSTED Uid: 10137] ]
12-29 05:52:59.313   734   892 D ConnectivityService: currentScore = 60, newScore = 50
12-29 05:52:59.313   734   892 D ConnectivityService: Network NetworkAgentInfo [MOBILE (LTE) - 431] was already satisfying request 2. No change.
12-29 05:52:59.313   734   892 D ConnectivityService:   checking if request is satisfied: NetworkRequest [ TRACK_DEFAULT id=13595, [ Capabilities: INTERNET&NOT_RESTRICTED&TRUSTED Uid: 10097] ]
12-29 05:52:59.313   734   892 D ConnectivityService: currentScore = 60, newScore = 50
12-29 05:52:59.313   734   892 D ConnectivityService:   checking if request is satisfied: NetworkRequest [ TRACK_DEFAULT id=13583, [ Capabilities: INTERNET&NOT_RESTRICTED&TRUSTED Uid: 10089] ]
12-29 05:52:59.313   734   892 D ConnectivityService: currentScore = 60, newScore = 50
12-29 05:52:59.313   734   892 D ConnectivityService:   checking if request is satisfied: NetworkRequest [ TRACK_DEFAULT id=13626, [ Capabilities: INTERNET&NOT_RESTRICTED&TRUSTED Uid: 10108] ]
12-29 05:52:59.313   734   892 D ConnectivityService: currentScore = 60, newScore = 50
12-29 05:52:59.314   734   892 D ConnectivityService:   checking if request is satisfied: NetworkRequest [ TRACK_DEFAULT id=13633, [ Capabilities: INTERNET&NOT_RESTRICTED&TRUSTED Uid: 10139] ]
12-29 05:52:59.314   734   892 D ConnectivityService: currentScore = 60, newScore = 50
12-29 05:52:59.314   734   892 D ConnectivityService:   checking if request is satisfied: NetworkRequest [ TRACK_DEFAULT id=13631, [ Capabilities: INTERNET&NOT_RESTRICTED&TRUSTED Uid: 10133] ]
12-29 05:52:59.314   734   892 D ConnectivityService: currentScore = 60, newScore = 50
12-29 05:52:59.314   734   892 D ConnectivityService:   checking if request is satisfied: NetworkRequest [ TRACK_DEFAULT id=13590, [ Capabilities: INTERNET&NOT_RESTRICTED&TRUSTED Uid: 10131] ]
12-29 05:52:59.314   734   892 D ConnectivityService: currentScore = 60, newScore = 50
12-29 05:52:59.314   734   892 D ConnectivityService:   checking if request is satisfied: NetworkRequest [ REQUEST id=7, [ Capabilities: INTERNET&NOT_RESTRICTED&TRUSTED&NOT_VPN] ]
12-29 05:52:59.314   734   892 D ConnectivityService: currentScore = 60, newScore = 50
12-29 05:52:59.314   734   892 D ConnectivityService:   checking if request is satisfied: NetworkRequest [ TRACK_DEFAULT id=13636, [ Capabilities: INTERNET&NOT_RESTRICTED&TRUSTED Uid: 10139] ]
12-29 05:52:59.314   734   892 D ConnectivityService: currentScore = 60, newScore = 50
12-29 05:52:59.314   734   892 D ConnectivityService:   checking if request is satisfied: NetworkRequest [ TRACK_DEFAULT id=13584, [ Capabilities: INTERNET&NOT_RESTRICTED&TRUSTED Uid: 10089] ]
12-29 05:52:59.314   734   892 D ConnectivityService: currentScore = 60, newScore = 50
12-29 05:52:59.314   734   892 D ConnectivityService:   checking if request is satisfied: NetworkRequest [ TRACK_DEFAULT id=13632, [ Capabilities: INTERNET&NOT_RESTRICTED&TRUSTED Uid: 10139] ]
12-29 05:52:59.314   734   892 D ConnectivityService: currentScore = 60, newScore = 50
12-29 05:52:59.314   734   892 D ConnectivityService:   checking if request is satisfied: NetworkRequest [ TRACK_DEFAULT id=13629, [ Capabilities: INTERNET&NOT_RESTRICTED&TRUSTED Uid: 10133] ]
12-29 05:52:59.314   734   892 D ConnectivityService: currentScore = 60, newScore = 50
12-29 05:52:59.314   734   892 D ConnectivityService:   checking if request is satisfied: NetworkRequest [ TRACK_DEFAULT id=11, [ Capabilities: INTERNET&NOT_RESTRICTED&TRUSTED Uid: 1000] ]
12-29 05:52:59.314   734   892 D ConnectivityService: currentScore = 60, newScore = 50
12-29 05:52:59.314   734   892 D ConnectivityService:   checking if request is satisfied: NetworkRequest [ TRACK_DEFAULT id=14, [ Capabilities: INTERNET&NOT_RESTRICTED&TRUSTED Uid: 10111] ]
12-29 05:52:59.314   734   892 D ConnectivityService: currentScore = 60, newScore = 50
12-29 05:52:59.314   734   892 D ConnectivityService:   checking if request is satisfied: NetworkRequest [ TRACK_DEFAULT id=13635, [ Capabilities: INTERNET&NOT_RESTRICTED&TRUSTED Uid: 10139] ]
12-29 05:52:59.314   734   892 D ConnectivityService: currentScore = 60, newScore = 50
12-29 05:52:59.315   734   892 D ConnectivityService:   checking if request is satisfied: NetworkRequest [ TRACK_DEFAULT id=13593, [ Capabilities: INTERNET&NOT_RESTRICTED&TRUSTED Uid: 10089] ]
12-29 05:52:59.315   734   892 D ConnectivityService: currentScore = 60, newScore = 50
12-29 05:53:00.000   734   863 D AlarmManager: waitForAlarm result:8currentTime=1767001980000, elapsedRealtime=1223562203
12-29 05:53:00.000   734   863 V AlarmManager: Received TIME_TICK alarm; rescheduling
12-29 05:53:00.000   734   863 V AlarmManager: set(null) : type=3 listener=com.android.server.AlarmManagerService$2@5750b8b listenerTag=TIME_TICK triggerAtTime=1223622203 win=0 tElapsed=1223622203 maxElapsed=1223622203 interval=0 flags=0x1
12-29 05:53:00.002   734   863 D AlarmManager: sending alarm.type = 3, action = null, cn = null, operation = null
12-29 05:53:00.154   734   892 D ConnectivityService: releasing NetworkRequest [ TRACK_DEFAULT id=13646, [ Capabilities: INTERNET&NOT_RESTRICTED&TRUSTED Uid: 10201] ] (release request)
12-29 05:53:00.155   734   892 D ConnectivityService:  Removing from current network NetworkAgentInfo [WIFI () - 432], leaving 35 requests.
12-29 05:53:17.280   972   972 I PowerUI : [battery]Temperature = 263, health = 2, highTempShutDown = 600, lowTempShutDown = -100, highTempTips = 550, highTempTips = 550, lowTempTips = 0, openTempWarning = true, mPlugType = 2
12-29 05:53:17.280   972   972 D PowerUI : buckets   .....20 .. 15 .. 5
12-29 05:53:17.280   972   972 D PowerUI : level          100 --> 100
12-29 05:53:17.280   972   972 D PowerUI : status         5 --> 5
12-29 05:53:17.280   972   972 D PowerUI : plugType       2 --> 2
12-29 05:53:17.280   972   972 D PowerUI : invalidCharger 0 --> 0
12-29 05:53:17.280   972   972 D PowerUI : bucket         1 --> 1
12-29 05:53:17.280   972   972 D PowerUI : plugged        true --> true
12-29 05:53:17.280   972   972 D PowerUI : health         2 --> 2
12-29 05:53:40.916   734   899 D DeviceStorageMonitorService: updateStateEx oldLevel = 0, newLevel = 0
12-29 05:53:44.613   734   867 D VibratorService: TigoCmasStatus = 0
12-29 05:53:44.818   734   753 I ActivityTaskManager: START u0 {act=android.intent.action.MAIN cat=[android.intent.category.HOME] flg=0x10000100 cmp=com.android.launcher3/.Launcher (has extras)} from uid 0, pid 0
12-29 05:53:44.830   734   753 I ActivityTaskManager: ->startActivity for ActivityRecord{215478 u0 com.android.launcher3/.Launcher t9954} result:START_DELIVERED_TO_TOP
12-29 05:53:44.837   734  1172 D WindowManager: Input focus has changed to Window{359ac40 u0 com.android.launcher3/com.android.launcher3.Launcher}
--------- beginning of main
12-29 05:53:45.358   972  1159 D CellularTile: setListening subid : 1; mDataSetting : com.android.systemui.qs.tiles.CellularTile$1@10b20cd; listening :false nameString = mobile_data1
12-29 05:53:45.364   359   548 I gralloc : gralloc_register_buffer hnd=0xacc3c9c0, share_fd=43, share_attr_fd=-1, magic=51647890, format=1, internal_format=1, byte_stride=1920, flags=4, usage=0xb00, size=69120, width=480, height=36, internalWidth=480, internalHeight=36, stride=480, base=0xad4a3000, writeOwner=0, attr_base=0xffffffff, yuv_info=1, fd=-1, buf_idx=0, offset=0, min_pgsz=4096, phyaddr=0
12-29 05:53:45.364   359   548 I gralloc : gralloc_unregister_buffer hnd=0xacc3cf00, share_fd=40, share_attr_fd=-1, magic=51647890, format=1, internal_format=1, byte_stride=1920, flags=4, usage=0xb00, size=1536000, width=480, height=800, internalWidth=480, internalHeight=800, stride=480, base=0xa9dcf000, writeOwner=0, attr_base=0xffffffff, yuv_info=1, fd=-1, buf_idx=0, offset=0, min_pgsz=4096, phyaddr=0
12-29 05:53:45.364   388  1189 E         : Shared attribute region not available to be mapped
12-29 05:53:45.367   388   388 I gralloc : gralloc_unregister_buffer hnd=0xad175480, share_fd=73, share_attr_fd=-1, magic=51647890, format=1, internal_format=1, byte_stride=1920, flags=4, usage=0xb00, size=1536000, width=480, height=800, internalWidth=480, internalHeight=800, stride=480, base=0xad282000, writeOwner=0, attr_base=0xffffffff, yuv_info=1, fd=-1, buf_idx=0, offset=0, min_pgsz=4096, phyaddr=0
12-29 05:53:45.378   359   548 I gralloc : gralloc_register_buffer hnd=0xacc3cf00, share_fd=40, share_attr_fd=-1, magic=51647890, format=1, internal_format=1, byte_stride=1920, flags=4, usage=0xb00, size=69120, width=480, height=36, internalWidth=480, internalHeight=36, stride=480, base=0xad43c000, writeOwner=0, attr_base=0xffffffff, yuv_info=1, fd=-1, buf_idx=0, offset=0, min_pgsz=4096, phyaddr=0
12-29 05:53:45.378   359   548 I gralloc : gralloc_unregister_buffer hnd=0xacc3cfc0, share_fd=41, share_attr_fd=-1, magic=51647890, format=1, internal_format=1, byte_stride=1920, flags=4, usage=0xb00, size=1536000, width=480, height=800, internalWidth=480, internalHeight=800, stride=480, base=0xa91d2000, writeOwner=0, attr_base=0xffffffff, yuv_info=1, fd=-1, buf_idx=0, offset=0, min_pgsz=4096, phyaddr=0
12-29 05:53:46.556   734   889 I chatty  : uid=1000(system) WifiNetworkMoni expire 10 lines
12-29 05:53:46.568   972   972 E PANCHENG: mWifiVisible true
12-29 05:53:46.568   972   972 D StatusBarSignalPolicy: updateWifiIconWithState state : WifiIconState(resId=17302852, visible=true)
12-29 05:53:46.654   734   867 D VibratorService: TigoCmasStatus = 0
12-29 05:53:46.666   734   867 I chatty  : uid=1000(system) InputReader expire 95 lines
12-29 05:53:46.745   972   972 V StatusBar: mStatusBarWindow: com.android.systemui.statusbar.phone.StatusBarWindowView{84c0cc1 V.E...... ........ 0,0-480,36} canPanelBeCollapsed(): false expandheight: 0.0
12-29 05:53:46.749   734   753 I ActivityTaskManager: START u0 {act=android.intent.action.MAIN cat=[android.intent.category.HOME] flg=0x10000100 cmp=com.android.launcher3/.Launcher (has extras)} from uid 0, pid 0
12-29 05:53:46.751   734   753 I ActivityTaskManager: ->startActivity for ActivityRecord{a2eff89 u0 com.android.launcher3/.Launcher t9954} result:START_DELIVERED_TO_TOP
12-29 05:53:46.751 10515 10515 D UNISOC-LAUNCHER3: LauncherAppMonitor, onReceiveHomeIntent
12-29 05:53:46.850 10515 10515 D UNISOC-LAUNCHER3: MeminfoController, showOrHide show: false
12-29 05:53:46.851 10515 10515 D UNISOC-LAUNCHER3: ASCTouchController, onDragStart,state change with anim: Normal -> AllApps
12-29 05:53:46.891 10515 10515 D UNISOC-LAUNCHER3: MeminfoController, showOrHide show: false
12-29 05:53:46.921 10515 10515 D UNISOC-LAUNCHER3: MeminfoController, showOrHide show: false
12-29 05:53:48.274 17436 17436 I chatty  : uid=0(root) expire 1 line
12-29 05:53:48.571 17437 17437 I chatty  : uid=0(root) expire 1 line
12-29 05:53:49.591   972   972 E PANCHENG: mWifiVisible true
12-29 05:53:49.591   972   972 D StatusBarSignalPolicy: updateWifiIconWithState state : WifiIconState(resId=17302852, visible=true)
12-29 05:53:49.617   972  1260 I gralloc : gralloc_register_buffer hnd=0x824780c0, share_fd=146, share_attr_fd=-1, magic=51647890, format=1, internal_format=1, byte_stride=1920, flags=4, usage=0xb00, size=69120, width=480, height=36, internalWidth=480, internalHeight=36, stride=480, base=0x969a9000, writeOwner=0, attr_base=0xffffffff, yuv_info=1, fd=-1, buf_idx=0, offset=0, min_pgsz=4096, phyaddr=0
12-29 05:53:49.617   972  1260 I gralloc : mali_gralloc_select_format, AFBC is disabled now
12-29 05:53:49.617   972  1260 I gralloc : mali_gralloc_select_format: req_format=0x00000001 req_fmt_mapped=0x0 internal_format=0x1 usage=0xb00
12-29 05:53:49.618   972  1260 E         : Shared attribute region not available to be mapped
12-29 05:53:49.630   359   548 I chatty  : uid=1000(system) HwBinder:359_2 expire 3 lines
12-29 05:53:50.177   972  1159 D NetworkController.MobileSignalController(1): refreshImsIcons phoneId = 0
12-29 05:53:50.178   972   972 D StatusBarMobileView:  mobileCardId gone mSubId = 1
12-29 05:53:50.178   972   972 D StatusBarMobileView:  mMobileVolte gone mSubId = 1
12-29 05:53:50.178   972   972 D StatusBarMobileView:  mobileCardId gone mSubId = 1
12-29 05:53:50.179   972   972 D StatusBarMobileView:  mMobileVolte gone mSubId = 1
12-29 05:53:50.179   972   972 D StatusBarMobileView:  mobileCardId gone mSubId = 1
12-29 05:53:50.180   972   972 D StatusBarMobileView:  mMobileVolte gone mSubId = 1
12-29 05:53:50.181   972   972 E PANCHENG: mWifiVisible true
12-29 05:53:50.181   972   972 D StatusBarSignalPolicy: state.show = falsestate.mMobileVolteId = 0 subId = 1
12-29 05:53:51.197   376   419 I chatty  : uid=0(root) power_hint expire 18 lines
12-29 05:53:54.601 10402 10402 I adbd    : Tianyuan Current sh name:getprop
12-29 05:53:54.634 17438 17438 W getprop : type=1400 audit(0.0:34358): avc: denied { map } for path="/dev/__properties__/u:object_r:ylog_prop:s0" dev="tmpfs" ino=7887 scontext=u:r:shell:s0 tcontext=u:object_r:ylog_prop:s0 tclass=file permissive=0
12-29 05:53:56.247   972  1159 D NetworkController.MobileSignalController(1): refreshImsIcons phoneId = 0
12-29 05:53:56.248   972   972 D StatusBarMobileView:  mobileCardId gone mSubId = 1
12-29 05:53:56.248   972   972 D StatusBarMobileView:  mMobileVolte gone mSubId = 1
12-29 05:53:56.249   972   972 D StatusBarMobileView:  mobileCardId gone mSubId = 1
12-29 05:53:56.249   972   972 D StatusBarMobileView:  mMobileVolte gone mSubId = 1
12-29 05:53:56.250   972   972 D StatusBarMobileView:  mobileCardId gone mSubId = 1
12-29 05:53:56.251   972   972 D StatusBarMobileView:  mMobileVolte gone mSubId = 1
12-29 05:53:56.251   972   972 E PANCHENG: mWifiVisible true
12-29 05:53:56.251   972   972 D StatusBarSignalPolicy: state.show = falsestate.mMobileVolteId = 0 subId = 1
12-29 05:54:00.000   734   863 D AlarmManager: waitForAlarm result:8currentTime=1767002040000, elapsedRealtime=1223622203
12-29 05:54:00.000   734   863 V AlarmManager: Received TIME_TICK alarm; rescheduling
12-29 05:54:00.000   734   863 V AlarmManager: set(null) : type=3 listener=com.android.server.AlarmManagerService$2@5750b8b listenerTag=TIME_TICK triggerAtTime=1223682203 win=0 tElapsed=1223682203 maxElapsed=1223682203 interval=0 flags=0x1
12-29 05:54:00.002   972   972 D KeyguardStatusView: refeshFormat mClockView.getText() = 5:53AM
12-29 05:54:00.003   734   863 D AlarmManager: sending alarm.type = 3, action = null, cn = null, operation = null
12-29 05:54:00.005   972   972 D KeyguardStatusView: refreshTime mClockView.getText() = 5:54AM
12-29 05:54:01.972   482  1083 I chatty  : uid=1000(system) watchdog expire 10 lines
12-29 05:54:02.511   504   546 I chatty  : uid=1000(system) /vendor/bin/connmgr expire 10 lines
12-29 05:54:04.688   972   972 E PANCHENG: mWifiVisible true
12-29 05:54:04.688   972   972 D StatusBarSignalPolicy: updateWifiIconWithState state : WifiIconState(resId=17302852, visible=true)
12-29 05:54:05.321 17440 17440 I chatty  : uid=0(root) expire 1 line
12-29 05:54:07.705   972   972 E PANCHENG: mWifiVisible true
12-29 05:54:07.706   972   972 D StatusBarSignalPolicy: updateWifiIconWithState state : WifiIconState(resId=17302852, visible=true)
12-29 05:54:10.715   734   889 I chatty  : uid=1000(system) WifiNetworkMoni expire 10 lines
12-29 05:54:10.715   734   890 I chatty  : uid=1000(system) WifiRssiLinkSpe expire 10 lines
12-29 05:54:12.347 17441 17441 I chatty  : uid=0(root) expire 1 line
12-29 05:54:12.385 17442 17442 I chatty  : uid=0(root) expire 1 line
12-29 05:54:12.419 17443 17443 I chatty  : uid=0(root) expire 1 line
12-29 05:54:12.447 17444 17444 I chatty  : uid=0(root) expire 1 line
12-29 05:54:12.476 17445 17445 I chatty  : uid=0(root) expire 1 line
12-29 05:54:12.516 17446 17446 I chatty  : uid=0(root) expire 1 line
12-29 05:54:12.552 17447 17447 I chatty  : uid=0(root) expire 1 line
12-29 05:54:17.271   376   376 I chatty  : uid=0(root) power@4.0-servi expire 23 lines
12-29 05:54:17.276   972   972 D BatteryMeterDrawable: onBatteryLevelChanged level=100,pluggedIn=true,charging=true
12-29 05:54:17.278   972   972 D BatteryMeterDrawable: onBatteryLevelChanged level=100,pluggedIn=true,charging=true
12-29 05:54:17.278   972   972 I PowerUI : [battery]Temperature = 263, health = 2, highTempShutDown = 600, lowTempShutDown = -100, highTempTips = 550, highTempTips = 550, lowTempTips = 0, openTempWarning = true, mPlugType = 2
12-29 05:54:17.278   972   972 D PowerUI : buckets   .....20 .. 15 .. 5
12-29 05:54:17.278   972   972 D PowerUI : level          100 --> 100
12-29 05:54:17.278   972   972 D PowerUI : status         5 --> 5
12-29 05:54:17.278   972   972 D PowerUI : plugType       2 --> 2
12-29 05:54:17.278   972   972 D PowerUI : invalidCharger 0 --> 0
12-29 05:54:17.278   972   972 D PowerUI : bucket         1 --> 1
12-29 05:54:17.278   972   972 D PowerUI : plugged        true --> true
12-29 05:54:17.279   972   972 D PowerUI : health         2 --> 2
12-29 05:54:17.279   972   972 D BatteryMeterDrawable: onReceive action=android.intent.action.BATTERY_CHANGED
12-29 05:54:17.279   972   972 D BatteryMeterDrawable: onReceive level=100,plugType=2,status=5
12-29 05:54:17.279   972   972 D BatteryMeterDrawable: BatteryMeterViewAnimationShow level should be =100
12-29 05:54:17.279   972   972 D BatteryMeterDrawable: onReceive action=android.intent.action.BATTERY_CHANGED
12-29 05:54:17.279   972   972 D BatteryMeterDrawable: onReceive level=100,plugType=2,status=5
12-29 05:54:17.279   972   972 D BatteryMeterDrawable: BatteryMeterViewAnimationShow level should be =100
12-29 05:54:17.285   972   972 D BatteryMeterDrawable: onReceive action=android.intent.action.BATTERY_CHANGED
12-29 05:54:17.285   972   972 D BatteryMeterDrawable: onReceive level=100,plugType=2,status=5
12-29 05:54:17.285   972   972 D BatteryMeterDrawable: BatteryMeterViewAnimationShow level should be =100
12-29 05:54:20.928 17448 17448 I chatty  : uid=0(root) expire 1 line
12-29 05:54:21.975   482  1083 I chatty  : uid=1000(system) watchdog expire 10 lines
12-29 05:54:25.824   972   972 E PANCHENG: mWifiVisible true
12-29 05:54:25.824   972   972 D StatusBarSignalPolicy: updateWifiIconWithState state : WifiIconState(resId=17302852, visible=true)
12-29 05:54:28.035   504   546 I chatty  : uid=1000(system) /vendor/bin/connmgr expire 10 lines
12-29 05:54:28.839   972   972 E PANCHENG: mWifiVisible true
12-29 05:54:28.840   972   972 D StatusBarSignalPolicy: updateWifiIconWithState state : WifiIconState(resId=17302852, visible=true)
12-29 05:54:30.643 17051 17051 D WM-DelayedWorkTracker: Scheduling work c13d75e8-cee3-4ded-8074-495fe2b3b542
12-29 05:54:30.644 17051 17051 D WM-GreedyScheduler: Starting tracking for c13d75e8-cee3-4ded-8074-495fe2b3b542
12-29 05:54:30.648 17051 17171 D WM-ConstraintTracker: 1D2: initial state = NetworkState(isConnected=true, isValidated=true, isMetered=false, isNotRoaming=true)
12-29 05:54:30.648 17051 17171 D WM-NetworkStateTracker: Registering network callback
12-29 05:54:30.651   734   750 D ConnectivityService: requestNetwork for uid/pid:10201/17051 NetworkRequest [ TRACK_DEFAULT id=13647, [ Capabilities: INTERNET&NOT_RESTRICTED&TRUSTED Uid: 10201] ]
12-29 05:54:30.652   734   892 D ConnectivityService: rematching NetworkAgentInfo [WIFI () - 432]
12-29 05:54:30.652   734   892 D ConnectivityService:  network has: [ Transports: WIFI Capabilities: NOT_METERED&INTERNET&NOT_RESTRICTED&TRUSTED&NOT_VPN&VALIDATED&NOT_ROAMING&FOREGROUND&NOT_CONGESTED&NOT_SUSPENDED LinkUpBandwidth>=1048576Kbps LinkDnBandwidth>=1048576Kbps Specifier: <WifiNetworkAgentSpecifier [WifiConfiguration=, SSID="cryptonet", BSSID=c4:41:1e:37:37:31, mOriginalRequestorUid=-1, mOriginalRequestorPackageName=]> SignalStrength: -52 SSID: "cryptonet"]
12-29 05:54:30.652   734   892 D ConnectivityService: Network NetworkAgentInfo [WIFI () - 432] was already satisfying request 13628. No change.
12-29 05:54:30.652   734   892 D ConnectivityService: Network NetworkAgentInfo [WIFI () - 432] was already satisfying request 1. No change.
12-29 05:54:30.652   734   892 D ConnectivityService: Network NetworkAgentInfo [WIFI () - 432] was already satisfying request 13643. No change.
12-29 05:54:30.652   734   892 D ConnectivityService: Network NetworkAgentInfo [WIFI () - 432] was already satisfying request 13644. No change.
12-29 05:54:30.652 17051 17170 D WM-GreedyScheduler: Constraints met: Scheduling work ID WorkGenerationalId(workSpecId=c13d75e8-cee3-4ded-8074-495fe2b3b542, generation=0)
12-29 05:54:30.653   734   892 D ConnectivityService:   checking if request is satisfied: NetworkRequest [ BACKGROUND_REQUEST id=2, [ Transports: CELLULAR Capabilities: INTERNET&NOT_RESTRICTED&TRUSTED&NOT_VPN] ]
12-29 05:54:30.653   734   892 D ConnectivityService: Network NetworkAgentInfo [WIFI () - 432] was already satisfying request 13595. No change.
12-29 05:54:30.653   734   892 D ConnectivityService:   checking if request is satisfied: NetworkRequest [ TRACK_DEFAULT id=13647, [ Capabilities: INTERNET&NOT_RESTRICTED&TRUSTED Uid: 10201] ]
12-29 05:54:30.653   734   892 D ConnectivityService: currentScore = 0, newScore = 60
12-29 05:54:30.653   734   892 D ConnectivityService: rematch for NetworkAgentInfo [WIFI () - 432]
12-29 05:54:30.653   734   892 D ConnectivityService:    accepting network in place of null
12-29 05:54:30.653   734   892 D ConnectivityService: sending new Min Network Score(60): NetworkRequest [ TRACK_DEFAULT id=13647, [ Capabilities: INTERNET&NOT_RESTRICTED&TRUSTED Uid: 10201] ]
12-29 05:54:30.654   927   927 D PhoneSwitcherNetworkRequstListener: got request NetworkRequest [ TRACK_DEFAULT id=13647, [ Capabilities: INTERNET&NOT_RESTRICTED&TRUSTED Uid: 10201] ] with score 60 and serial -1
12-29 05:54:30.654   734   892 D ConnectivityService: Network NetworkAgentInfo [WIFI () - 432] was already satisfying request 13583. No change.
12-29 05:54:30.654   734   892 D ConnectivityService: Network NetworkAgentInfo [WIFI () - 432] was already satisfying request 13626. No change.
12-29 05:54:30.655   734   892 D ConnectivityService: Network NetworkAgentInfo [WIFI () - 432] was already satisfying request 13633. No change.
12-29 05:54:30.655   734   892 D ConnectivityService: Network NetworkAgentInfo [WIFI () - 432] was already satisfying request 13631. No change.
12-29 05:54:30.655   734   892 D ConnectivityService: Network NetworkAgentInfo [WIFI () - 432] was already satisfying request 13590. No change.
12-29 05:54:30.655   734   892 D ConnectivityService: Network NetworkAgentInfo [WIFI () - 432] was already satisfying request 7. No change.
12-29 05:54:30.655   734   892 D ConnectivityService: Network NetworkAgentInfo [WIFI () - 432] was already satisfying request 13636. No change.
12-29 05:54:30.656   734   892 D ConnectivityService: Network NetworkAgentInfo [WIFI () - 432] was already satisfying request 13584. No change.
12-29 05:54:30.657   734   892 D ConnectivityService: Network NetworkAgentInfo [WIFI () - 432] was already satisfying request 13632. No change.
12-29 05:54:30.657   734   892 D ConnectivityService: Network NetworkAgentInfo [WIFI () - 432] was already satisfying request 13629. No change.
12-29 05:54:30.657   734   892 D ConnectivityService: Network NetworkAgentInfo [WIFI () - 432] was already satisfying request 11. No change.
12-29 05:54:30.657   734   892 D ConnectivityService: Network NetworkAgentInfo [WIFI () - 432] was already satisfying request 14. No change.
12-29 05:54:30.657   734   892 D ConnectivityService: Network NetworkAgentInfo [WIFI () - 432] was already satisfying request 13635. No change.
12-29 05:54:30.657   734   892 D ConnectivityService: Network NetworkAgentInfo [WIFI () - 432] was already satisfying request 13593. No change.
12-29 05:54:30.658   734   892 D ConnectivityService: sending notification CALLBACK_AVAILABLE for NetworkRequest [ TRACK_DEFAULT id=13647, [ Capabilities: INTERNET&NOT_RESTRICTED&TRUSTED Uid: 10201] ]
12-29 05:54:30.659   734   892 D ConnectivityService: rematching NetworkAgentInfo [MOBILE (LTE) - 431]
12-29 05:54:30.659   734   892 D ConnectivityService:  network has: [ Transports: CELLULAR Capabilities: INTERNET&NOT_RESTRICTED&TRUSTED&NOT_VPN&VALIDATED&NOT_ROAMING&NOT_CONGESTED&NOT_SUSPENDED LinkUpBandwidth>=51200Kbps LinkDnBandwidth>=102400Kbps Specifier: <1>]
12-29 05:54:30.659   734   892 D ConnectivityService:   checking if request is satisfied: NetworkRequest [ TRACK_DEFAULT id=13628, [ Capabilities: INTERNET&NOT_RESTRICTED&TRUSTED Uid: 10133] ]
12-29 05:54:30.659   734   892 D ConnectivityService: currentScore = 60, newScore = 50
12-29 05:54:30.660 17051 17174 D WM-NetworkStateTracker: Network capabilities changed: [ Transports: WIFI Capabilities: NOT_METERED&INTERNET&NOT_RESTRICTED&TRUSTED&NOT_VPN&VALIDATED&NOT_ROAMING&FOREGROUND&NOT_CONGESTED&NOT_SUSPENDED LinkUpBandwidth>=1048576Kbps LinkDnBandwidth>=1048576Kbps SignalStrength: -52]
12-29 05:54:30.660   734   892 D ConnectivityService:   checking if request is satisfied: NetworkRequest [ REQUEST id=1, [ Capabilities: INTERNET&NOT_RESTRICTED&TRUSTED&NOT_VPN] ]
12-29 05:54:30.660   734   892 D ConnectivityService: currentScore = 60, newScore = 50
12-29 05:54:30.660   734   892 D ConnectivityService:   checking if request is satisfied: NetworkRequest [ TRACK_DEFAULT id=13643, [ Capabilities: INTERNET&NOT_RESTRICTED&TRUSTED Uid: 10201] ]
12-29 05:54:30.660   734   892 D ConnectivityService: currentScore = 60, newScore = 50
12-29 05:54:30.661   734   892 D ConnectivityService:   checking if request is satisfied: NetworkRequest [ TRACK_DEFAULT id=13644, [ Capabilities: INTERNET&NOT_RESTRICTED&TRUSTED Uid: 10137] ]
12-29 05:54:30.661   734   892 D ConnectivityService: currentScore = 60, newScore = 50
12-29 05:54:30.661   734   892 D ConnectivityService: Network NetworkAgentInfo [MOBILE (LTE) - 431] was already satisfying request 2. No change.
12-29 05:54:30.661   734   892 D ConnectivityService:   checking if request is satisfied: NetworkRequest [ TRACK_DEFAULT id=13595, [ Capabilities: INTERNET&NOT_RESTRICTED&TRUSTED Uid: 10097] ]
12-29 05:54:30.661   734   892 D ConnectivityService: currentScore = 60, newScore = 50
12-29 05:54:30.661   734   892 D ConnectivityService:   checking if request is satisfied: NetworkRequest [ TRACK_DEFAULT id=13647, [ Capabilities: INTERNET&NOT_RESTRICTED&TRUSTED Uid: 10201] ]
12-29 05:54:30.662   734   892 D ConnectivityService: currentScore = 60, newScore = 50
12-29 05:54:30.662   734   892 D ConnectivityService:   checking if request is satisfied: NetworkRequest [ TRACK_DEFAULT id=13583, [ Capabilities: INTERNET&NOT_RESTRICTED&TRUSTED Uid: 10089] ]
12-29 05:54:30.662   734   892 D ConnectivityService: currentScore = 60, newScore = 50
12-29 05:54:30.662   734   892 D ConnectivityService:   checking if request is satisfied: NetworkRequest [ TRACK_DEFAULT id=13626, [ Capabilities: INTERNET&NOT_RESTRICTED&TRUSTED Uid: 10108] ]
12-29 05:54:30.662   734   892 D ConnectivityService: currentScore = 60, newScore = 50
12-29 05:54:30.662   734   892 D ConnectivityService:   checking if request is satisfied: NetworkRequest [ TRACK_DEFAULT id=13633, [ Capabilities: INTERNET&NOT_RESTRICTED&TRUSTED Uid: 10139] ]
12-29 05:54:30.662   734   892 D ConnectivityService: currentScore = 60, newScore = 50
12-29 05:54:30.662   734   892 D ConnectivityService:   checking if request is satisfied: NetworkRequest [ TRACK_DEFAULT id=13631, [ Capabilities: INTERNET&NOT_RESTRICTED&TRUSTED Uid: 10133] ]
12-29 05:54:30.662   734   892 D ConnectivityService: currentScore = 60, newScore = 50
12-29 05:54:30.662   734   892 D ConnectivityService:   checking if request is satisfied: NetworkRequest [ TRACK_DEFAULT id=13590, [ Capabilities: INTERNET&NOT_RESTRICTED&TRUSTED Uid: 10131] ]
12-29 05:54:30.662   734   892 D ConnectivityService: currentScore = 60, newScore = 50
12-29 05:54:30.662   734   892 D ConnectivityService:   checking if request is satisfied: NetworkRequest [ REQUEST id=7, [ Capabilities: INTERNET&NOT_RESTRICTED&TRUSTED&NOT_VPN] ]
12-29 05:54:30.662   734   892 D ConnectivityService: currentScore = 60, newScore = 50
12-29 05:54:30.662   734   892 D ConnectivityService:   checking if request is satisfied: NetworkRequest [ TRACK_DEFAULT id=13636, [ Capabilities: INTERNET&NOT_RESTRICTED&TRUSTED Uid: 10139] ]
12-29 05:54:30.662   734   892 D ConnectivityService: currentScore = 60, newScore = 50
12-29 05:54:30.662   734   892 D ConnectivityService:   checking if request is satisfied: NetworkRequest [ TRACK_DEFAULT id=13584, [ Capabilities: INTERNET&NOT_RESTRICTED&TRUSTED Uid: 10089] ]
12-29 05:54:30.662 17051 17170 D WM-Processor: 1D6: processing WorkGenerationalId(workSpecId=c13d75e8-cee3-4ded-8074-495fe2b3b542, generation=0)
12-29 05:54:30.662   734   892 D ConnectivityService: currentScore = 60, newScore = 50
12-29 05:54:30.662   734   892 D ConnectivityService:   checking if request is satisfied: NetworkRequest [ TRACK_DEFAULT id=13632, [ Capabilities: INTERNET&NOT_RESTRICTED&TRUSTED Uid: 10139] ]
12-29 05:54:30.662   734   892 D ConnectivityService: currentScore = 60, newScore = 50
12-29 05:54:30.662   734   892 D ConnectivityService:   checking if request is satisfied: NetworkRequest [ TRACK_DEFAULT id=13629, [ Capabilities: INTERNET&NOT_RESTRICTED&TRUSTED Uid: 10133] ]
12-29 05:54:30.662   734   892 D ConnectivityService: currentScore = 60, newScore = 50
12-29 05:54:30.662   734   892 D ConnectivityService:   checking if request is satisfied: NetworkRequest [ TRACK_DEFAULT id=11, [ Capabilities: INTERNET&NOT_RESTRICTED&TRUSTED Uid: 1000] ]
12-29 05:54:30.662   734   892 D ConnectivityService: currentScore = 60, newScore = 50
12-29 05:54:30.662   734   892 D ConnectivityService:   checking if request is satisfied: NetworkRequest [ TRACK_DEFAULT id=14, [ Capabilities: INTERNET&NOT_RESTRICTED&TRUSTED Uid: 10111] ]
12-29 05:54:30.663   734   892 D ConnectivityService: currentScore = 60, newScore = 50
12-29 05:54:30.663   734   892 D ConnectivityService:   checking if request is satisfied: NetworkRequest [ TRACK_DEFAULT id=13635, [ Capabilities: INTERNET&NOT_RESTRICTED&TRUSTED Uid: 10139] ]
12-29 05:54:30.663   734   892 D ConnectivityService: currentScore = 60, newScore = 50
12-29 05:54:30.663   734   892 D ConnectivityService:   checking if request is satisfied: NetworkRequest [ TRACK_DEFAULT id=13593, [ Capabilities: INTERNET&NOT_RESTRICTED&TRUSTED Uid: 10089] ]
12-29 05:54:30.663   734   892 D ConnectivityService: currentScore = 60, newScore = 50
12-29 05:54:30.678 17051 17051 D WM-WorkerWrapper: Starting work for com.whatsapp.stickers.stickerpack.FetchDownloadableStickerPackWorker
12-29 05:54:30.720   734   750 V AlarmManager: set(PendingIntent{fd185a7: PendingIntentRecord{3c0a865 com.whatsapp.w4b broadcastIntent}}) : type=2 listener=null listenerTag=null triggerAtTime=1223952920 win=0 tElapsed=1223952920 maxElapsed=1223952920 interval=0 flags=0x5
12-29 05:54:30.727   734   750 I chatty  : uid=1000(system) Binder:734_1 expire 16 lines
12-29 05:54:30.729   347 17450 I chatty  : uid=0(root) Binder:347_3 expire 1 line
12-29 05:54:30.965 17051 17172 I WM-WorkerWrapper: Worker result SUCCESS for Work [ id=c13d75e8-cee3-4ded-8074-495fe2b3b542, tags={ com.whatsapp.stickers.stickerpack.FetchDownloadableStickerPackWorker } ]
12-29 05:54:30.977 17051 17051 D WM-Processor: 1D6 c13d75e8-cee3-4ded-8074-495fe2b3b542 executed; reschedule = false
12-29 05:54:30.978 17051 17051 D WM-GreedyScheduler: Stopping tracking for WorkGenerationalId(workSpecId=c13d75e8-cee3-4ded-8074-495fe2b3b542, generation=0)
12-29 05:54:30.991   734   750 V AlarmManager: set(null) : type=2 listener=android.app.AlarmManager$ListenerWrapper@c71b960 listenerTag=*job.delay* triggerAtTime=1224269557 win=462272 tElapsed=1224269557 maxElapsed=1224731829 interval=0 flags=0x0
12-29 05:54:31.001 17051 17170 D WM-GreedyScheduler: Cancelling work ID c13d75e8-cee3-4ded-8074-495fe2b3b542
12-29 05:54:31.013 17051 17170 D WM-NetworkStateTracker: Unregistering network callback
12-29 05:54:31.013   734   892 D ConnectivityService: releasing NetworkRequest [ TRACK_DEFAULT id=13647, [ Capabilities: INTERNET&NOT_RESTRICTED&TRUSTED Uid: 10201] ] (release request)
12-29 05:54:31.014   734   892 D ConnectivityService:  Removing from current network NetworkAgentInfo [WIFI () - 432], leaving 35 requests.
12-29 05:54:31.070   348   348 I chatty  : uid=0(root) main expire 3 lines
12-29 05:54:31.089   734   763 I ActivityManager: Start proc 17451:com.google.android.apps.messaging/u0a126 for service {com.google.android.apps.messaging/com.google.android.apps.messaging.shared.datamodel.action.execution.ActionJobService}
12-29 05:54:31.332 17451 17451 I chatty  : uid=10126(com.google.android.apps.messaging) expire 18 lines
12-29 05:54:31.407   385   385 I lowmemorykiller: Kill 'com.google.android.youtube' (16809), uid 10139, oom_adj 995 to free 27488kB; reason: device is in direct reclaim and thrashing (32%)
12-29 05:54:31.407   385   385 D lowmemorykiller: handle notify_lmfs_process_killed done for 16809
12-29 05:54:31.409   734   925 D LmKillerTracker: doLmkForceStop pid=16809
12-29 05:54:31.409   734   925 I LmKillerTracker: Skipped process pkgName:com.google.android.youtube, pid:16809, is system app !
12-29 05:54:31.495   734  5553 D ConnectivityService: ConnectivityService NetworkRequestInfo binderDied(NetworkRequest [ TRACK_DEFAULT id=13633, [ Capabilities: INTERNET&NOT_RESTRICTED&TRUSTED Uid: 10139] ], android.os.BinderProxy@b3567c0)
12-29 05:54:31.495   734   750 D ConnectivityService: ConnectivityService NetworkRequestInfo binderDied(NetworkRequest [ TRACK_DEFAULT id=13636, [ Capabilities: INTERNET&NOT_RESTRICTED&TRUSTED Uid: 10139] ], android.os.BinderProxy@9d9dcf9)
12-29 05:54:31.495   734  1172 D ConnectivityService: ConnectivityService NetworkRequestInfo binderDied(NetworkRequest [ LISTEN id=13634, [ Capabilities: INTERNET&NOT_RESTRICTED&TRUSTED&FOREGROUND Uid: 10139] ], android.os.BinderProxy@4ad243e)
12-29 05:54:31.495   734   750 D ConnectivityService: ConnectivityService NetworkRequestInfo binderDied(NetworkRequest [ TRACK_DEFAULT id=13635, [ Capabilities: INTERNET&NOT_RESTRICTED&TRUSTED Uid: 10139] ], android.os.BinderProxy@4b7829f)
12-29 05:54:31.496   734  6943 D ConnectivityService: ConnectivityService NetworkRequestInfo binderDied(NetworkRequest [ TRACK_DEFAULT id=13632, [ Capabilities: INTERNET&NOT_RESTRICTED&TRUSTED Uid: 10139] ], android.os.BinderProxy@1e93fec)
12-29 05:54:31.496   734  6942 I ActivityManager: Process com.google.android.youtube (pid 16809) has died: cch+45 CEM 
12-29 05:54:31.496   734  6942 V ActivityManager: Clean up application record for ProcessRecord{6e176e 16809:com.google.android.youtube/u0a139} restarting=false allowRestart=true index=-1 replacingPid=false
12-29 05:54:31.497   734   892 D ConnectivityService: releasing NetworkRequest [ TRACK_DEFAULT id=13636, [ Capabilities: INTERNET&NOT_RESTRICTED&TRUSTED Uid: 10139] ] (release request)
12-29 05:54:31.497   734   892 D ConnectivityService:  Removing from current network NetworkAgentInfo [WIFI () - 432], leaving 34 requests.
12-29 05:54:31.499   734   892 D ConnectivityService: releasing NetworkRequest [ TRACK_DEFAULT id=13633, [ Capabilities: INTERNET&NOT_RESTRICTED&TRUSTED Uid: 10139] ] (release request)
12-29 05:54:31.500   734   892 D ConnectivityService:  Removing from current network NetworkAgentInfo [WIFI () - 432], leaving 33 requests.
12-29 05:54:31.510   734   892 D ConnectivityService: releasing NetworkRequest [ LISTEN id=13634, [ Capabilities: INTERNET&NOT_RESTRICTED&TRUSTED&FOREGROUND Uid: 10139] ] (release request)
12-29 05:54:31.511   734   892 D ConnectivityService: releasing NetworkRequest [ TRACK_DEFAULT id=13635, [ Capabilities: INTERNET&NOT_RESTRICTED&TRUSTED Uid: 10139] ] (release request)
12-29 05:54:31.515   734   892 D ConnectivityService:  Removing from current network NetworkAgentInfo [WIFI () - 432], leaving 31 requests.
12-29 05:54:31.527   734   892 D ConnectivityService: releasing NetworkRequest [ TRACK_DEFAULT id=13632, [ Capabilities: INTERNET&NOT_RESTRICTED&TRUSTED Uid: 10139] ] (release request)
12-29 05:54:31.533   734   892 D ConnectivityService:  Removing from current network NetworkAgentInfo [WIFI () - 432], leaving 30 requests.
12-29 05:54:31.550 10871 10871 I AppBase : AppBase.onTrimMemory():285 onTrimMemory(): 15
12-29 05:54:31.553 16260 16260 I chatty  : uid=10108(com.android.vending) expire 2 lines
12-29 05:54:31.560 10871 10871 I KeyboardDefCache: MemoryFileCache$1.onTrimMemory():124 clearMemory() for trim memory: 15
12-29 05:54:31.560 10871 10871 I KeyboardDefCache: MemoryFileCache.clearMemory():408 evictAll()
12-29 05:54:31.565 10871 10871 I GoogleInputMethodService: GoogleInputMethodService.onTrimMemory():2802 onTrimMemory(): 15
12-29 05:54:32.973 17451 17486 I chatty  : uid=10126(com.google.android.apps.messaging) expire 18 lines
12-29 05:54:33.092 17451 17483 I chatty  : uid=10126(com.google.android.apps.messaging) expire 43 lines
12-29 05:54:33.108 17451 17475 I chatty  : uid=10126(com.google.android.apps.messaging) expire 12 lines
12-29 05:54:33.173 17451 17484 I chatty  : uid=10126(com.google.android.apps.messaging) expire 20 lines
12-29 05:54:33.180 17451 17482 I chatty  : uid=10126(com.google.android.apps.messaging) expire 10 lines
12-29 05:54:33.198 17451 17479 I chatty  : uid=10126(com.google.android.apps.messaging) expire 17 lines
12-29 05:54:33.238 17489 17489 I chatty  : uid=0(root) expire 1 line
12-29 05:54:33.255 10508 10531 I FontLog : (REDACTED) Received query %s, URI %s
12-29 05:54:33.259 10508 10531 I FontLog : (REDACTED) Query [%s] resolved to %s
12-29 05:54:33.263 10508 10755 I FontLog : (REDACTED) Received query %s, URI %s
12-29 05:54:33.263 10508 10755 I FontLog : (REDACTED) Query [%s] resolved to %s
12-29 05:54:33.299 10508 10531 I FontLog : (REDACTED) Fetch %s end status %s
12-29 05:54:33.305 10508 10755 I FontLog : (REDACTED) Fetch %s end status %s
12-29 05:54:33.305   734   750 W ActivityManager: Background start not allowed: service Intent { cmp=com.google.android.apps.messaging/.shared.datamodel.action.execution.ActionExecutorImpl$EmptyService } to com.google.android.apps.messaging/.shared.datamodel.action.execution.ActionExecutorImpl$EmptyService from pid=17451 uid=10126 pkg=com.google.android.apps.messaging startFg?=false
12-29 05:54:33.310 10508 10531 I FontLog : (REDACTED) Pulling font file for id = %d, cache size = %d
12-29 05:54:33.321 10508 10755 I FontLog : (REDACTED) Pulling font file for id = %d, cache size = %d
12-29 05:54:33.326 17451 17485 I chatty  : uid=10126(com.google.android.apps.messaging) expire 10 lines
12-29 05:54:33.407 10508 10755 I FontLog : (REDACTED) Pulling font file for id = %d, cache size = %d
12-29 05:54:33.413 10508 10755 I FontLog : (REDACTED) Pulling font file for id = %d, cache size = %d
12-29 05:54:33.483 10508 10508 D BoundBrokerSvc: onRebind: Intent { act=com.google.android.gms.time.trustedtime.service.START dat=chimera-action: cmp=com.google.android.gms/.chimera.PersistentApiService }
12-29 05:54:33.500 17451 17493 I chatty  : uid=10126(com.google.android.apps.messaging) expire 18 lines
12-29 05:54:33.526 17451 17494 I chatty  : uid=10126(com.google.android.apps.messaging) expire 10 lines
12-29 05:54:33.593 10508 10508 D BoundBrokerSvc: onBind: Intent { act=com.google.android.gms.time.trustedtime.singleuserapi.service.START dat=chimera-action: cmp=com.google.android.gms/.chimera.PersistentSingleUserInternalApiService }
12-29 05:54:33.593 10508 10508 D BoundBrokerSvc: Loading bound service for intent: Intent { act=com.google.android.gms.time.trustedtime.singleuserapi.service.START dat=chimera-action: cmp=com.google.android.gms/.chimera.PersistentSingleUserInternalApiService }
12-29 05:54:33.649 10508 10508 D BoundBrokerSvc: onRebind: Intent { act=com.google.android.gms.common.telemetry.service.START dat=chimera-action: cmp=com.google.android.gms/.chimera.PersistentApiService }
12-29 05:54:33.771 17451 17500 I chatty  : uid=10126(com.google.android.apps.messaging) expire 10 lines
12-29 05:54:33.774 17451 17495 I chatty  : uid=10126(com.google.android.apps.messaging) expire 12 lines
12-29 05:54:33.775 17451 17501 I chatty  : uid=10126(com.google.android.apps.messaging) expire 5 lines
12-29 05:54:33.776 17451 17499 I chatty  : uid=10126(com.google.android.apps.messaging) expire 20 lines
12-29 05:54:33.810   734   750 V AlarmManager: set(null) : type=2 listener=android.app.AlarmManager$ListenerWrapper@22656a7 listenerTag=*job.deadline* triggerAtTime=1224679810 win=767847 tElapsed=1224679810 maxElapsed=1225447657 interval=0 flags=0x0
12-29 05:54:33.817   734   750 V AlarmManager: set(null) : type=2 listener=android.app.AlarmManager$ListenerWrapper@22656a7 listenerTag=*job.deadline* triggerAtTime=1223657999 win=0 tElapsed=1223661020 maxElapsed=1223661020 interval=0 flags=0x0
12-29 05:54:33.826   734   750 V AlarmManager: set(null) : type=2 listener=android.app.AlarmManager$ListenerWrapper@c71b960 listenerTag=*job.delay* triggerAtTime=1223656999 win=0 tElapsed=1223661029 maxElapsed=1223661029 interval=0 flags=0x0
12-29 05:54:34.092   734   750 W ActivityManager: Background start not allowed: service Intent { cmp=com.google.android.apps.messaging/com.google.apps.tiktok.concurrent.AndroidFuturesService (has extras) } to com.google.android.apps.messaging/com.google.apps.tiktok.concurrent.AndroidFuturesService from pid=17451 uid=10126 pkg=com.google.android.apps.messaging startFg?=false
12-29 05:54:34.095 17451 17477 I chatty  : uid=10126(com.google.android.apps.messaging) expire 6 lines
12-29 05:54:34.869   734   889 I chatty  : uid=1000(system) WifiNetworkMoni expire 11 lines
12-29 05:54:34.869   734   890 I chatty  : uid=1000(system) WifiRssiLinkSpe expire 11 lines
12-29 05:54:34.882   972   972 E PANCHENG: mWifiVisible true
12-29 05:54:34.883   972   972 D StatusBarSignalPolicy: updateWifiIconWithState state : WifiIconState(resId=17302852, visible=true)
12-29 05:54:34.945   734   734 V AlarmManager: set(null) : type=2 listener=android.app.AlarmManager$ListenerWrapper@c71b960 listenerTag=*job.delay* triggerAtTime=1224269557 win=459306 tElapsed=1224269557 maxElapsed=1224728863 interval=0 flags=0x0
12-29 05:54:34.968   734   750 W ActivityManager: Background start not allowed: service Intent { cmp=com.google.android.apps.messaging/.shared.datamodel.action.execution.ActionExecutorImpl$EmptyService } to com.google.android.apps.messaging/.shared.datamodel.action.execution.ActionExecutorImpl$EmptyService from pid=17451 uid=10126 pkg=com.google.android.apps.messaging startFg?=false
12-29 05:54:34.980   734   750 V AlarmManager: set(null) : type=2 listener=android.app.AlarmManager$ListenerWrapper@22656a7 listenerTag=*job.deadline* triggerAtTime=1224679810 win=766970 tElapsed=1224679810 maxElapsed=1225446780 interval=0 flags=0x0
12-29 05:54:34.986   734   750 V AlarmManager: set(null) : type=2 listener=android.app.AlarmManager$ListenerWrapper@22656a7 listenerTag=*job.deadline* triggerAtTime=1223667178 win=0 tElapsed=1223667178 maxElapsed=1223667178 interval=0 flags=0x0
12-29 05:54:34.995   734   750 V AlarmManager: set(null) : type=2 listener=android.app.AlarmManager$ListenerWrapper@c71b960 listenerTag=*job.delay* triggerAtTime=1223662178 win=0 tElapsed=1223662198 maxElapsed=1223662198 interval=0 flags=0x0
12-29 05:54:35.813 17051 17064 W om.whatsapp.w4: Suspending all threads took: 8.718ms
12-29 05:54:38.710 10508 10508 D BoundBrokerSvc: onUnbind: Intent { act=com.google.android.gms.common.telemetry.service.START dat=chimera-action: cmp=com.google.android.gms/.chimera.PersistentApiService }
12-29 05:54:39.531 17504 17504 I chatty  : uid=0(root) expire 1 line
12-29 05:54:39.644 17451 17467 I chatty  : uid=10126(com.google.android.apps.messaging) expire 1 line
12-29 05:54:39.995   734   863 D AlarmManager: waitForAlarm result:4currentTime=1767002079995, elapsedRealtime=1223662198
12-29 05:54:39.997   734   863 D AlarmManager: sending alarm.type = 2, action = null, cn = null, operation = null
12-29 05:54:39.997   734   863 I chatty  : uid=1000(system) AlarmManager expire 11 lines
12-29 05:54:39.999   734   734 V AlarmManager: set(null) : type=2 listener=android.app.AlarmManager$ListenerWrapper@269b374 listenerTag=*job.delay* triggerAtTime=1224269557 win=455516 tElapsed=1224269557 maxElapsed=1224725073 interval=0 flags=0x0
12-29 05:54:40.018   734  5625 W ActivityManager: Background start not allowed: service Intent { cmp=com.google.android.apps.messaging/.shared.datamodel.action.execution.ActionExecutorImpl$EmptyService } to com.google.android.apps.messaging/.shared.datamodel.action.execution.ActionExecutorImpl$EmptyService from pid=17451 uid=10126 pkg=com.google.android.apps.messaging startFg?=false
12-29 05:54:40.034   734  6942 V AlarmManager: set(null) : type=2 listener=android.app.AlarmManager$ListenerWrapper@22656a7 listenerTag=*job.deadline* triggerAtTime=1224679810 win=763179 tElapsed=1224679810 maxElapsed=1225442989 interval=0 flags=0x0
12-29 05:54:40.040   734  6942 I chatty  : uid=1000(system) Binder:734_1D expire 10 lines
12-29 05:54:40.042   734  6942 V AlarmManager: set(null) : type=2 listener=android.app.AlarmManager$ListenerWrapper@22656a7 listenerTag=*job.deadline* triggerAtTime=1223682228 win=14987 tElapsed=1223682228 maxElapsed=1223697215 interval=0 flags=0x0
12-29 05:54:40.058   734  6942 V AlarmManager: set(null) : type=2 listener=android.app.AlarmManager$ListenerWrapper@269b374 listenerTag=*job.delay* triggerAtTime=1223672228 win=0 tElapsed=1223672228 maxElapsed=1223672228 interval=0 flags=0x0
12-29 05:54:40.920   972   972 E PANCHENG: mWifiVisible true
